Archive member included to satisfy reference by file (symbol)

.\CortexM3\ARM_GCC_541\Debug\CupSensor_IF.a(CyDmac.o)
                              .\CortexM3\ARM_GCC_541\Debug\Cm3Start.o (CyDmacConfigure)
.\CortexM3\ARM_GCC_541\Debug\CupSensor_IF.a(CyLib.o)
                              .\CortexM3\ARM_GCC_541\Debug\Cm3Start.o (CyHalt)
.\CortexM3\ARM_GCC_541\Debug\CupSensor_IF.a(cyPm.o)
                              .\CortexM3\ARM_GCC_541\Debug\CupSensor_IF.a(CyLib.o) (CyPmReadStatus)
.\CortexM3\ARM_GCC_541\Debug\CupSensor_IF.a(UART.o)
                              .\CortexM3\ARM_GCC_541\Debug\main.o (UART_Start)
.\CortexM3\ARM_GCC_541\Debug\CupSensor_IF.a(UART_IntClock.o)
                              .\CortexM3\ARM_GCC_541\Debug\CupSensor_IF.a(UART.o) (UART_IntClock_Start)
.\CortexM3\ARM_GCC_541\Debug\CupSensor_IF.a(CupSensor_CupSensor.o)
                              .\CortexM3\ARM_GCC_541\Debug\CupSensor_IF.o (CupSensor_Start)
.\CortexM3\ARM_GCC_541\Debug\CupSensor_IF.a(CupSensor_CupSensorUnit.o)
                              .\CortexM3\ARM_GCC_541\Debug\CupSensor_IF.a(CupSensor_CupSensor.o) (CupSensorUnit_init)
.\CortexM3\ARM_GCC_541\Debug\CupSensor_IF.a(CupSensor_DMA_ADC_dma.o)
                              .\CortexM3\ARM_GCC_541\Debug\CupSensor_IF.a(CupSensor_CupSensor.o) (CupSensor_DMA_ADC_DmaInitialize)
.\CortexM3\ARM_GCC_541\Debug\CupSensor_IF.a(CupSensor_TIA.o)
                              .\CortexM3\ARM_GCC_541\Debug\CupSensor_IF.a(CupSensor_CupSensor.o) (CupSensor_TIA_Start)
.\CortexM3\ARM_GCC_541\Debug\CupSensor_IF.a(CupSensor_Control_Reg_Led.o)
                              .\CortexM3\ARM_GCC_541\Debug\CupSensor_IF.a(CupSensor_CupSensor.o) (CupSensor_Control_Reg_Led_Write)
.\CortexM3\ARM_GCC_541\Debug\CupSensor_IF.a(CupSensor_VDAC8.o)
                              .\CortexM3\ARM_GCC_541\Debug\CupSensor_IF.a(CupSensor_CupSensor.o) (CupSensor_VDAC8_SetValue)
.\CortexM3\ARM_GCC_541\Debug\CupSensor_IF.a(CupSensor_ADC_DelSig.o)
                              .\CortexM3\ARM_GCC_541\Debug\CupSensor_IF.a(CupSensor_CupSensor.o) (CupSensor_ADC_DelSig_Start)
.\CortexM3\ARM_GCC_541\Debug\CupSensor_IF.a(CupSensor_ADC_DelSig_INT.o)
                              .\CortexM3\ARM_GCC_541\Debug\CupSensor_IF.a(CupSensor_ADC_DelSig.o) (CupSensor_ADC_DelSig_ISR1)
.\CortexM3\ARM_GCC_541\Debug\CupSensor_IF.a(CupSensor_ADC_DelSig_Ext_CP_Clk.o)
                              .\CortexM3\ARM_GCC_541\Debug\CupSensor_IF.a(CupSensor_ADC_DelSig.o) (CupSensor_ADC_DelSig_Ext_CP_Clk_SetModeRegister)
.\CortexM3\ARM_GCC_541\Debug\CupSensor_IF.a(CupSensor_ADC_DelSig_theACLK.o)
                              .\CortexM3\ARM_GCC_541\Debug\CupSensor_IF.a(CupSensor_ADC_DelSig.o) (CupSensor_ADC_DelSig_theACLK_SetModeRegister)
.\CortexM3\ARM_GCC_541\Debug\CupSensor_IF.a(CupSensor_isr_DMA.o)
                              .\CortexM3\ARM_GCC_541\Debug\CupSensor_IF.a(CupSensor_CupSensor.o) (CupSensor_isr_DMA_StartEx)
.\CortexM3\ARM_GCC_541\Debug\CupSensor_IF.a(CyBootAsmGnu.o)
                              .\CortexM3\ARM_GCC_541\Debug\cyfitter_cfg.o (CyDelayCycles)
.\CortexM3\ARM_GCC_541\Debug\CupSensor_IF.a(CyFlash.o)
                              .\CortexM3\ARM_GCC_541\Debug\CupSensor_IF.a(cyPm.o) (CyFlash_SetWaitCycles)
.\CortexM3\ARM_GCC_541\Debug\CupSensor_IF.a(CySpc.o)
                              .\CortexM3\ARM_GCC_541\Debug\CupSensor_IF.a(CyFlash.o) (CySpcStart)
.\CortexM3\ARM_GCC_541\Debug\CupSensor_IF.a(Test_time_pin.o)
                              .\CortexM3\ARM_GCC_541\Debug\CupSensor_IF.a(CupSensor_CupSensor.o) (Test_time_pin_Write)
.\CortexM3\ARM_GCC_541\Debug\CupSensor_IF.a(CupSensor_CircularBuffer.o)
                              .\CortexM3\ARM_GCC_541\Debug\CupSensor_IF.a(CupSensor_CupSensorUnit.o) (CircularBuffer_calculateMinMax)
c:/program files (x86)/cypress/psoc creator/4.2/psoc creator/import/gnu/arm/5.4.1/bin/../lib/gcc/arm-none-eabi/5.4.1/armv7-m\libgcc.a(_arm_addsubdf3.o)
                              .\CortexM3\ARM_GCC_541\Debug\CupSensor_IF.a(CupSensor_ADC_DelSig.o) (__aeabi_f2d)
c:/program files (x86)/cypress/psoc creator/4.2/psoc creator/import/gnu/arm/5.4.1/bin/../lib/gcc/arm-none-eabi/5.4.1/armv7-m\libgcc.a(_arm_cmpdf2.o)
                              .\CortexM3\ARM_GCC_541\Debug\CupSensor_IF.a(CupSensor_ADC_DelSig.o) (__aeabi_dcmpgt)
c:/program files (x86)/cypress/psoc creator/4.2/psoc creator/import/gnu/arm/5.4.1/bin/../lib/gcc/arm-none-eabi/5.4.1/armv7-m\libgcc.a(_arm_addsubsf3.o)
                              .\CortexM3\ARM_GCC_541\Debug\CupSensor_IF.a(CupSensor_CupSensorUnit.o) (__aeabi_fsub)
c:/program files (x86)/cypress/psoc creator/4.2/psoc creator/import/gnu/arm/5.4.1/bin/../lib/gcc/arm-none-eabi/5.4.1/armv7-m\libgcc.a(_arm_muldivsf3.o)
                              .\CortexM3\ARM_GCC_541\Debug\CupSensor_IF.a(CupSensor_CupSensorUnit.o) (__aeabi_fmul)
c:/program files (x86)/cypress/psoc creator/4.2/psoc creator/import/gnu/arm/5.4.1/bin/../lib/gcc/arm-none-eabi/5.4.1/armv7-m\libgcc.a(_arm_cmpsf2.o)
[...]
Memory Configuration

Name             Origin             Length             Attributes
rom              0x00000000         0x00040000         xr
ram              0x1fff8000         0x00010000         xrw
*default*        0x00000000         0xffffffff

Linker script and memory map

LOAD c:/program files (x86)/cypress/psoc creator/4.2/psoc creator/import/gnu/arm/5.4.1/bin/../lib/gcc/arm-none-eabi/5.4.1/armv7-m/crti.o
LOAD c:/program files (x86)/cypress/psoc creator/4.2/psoc creator/import/gnu/arm/5.4.1/bin/../lib/gcc/arm-none-eabi/5.4.1/armv7-m/crtbegin.o
LOAD c:/program files (x86)/cypress/psoc creator/4.2/psoc creator/import/gnu/arm/5.4.1/bin/../lib/gcc/arm-none-eabi/5.4.1/../../../../arm-none-eabi/lib/armv7-m/crt0.o
START GROUP
LOAD .\CortexM3\ARM_GCC_541\Debug\main.o
LOAD .\CortexM3\ARM_GCC_541\Debug\CupSensor_IF.o
LOAD .\CortexM3\ARM_GCC_541\Debug\cyfitter_cfg.o
LOAD .\CortexM3\ARM_GCC_541\Debug\cymetadata.o
LOAD .\CortexM3\ARM_GCC_541\Debug\Cm3Start.o
LOAD .\CortexM3\ARM_GCC_541\Debug\CupSensor_IF.a
LOAD C:\Program Files (x86)\Cypress\PSoC Creator\4.2\PSoC Creator\psoc\content\cycomponentlibrary\CyComponentLibrary.cylib\CortexM3\ARM_GCC_541\Debug\CyComponentLibrary.a
END GROUP
START GROUP
LOAD c:/program files (x86)/cypress/psoc creator/4.2/psoc creator/import/gnu/arm/5.4.1/bin/../lib/gcc/arm-none-eabi/5.4.1/armv7-m\libgcc.a
LOAD c:/program files (x86)/cypress/psoc creator/4.2/psoc creator/import/gnu/arm/5.4.1/bin/../lib/gcc/arm-none-eabi/5.4.1/../../../../arm-none-eabi/lib/armv7-m\libg_nano.a
LOAD c:/program files (x86)/cypress/psoc creator/4.2/psoc creator/import/gnu/arm/5.4.1/bin/../lib/gcc/arm-none-eabi/5.4.1/../../../../arm-none-eabi/lib/armv7-m\libc_nano.a
END GROUP
START GROUP
LOAD c:/program files (x86)/cypress/psoc creator/4.2/psoc creator/import/gnu/arm/5.4.1/bin/../lib/gcc/arm-none-eabi/5.4.1/armv7-m\libgcc.a
LOAD c:/program files (x86)/cypress/psoc creator/4.2/psoc creator/import/gnu/arm/5.4.1/bin/../lib/gcc/arm-none-eabi/5.4.1/../../../../arm-none-eabi/lib/armv7-m\libc_nano.a
END GROUP
LOAD c:/program files (x86)/cypress/psoc creator/4.2/psoc creator/import/gnu/arm/5.4.1/bin/../lib/gcc/arm-none-eabi/5.4.1/armv7-m/crtend.o
LOAD c:/program files (x86)/cypress/psoc creator/4.2/psoc creator/import/gnu/arm/5.4.1/bin/../lib/gcc/arm-none-eabi/5.4.1/armv7-m/crtn.o
START GROUP
LOAD c:/program files (x86)/cypress/psoc creator/4.2/psoc creator/import/gnu/arm/5.4.1/bin/../lib/gcc/arm-none-eabi/5.4.1/armv7-m\libgcc.a
LOAD c:/program files (x86)/cypress/psoc creator/4.2/psoc creator/import/gnu/arm/5.4.1/bin/../lib/gcc/arm-none-eabi/5.4.1/../../../../arm-none-eabi/lib/armv7-m\libc.a
LOAD c:/program files (x86)/cypress/psoc creator/4.2/psoc creator/import/gnu/arm/5.4.1/bin/../lib/gcc/arm-none-eabi/5.4.1/../../../../arm-none-eabi/lib/armv7-m\libnosys.a
END GROUP
                0x00000000                CY_APPL_ORIGIN = 0x0
                0x00000100                CY_FLASH_ROW_SIZE = 0x100
                0x00000020                CY_ECC_ROW_SIZE = 0x20
                0x00000000                CY_EE_IN_BTLDR = 0x0
                0x00000000                CY_APPL_LOADABLE = 0x0
                0x00000800                CY_EE_SIZE = 0x800
                0x00000001                CY_APPL_NUM = 0x1
                0x00000001                CY_APPL_MAX = 0x1
                0x00000040                CY_METADATA_SIZE = 0x40
                0x00000000                CY_APPL_LOADABLE = 0x0
                0x00000000                CY_CHECKSUM_EXCLUDE_SIZE = ALIGN (0x0, CY_FLASH_ROW_SIZE)
                [!provide]                PROVIDE (__cy_heap_start, _end)
                0x00000001                PROVIDE (__cy_region_num, ((__cy_regions_end - __cy_regions) / 0x10))
                0x20008000                PROVIDE (__cy_stack, (ORIGIN (ram) + LENGTH (ram)))
                [!provide]                PROVIDE (__cy_heap_end, (__cy_stack - 0x800))

.cybootloader   0x00000000        0x0
 *(.cybootloader)
                0x00000000                appl1_start = CY_APPL_ORIGIN?CY_APPL_ORIGIN:ALIGN (CY_FLASH_ROW_SIZE)
                0x0001ff00                appl2_start = (appl1_start + ALIGN ((((LENGTH (rom) - appl1_start) - (0x2 * CY_FLASH_ROW_SIZE)) / 0x2), CY_FLASH_ROW_SIZE))
                0x00000000                appl_start = (CY_APPL_NUM == 0x1)?appl1_start:appl2_start
                0x00000000                ecc_offset = ((appl_start / CY_FLASH_ROW_SIZE) * CY_ECC_ROW_SIZE)
                0x00000000                ee_offset = (CY_APPL_LOADABLE && ! (CY_EE_IN_BTLDR))?((CY_EE_SIZE / CY_APPL_MAX) * (CY_APPL_NUM - 0x1)):0x0
                0x00000800                ee_size = (CY_APPL_LOADABLE && ! (CY_EE_IN_BTLDR))?(CY_EE_SIZE / CY_APPL_MAX):CY_EE_SIZE
                [!provide]                PROVIDE (CY_ECC_OFFSET, ecc_offset)

.text           0x00000000     0x2518
 CREATE_OBJECT_SYMBOLS
                0x00000000                PROVIDE (__cy_interrupt_vector, RomVectors)
 *(.romvectors)
 .romvectors    0x00000000       0x10 .\CortexM3\ARM_GCC_541\Debug\Cm3Start.o
                0x00000000                RomVectors
                0x00000001                ASSERT ((. != __cy_interrupt_vector), No interrupt vector)
                0x00000001                ASSERT (CY_APPL_ORIGIN?(SIZEOF (.cybootloader) <= CY_APPL_ORIGIN):0x1, Wrong image location)
                0x00000010                PROVIDE (__cy_reset, Reset)
 *(.text.Reset)
 .text.Reset    0x00000010       0x18 .\CortexM3\ARM_GCC_541\Debug\Cm3Start.o
                0x00000010                Reset
                0x00000001                ASSERT ((. != __cy_reset), No reset code)
 *(.dma_init)
                0x00000001                ASSERT ((((appl_start + .) <= 0x10000) || 0x1), DMA Init must be within the first 64k of flash)
 *(.text .text.* .gnu.linkonce.t.*)
 .text          0x00000028       0x5c c:/program files (x86)/cypress/psoc creator/4.2/psoc creator/import/gnu/arm/5.4.1/bin/../lib/gcc/arm-none-eabi/5.4.1/armv7-m/crtbegin.o
 .text.updateHitStatus
                0x00000084       0x5c .\CortexM3\ARM_GCC_541\Debug\main.o
                0x00000084                updateHitStatus
 .text.updateCupStatus
                0x000000e0       0x74 .\CortexM3\ARM_GCC_541\Debug\main.o
                0x000000e0                updateCupStatus
 .text.main     0x00000154       0x18 .\CortexM3\ARM_GCC_541\Debug\main.o
                0x00000154                main
 .text.CupSensor_IF_init
                0x0000016c       0x1c .\CortexM3\ARM_GCC_541\Debug\CupSensor_IF.o
                0x0000016c                CupSensor_IF_init
 .text.CyClockStartupError
                0x00000188        0x4 .\CortexM3\ARM_GCC_541\Debug\cyfitter_cfg.o
 .text.cfg_write_bytes32
                0x0000018c       0x34 .\CortexM3\ARM_GCC_541\Debug\cyfitter_cfg.o
 .text.AnalogSetDefault
                0x000001c0       0x80 .\CortexM3\ARM_GCC_541\Debug\cyfitter_cfg.o
 .text.CYMEMZERO
                0x00000240        0xc .\CortexM3\ARM_GCC_541\Debug\cyfitter_cfg.o
 .text.CYCONFIGCPY
                0x0000024c        0x8 .\CortexM3\ARM_GCC_541\Debug\cyfitter_cfg.o
 .text.ClockSetup
                0x00000254      0x100 .\CortexM3\ARM_GCC_541\Debug\cyfitter_cfg.o
 .text.cyfitter_cfg
                0x00000354      0x14c .\CortexM3\ARM_GCC_541\Debug\cyfitter_cfg.o
                0x00000354                cyfitter_cfg
 .text.IntDefaultHandler
                0x000004a0       0x10 .\CortexM3\ARM_GCC_541\Debug\Cm3Start.o
                0x000004a0                IntDefaultHandler
 .text._sbrk    0x000004b0       0x30 .\CortexM3\ARM_GCC_541\Debug\Cm3Start.o
                0x000004b0                _sbrk
 .text.Start_c  0x000004e0       0x4c .\CortexM3\ARM_GCC_541\Debug\Cm3Start.o
                0x000004e0                Start_c
 .text.initialize_psoc
                0x0000052c       0x6c .\CortexM3\ARM_GCC_541\Debug\Cm3Start.o
                0x0000052c                initialize_psoc
 .text.CyDmacConfigure
                0x00000598       0x34 .\CortexM3\ARM_GCC_541\Debug\CupSensor_IF.a(CyDmac.o)
                0x00000598                CyDmacConfigure
 .text.CyDmaChEnable
                0x000005cc       0x38 .\CortexM3\ARM_GCC_541\Debug\CupSensor_IF.a(CyDmac.o)
                0x000005cc                CyDmaChEnable
 .text.CyDmaChPriority
                0x00000604       0x24 .\CortexM3\ARM_GCC_541\Debug\CupSensor_IF.a(CyDmac.o)
                0x00000604                CyDmaChPriority
 .text.CyDmaChSetExtendedAddress
                0x00000628       0x34 .\CortexM3\ARM_GCC_541\Debug\CupSensor_IF.a(CyDmac.o)
                0x00000628                CyDmaChSetExtendedAddress
 .text.CyDmaChSetInitialTd
                0x0000065c       0x18 .\CortexM3\ARM_GCC_541\Debug\CupSensor_IF.a(CyDmac.o)
                0x0000065c                CyDmaChSetInitialTd
 .text.CyDmaChSetConfiguration
                0x00000674       0x44 .\CortexM3\ARM_GCC_541\Debug\CupSensor_IF.a(CyDmac.o)
                0x00000674                CyDmaChSetConfiguration
 .text.CyDmaTdAllocate
                0x000006b8       0x34 .\CortexM3\ARM_GCC_541\Debug\CupSensor_IF.a(CyDmac.o)
                0x000006b8                CyDmaTdAllocate
 .text.CyDmaTdSetConfiguration
                0x000006ec       0x28 .\CortexM3\ARM_GCC_541\Debug\CupSensor_IF.a(CyDmac.o)
                0x000006ec                CyDmaTdSetConfiguration
 .text.CyDmaTdSetAddress
                0x00000714       0x1c .\CortexM3\ARM_GCC_541\Debug\CupSensor_IF.a(CyDmac.o)
                0x00000714                CyDmaTdSetAddress
 .text.CyHalt   0x00000730        0x4 .\CortexM3\ARM_GCC_541\Debug\CupSensor_IF.a(CyLib.o)
                0x00000730                CyHalt
 .text.CyDelayUs
                0x00000734       0x14 .\CortexM3\ARM_GCC_541\Debug\CupSensor_IF.a(CyLib.o)
                0x00000734                CyDelayUs
 .text.CyIntSetVector
                0x00000748       0x28 .\CortexM3\ARM_GCC_541\Debug\CupSensor_IF.a(CyLib.o)
                0x00000748                CyIntSetVector
 .text.CyIntSetPriority
                0x00000770       0x30 .\CortexM3\ARM_GCC_541\Debug\CupSensor_IF.a(CyLib.o)
                0x00000770                CyIntSetPriority
 .text.UART_Init
                0x000007a0       0x24 .\CortexM3\ARM_GCC_541\Debug\CupSensor_IF.a(UART.o)
                0x000007a0                UART_Init
 .text.UART_Enable
                0x000007c4       0x38 .\CortexM3\ARM_GCC_541\Debug\CupSensor_IF.a(UART.o)
                0x000007c4                UART_Enable
 .text.UART_Start
                0x000007fc       0x1c .\CortexM3\ARM_GCC_541\Debug\CupSensor_IF.a(UART.o)
                0x000007fc                UART_Start
 .text.UART_PutChar
                0x00000818       0x18 .\CortexM3\ARM_GCC_541\Debug\CupSensor_IF.a(UART.o)
                0x00000818                UART_PutChar
 .text.UART_PutString
                0x00000830       0x24 .\CortexM3\ARM_GCC_541\Debug\CupSensor_IF.a(UART.o)
                0x00000830                UART_PutString
 .text.UART_IntClock_Start
                0x00000854       0x1c .\CortexM3\ARM_GCC_541\Debug\CupSensor_IF.a(UART_IntClock.o)
                0x00000854                UART_IntClock_Start
 .text.newValueInterruptHandler
                0x00000870       0xf0 .\CortexM3\ARM_GCC_541\Debug\CupSensor_IF.a(CupSensor_CupSensor.o)
                0x00000870                newValueInterruptHandler
 .text.DMA_ADC_Config
                0x00000960       0xe8 .\CortexM3\ARM_GCC_541\Debug\CupSensor_IF.a(CupSensor_CupSensor.o)
                0x00000960                DMA_ADC_Config
 .text.CupSensor_Start
                0x00000a48       0x4c .\CortexM3\ARM_GCC_541\Debug\CupSensor_IF.a(CupSensor_CupSensor.o)
                0x00000a48                CupSensor_Start
 .text.CupSensor_statusCallback
                0x00000a94        0xc .\CortexM3\ARM_GCC_541\Debug\CupSensor_IF.a(CupSensor_CupSensor.o)
                0x00000a94                CupSensor_statusCallback
 .text.CupSensor_hitStatusCallback
                0x00000aa0        0xc .\CortexM3\ARM_GCC_541\Debug\CupSensor_IF.a(CupSensor_CupSensor.o)
                0x00000aa0                CupSensor_hitStatusCallback
 .text.CupSensorUnit_init
                0x00000aac       0x28 .\CortexM3\ARM_GCC_541\Debug\CupSensor_IF.a(CupSensor_CupSensorUnit.o)
                0x00000aac                CupSensorUnit_init
 .text.CupSensorUnit_calculateBaselines
                0x00000ad4       0x70 .\CortexM3\ARM_GCC_541\Debug\CupSensor_IF.a(CupSensor_CupSensorUnit.o)
                0x00000ad4                CupSensorUnit_calculateBaselines
 .text.CupSensorUnit_updateState
                0x00000b44      0x100 .\CortexM3\ARM_GCC_541\Debug\CupSensor_IF.a(CupSensor_CupSensorUnit.o)
                0x00000b44                CupSensorUnit_updateState
 .text.CupSensorUnit_insertReading
                0x00000c44       0x28 .\CortexM3\ARM_GCC_541\Debug\CupSensor_IF.a(CupSensor_CupSensorUnit.o)
                0x00000c44                CupSensorUnit_insertReading
 .text.CupSensor_DMA_ADC_DmaInitialize
                0x00000c6c       0x3c .\CortexM3\ARM_GCC_541\Debug\CupSensor_IF.a(CupSensor_DMA_ADC_dma.o)
                0x00000c6c                CupSensor_DMA_ADC_DmaInitialize
 .text.CupSensor_TIA_Enable
                0x00000ca8       0x28 .\CortexM3\ARM_GCC_541\Debug\CupSensor_IF.a(CupSensor_TIA.o)
                0x00000ca8                CupSensor_TIA_Enable
 .text.CupSensor_TIA_SetPower
                0x00000cd0       0x18 .\CortexM3\ARM_GCC_541\Debug\CupSensor_IF.a(CupSensor_TIA.o)
                0x00000cd0                CupSensor_TIA_SetPower
 .text.CupSensor_TIA_SetResFB
                0x00000ce8       0x20 .\CortexM3\ARM_GCC_541\Debug\CupSensor_IF.a(CupSensor_TIA.o)
                0x00000ce8                CupSensor_TIA_SetResFB
 .text.CupSensor_TIA_SetCapFB
                0x00000d08       0x20 .\CortexM3\ARM_GCC_541\Debug\CupSensor_IF.a(CupSensor_TIA.o)
                0x00000d08                CupSensor_TIA_SetCapFB
 .text.CupSensor_TIA_Init
                0x00000d28       0x2c .\CortexM3\ARM_GCC_541\Debug\CupSensor_IF.a(CupSensor_TIA.o)
                0x00000d28                CupSensor_TIA_Init
 .text.CupSensor_TIA_Start
                0x00000d54       0x1c .\CortexM3\ARM_GCC_541\Debug\CupSensor_IF.a(CupSensor_TIA.o)
                0x00000d54                CupSensor_TIA_Start
 .text.CupSensor_Control_Reg_Led_Write
                0x00000d70        0xc .\CortexM3\ARM_GCC_541\Debug\CupSensor_IF.a(CupSensor_Control_Reg_Led.o)
                0x00000d70                CupSensor_Control_Reg_Led_Write
 .text.CupSensor_Control_Reg_Led_Read
                0x00000d7c        0xc .\CortexM3\ARM_GCC_541\Debug\CupSensor_IF.a(CupSensor_Control_Reg_Led.o)
                0x00000d7c                CupSensor_Control_Reg_Led_Read
 .text.CupSensor_VDAC8_Enable
                0x00000d88       0x1c .\CortexM3\ARM_GCC_541\Debug\CupSensor_IF.a(CupSensor_VDAC8.o)
                0x00000d88                CupSensor_VDAC8_Enable
 .text.CupSensor_VDAC8_SetSpeed
                0x00000da4       0x1c .\CortexM3\ARM_GCC_541\Debug\CupSensor_IF.a(CupSensor_VDAC8.o)
                0x00000da4                CupSensor_VDAC8_SetSpeed
 .text.CupSensor_VDAC8_SetValue
                0x00000dc0        0xc .\CortexM3\ARM_GCC_541\Debug\CupSensor_IF.a(CupSensor_VDAC8.o)
                0x00000dc0                CupSensor_VDAC8_SetValue
 .text.CupSensor_VDAC8_DacTrim
                0x00000dcc       0x24 .\CortexM3\ARM_GCC_541\Debug\CupSensor_IF.a(CupSensor_VDAC8.o)
                0x00000dcc                CupSensor_VDAC8_DacTrim
 .text.CupSensor_VDAC8_SetRange
                0x00000df0       0x20 .\CortexM3\ARM_GCC_541\Debug\CupSensor_IF.a(CupSensor_VDAC8.o)
                0x00000df0                CupSensor_VDAC8_SetRange
 .text.CupSensor_VDAC8_Init
                0x00000e10       0x20 .\CortexM3\ARM_GCC_541\Debug\CupSensor_IF.a(CupSensor_VDAC8.o)
                0x00000e10                CupSensor_VDAC8_Init
 .text.CupSensor_VDAC8_Start
                0x00000e30       0x24 .\CortexM3\ARM_GCC_541\Debug\CupSensor_IF.a(CupSensor_VDAC8.o)
                0x00000e30                CupSensor_VDAC8_Start
 .text.CupSensor_ADC_DelSig_GainCompensation
                0x00000e54       0xdc .\CortexM3\ARM_GCC_541\Debug\CupSensor_IF.a(CupSensor_ADC_DelSig.o)
 .text.CupSensor_ADC_DelSig_SetDSMRef0Reg
                0x00000f30       0x4c .\CortexM3\ARM_GCC_541\Debug\CupSensor_IF.a(CupSensor_ADC_DelSig.o)
 .text.CupSensor_ADC_DelSig_InitConfig
                0x00000f7c       0xe0 .\CortexM3\ARM_GCC_541\Debug\CupSensor_IF.a(CupSensor_ADC_DelSig.o)
 .text.CupSensor_ADC_DelSig_Init
                0x0000105c       0xd4 .\CortexM3\ARM_GCC_541\Debug\CupSensor_IF.a(CupSensor_ADC_DelSig.o)
                0x0000105c                CupSensor_ADC_DelSig_Init
 .text.CupSensor_ADC_DelSig_Enable
                0x00001130       0xd8 .\CortexM3\ARM_GCC_541\Debug\CupSensor_IF.a(CupSensor_ADC_DelSig.o)
                0x00001130                CupSensor_ADC_DelSig_Enable
 .text.CupSensor_ADC_DelSig_Start
                0x00001208       0x28 .\CortexM3\ARM_GCC_541\Debug\CupSensor_IF.a(CupSensor_ADC_DelSig.o)
                0x00001208                CupSensor_ADC_DelSig_Start
 .text.CupSensor_ADC_DelSig_SetCoherency
                0x00001230       0x18 .\CortexM3\ARM_GCC_541\Debug\CupSensor_IF.a(CupSensor_ADC_DelSig.o)
                0x00001230                CupSensor_ADC_DelSig_SetCoherency
 .text.CupSensor_ADC_DelSig_StartConvert
                0x00001248       0x10 .\CortexM3\ARM_GCC_541\Debug\CupSensor_IF.a(CupSensor_ADC_DelSig.o)
                0x00001248                CupSensor_ADC_DelSig_StartConvert
 .text.CupSensor_ADC_DelSig_ISR1
                0x00001258        0x4 .\CortexM3\ARM_GCC_541\Debug\CupSensor_IF.a(CupSensor_ADC_DelSig_INT.o)
                0x00001258                CupSensor_ADC_DelSig_ISR1
 .text.CupSensor_ADC_DelSig_Ext_CP_Clk_GetDividerRegister
                0x0000125c        0xc .\CortexM3\ARM_GCC_541\Debug\CupSensor_IF.a(CupSensor_ADC_DelSig_Ext_CP_Clk.o)
                0x0000125c                CupSensor_ADC_DelSig_Ext_CP_Clk_GetDividerRegister
 .text.CupSensor_ADC_DelSig_Ext_CP_Clk_SetModeRegister
                0x00001268       0x14 .\CortexM3\ARM_GCC_541\Debug\CupSensor_IF.a(CupSensor_ADC_DelSig_Ext_CP_Clk.o)
                0x00001268                CupSensor_ADC_DelSig_Ext_CP_Clk_SetModeRegister
 .text.CupSensor_ADC_DelSig_Ext_CP_Clk_GetSourceRegister
                0x0000127c       0x10 .\CortexM3\ARM_GCC_541\Debug\CupSensor_IF.a(CupSensor_ADC_DelSig_Ext_CP_Clk.o)
                0x0000127c                CupSensor_ADC_DelSig_Ext_CP_Clk_GetSourceRegister
 .text.CupSensor_ADC_DelSig_Ext_CP_Clk_SetDividerRegister
                0x0000128c       0xd8 .\CortexM3\ARM_GCC_541\Debug\CupSensor_IF.a(CupSensor_ADC_DelSig_Ext_CP_Clk.o)
                0x0000128c                CupSensor_ADC_DelSig_Ext_CP_Clk_SetDividerRegister
 .text.CupSensor_ADC_DelSig_theACLK_GetDividerRegister
                0x00001364        0xc .\CortexM3\ARM_GCC_541\Debug\CupSensor_IF.a(CupSensor_ADC_DelSig_theACLK.o)
                0x00001364                CupSensor_ADC_DelSig_theACLK_GetDividerRegister
 .text.CupSensor_ADC_DelSig_theACLK_SetModeRegister
                0x00001370       0x14 .\CortexM3\ARM_GCC_541\Debug\CupSensor_IF.a(CupSensor_ADC_DelSig_theACLK.o)
                0x00001370                CupSensor_ADC_DelSig_theACLK_SetModeRegister
 .text.CupSensor_ADC_DelSig_theACLK_GetSourceRegister
                0x00001384       0x10 .\CortexM3\ARM_GCC_541\Debug\CupSensor_IF.a(CupSensor_ADC_DelSig_theACLK.o)
                0x00001384                CupSensor_ADC_DelSig_theACLK_GetSourceRegister
 .text.CupSensor_ADC_DelSig_theACLK_SetDividerRegister
                0x00001394       0xd8 .\CortexM3\ARM_GCC_541\Debug\CupSensor_IF.a(CupSensor_ADC_DelSig_theACLK.o)
                0x00001394                CupSensor_ADC_DelSig_theACLK_SetDividerRegister
 .text.CupSensor_isr_DMA_SetVector
                0x0000146c        0xc .\CortexM3\ARM_GCC_541\Debug\CupSensor_IF.a(CupSensor_isr_DMA.o)
                0x0000146c                CupSensor_isr_DMA_SetVector
 .text.CupSensor_isr_DMA_SetPriority
                0x00001478       0x10 .\CortexM3\ARM_GCC_541\Debug\CupSensor_IF.a(CupSensor_isr_DMA.o)
                0x00001478                CupSensor_isr_DMA_SetPriority
 .text.CupSensor_isr_DMA_Enable
                0x00001488        0xc .\CortexM3\ARM_GCC_541\Debug\CupSensor_IF.a(CupSensor_isr_DMA.o)
                0x00001488                CupSensor_isr_DMA_Enable
 .text.CupSensor_isr_DMA_Disable
                0x00001494        0xc .\CortexM3\ARM_GCC_541\Debug\CupSensor_IF.a(CupSensor_isr_DMA.o)
                0x00001494                CupSensor_isr_DMA_Disable
 .text.CupSensor_isr_DMA_StartEx
                0x000014a0       0x1c .\CortexM3\ARM_GCC_541\Debug\CupSensor_IF.a(CupSensor_isr_DMA.o)
                0x000014a0                CupSensor_isr_DMA_StartEx
 *fill*         0x000014bc        0x4 
 .text          0x000014c0       0x20 .\CortexM3\ARM_GCC_541\Debug\CupSensor_IF.a(CyBootAsmGnu.o)
                0x000014c0                CyDelayCycles
                0x000014d0                CyEnterCriticalSection
                0x000014d8                CyExitCriticalSection
 .text.Test_time_pin_Write
                0x000014e0       0x18 .\CortexM3\ARM_GCC_541\Debug\CupSensor_IF.a(Test_time_pin.o)
                0x000014e0                Test_time_pin_Write
 .text.CircularBuffer_calculateMinMax
                0x000014f8       0x48 .\CortexM3\ARM_GCC_541\Debug\CupSensor_IF.a(CupSensor_CircularBuffer.o)
                0x000014f8                CircularBuffer_calculateMinMax
 .text.CircularBuffer_insertReading
                0x00001540       0x94 .\CortexM3\ARM_GCC_541\Debug\CupSensor_IF.a(CupSensor_CircularBuffer.o)
                0x00001540                CircularBuffer_insertReading
 .text.CircularBuffer_getLastReading
                0x000015d4       0x2c .\CortexM3\ARM_GCC_541\Debug\CupSensor_IF.a(CupSensor_CircularBuffer.o)
                0x000015d4                CircularBuffer_getLastReading
 .text.CircularBuffer_resetBuffer
                0x00001600       0x28 .\CortexM3\ARM_GCC_541\Debug\CupSensor_IF.a(CupSensor_CircularBuffer.o)
                0x00001600                CircularBuffer_resetBuffer
 .text.CircularBuffer_init
                0x00001628       0x18 .\CortexM3\ARM_GCC_541\Debug\CupSensor_IF.a(CupSensor_CircularBuffer.o)
                0x00001628                CircularBuffer_init
 .text          0x00001640      0x21c c:/program files (x86)/cypress/psoc creator/4.2/psoc creator/import/gnu/arm/5.4.1/bin/../lib/gcc/arm-none-eabi/5.4.1/armv7-m\libgcc.a(_arm_addsubsf3.o)
                0x00001640                __aeabi_frsub
                0x00001648                __subsf3
                0x00001648                __aeabi_fsub
                0x0000164c                __aeabi_fadd
                0x0000164c                __addsf3
                0x000017ac                __aeabi_ui2f
                0x000017ac                __floatunsisf
                0x000017b4                __aeabi_i2f
                0x000017b4                __floatsisf
                0x000017d0                __aeabi_ul2f
                0x000017d0                __floatundisf
                0x000017e0                __aeabi_l2f
                0x000017e0                __floatdisf
 .text          0x0000185c      0x2a0 c:/program files (x86)/cypress/psoc creator/4.2/psoc creator/import/gnu/arm/5.4.1/bin/../lib/gcc/arm-none-eabi/5.4.1/armv7-m\libgcc.a(_arm_muldivsf3.o)
                0x0000185c                __mulsf3
                0x0000185c                __aeabi_fmul
                0x000019c4                __aeabi_fdiv
                0x000019c4                __divsf3
 .text          0x00001afc       0xec c:/program files (x86)/cypress/psoc creator/4.2/psoc creator/import/gnu/arm/5.4.1/bin/../lib/gcc/arm-none-eabi/5.4.1/armv7-m\libgcc.a(_arm_cmpsf2.o)
                0x00001afc                __gesf2
                0x00001afc                __gtsf2
                0x00001b04                __lesf2
                0x00001b04                __ltsf2
                0x00001b0c                __nesf2
                0x00001b0c                __eqsf2
                0x00001b0c                __cmpsf2
                0x00001b6c                __aeabi_cfrcmple
                0x00001b74                __aeabi_cfcmpeq
                0x00001b74                __aeabi_cfcmple
                0x00001b84                __aeabi_fcmpeq
                0x00001b98                __aeabi_fcmplt
                0x00001bac                __aeabi_fcmple
                0x00001bc0                __aeabi_fcmpge
                0x00001bd4                __aeabi_fcmpgt
 .text          0x00001be8       0x4c c:/program files (x86)/cypress/psoc creator/4.2/psoc creator/import/gnu/arm/5.4.1/bin/../lib/gcc/arm-none-eabi/5.4.1/armv7-m\libgcc.a(_arm_fixsfsi.o)
                0x00001be8                __aeabi_f2iz
                0x00001be8                __fixsfsi
 .text.__errno  0x00001c34        0xc c:/program files (x86)/cypress/psoc creator/4.2/psoc creator/import/gnu/arm/5.4.1/bin/../lib/gcc/arm-none-eabi/5.4.1/../../../../arm-none-eabi/lib/armv7-m\libg_nano.a(lib_a-errno.o)
                0x00001c34                __errno
 .text.__libc_init_array
                0x00001c40       0x4c c:/program files (x86)/cypress/psoc creator/4.2/psoc creator/import/gnu/arm/5.4.1/bin/../lib/gcc/arm-none-eabi/5.4.1/../../../../arm-none-eabi/lib/armv7-m\libg_nano.a(lib_a-init.o)
                0x00001c40                __libc_init_array
 .text.memcpy   0x00001c8c       0x16 c:/program files (x86)/cypress/psoc creator/4.2/psoc creator/import/gnu/arm/5.4.1/bin/../lib/gcc/arm-none-eabi/5.4.1/../../../../arm-none-eabi/lib/armv7-m\libg_nano.a(lib_a-memcpy-stub.o)
                0x00001c8c                memcpy
 .text.memset   0x00001ca2       0x10 c:/program files (x86)/cypress/psoc creator/4.2/psoc creator/import/gnu/arm/5.4.1/bin/../lib/gcc/arm-none-eabi/5.4.1/../../../../arm-none-eabi/lib/armv7-m\libg_nano.a(lib_a-memset.o)
                0x00001ca2                memset
 *fill*         0x00001cb2        0x2 
 .text.snprintf
                0x00001cb4       0x64 c:/program files (x86)/cypress/psoc creator/4.2/psoc creator/import/gnu/arm/5.4.1/bin/../lib/gcc/arm-none-eabi/5.4.1/../../../../arm-none-eabi/lib/armv7-m\libg_nano.a(lib_a-snprintf.o)
                0x00001cb4                sniprintf
                0x00001cb4                snprintf
 .text.__ssputs_r
                0x00001d18       0xb2 c:/program files (x86)/cypress/psoc creator/4.2/psoc creator/import/gnu/arm/5.4.1/bin/../lib/gcc/arm-none-eabi/5.4.1/../../../../arm-none-eabi/lib/armv7-m\libg_nano.a(lib_a-nano-svfprintf.o)
                0x00001d18                __ssputs_r
 *fill*         0x00001dca        0x2 
 .text._svfprintf_r
                0x00001dcc      0x1e8 c:/program files (x86)/cypress/psoc creator/4.2/psoc creator/import/gnu/arm/5.4.1/bin/../lib/gcc/arm-none-eabi/5.4.1/../../../../arm-none-eabi/lib/armv7-m\libg_nano.a(lib_a-nano-svfprintf.o)
                0x00001dcc                _svfiprintf_r
                0x00001dcc                _svfprintf_r
 .text._printf_common
                0x00001fb4       0xec c:/program files (x86)/cypress/psoc creator/4.2/psoc creator/import/gnu/arm/5.4.1/bin/../lib/gcc/arm-none-eabi/5.4.1/../../../../arm-none-eabi/lib/armv7-m\libg_nano.a(lib_a-nano-vfprintf_i.o)
                0x00001fb4                _printf_common
 .text._printf_i
                0x000020a0      0x24c c:/program files (x86)/cypress/psoc creator/4.2/psoc creator/import/gnu/arm/5.4.1/bin/../lib/gcc/arm-none-eabi/5.4.1/../../../../arm-none-eabi/lib/armv7-m\libg_nano.a(lib_a-nano-vfprintf_i.o)
                0x000020a0                _printf_i
 .text.memchr   0x000022ec       0x1c c:/program files (x86)/cypress/psoc creator/4.2/psoc creator/import/gnu/arm/5.4.1/bin/../lib/gcc/arm-none-eabi/5.4.1/../../../../arm-none-eabi/lib/armv7-m\libg_nano.a(lib_a-memchr-stub.o)
                0x000022ec                memchr
 .text.memmove  0x00002308       0x36 c:/program files (x86)/cypress/psoc creator/4.2/psoc creator/import/gnu/arm/5.4.1/bin/../lib/gcc/arm-none-eabi/5.4.1/../../../../arm-none-eabi/lib/armv7-m\libg_nano.a(lib_a-memmove.o)
                0x00002308                memmove
 *fill*         0x0000233e        0x2 
 .text._free_r  0x00002340       0x98 c:/program files (x86)/cypress/psoc creator/4.2/psoc creator/import/gnu/arm/5.4.1/bin/../lib/gcc/arm-none-eabi/5.4.1/../../../../arm-none-eabi/lib/armv7-m\libg_nano.a(lib_a-nano-freer.o)
                0x00002340                _free_r
 .text._malloc_r
                0x000023d8       0xbc c:/program files (x86)/cypress/psoc creator/4.2/psoc creator/import/gnu/arm/5.4.1/bin/../lib/gcc/arm-none-eabi/5.4.1/../../../../arm-none-eabi/lib/armv7-m\libg_nano.a(lib_a-nano-mallocr.o)
                0x000023d8                _malloc_r
 .text._realloc_r
                0x00002494       0x4c c:/program files (x86)/cypress/psoc creator/4.2/psoc creator/import/gnu/arm/5.4.1/bin/../lib/gcc/arm-none-eabi/5.4.1/../../../../arm-none-eabi/lib/armv7-m\libg_nano.a(lib_a-nano-reallocr.o)
                0x00002494                _realloc_r
 .text._sbrk_r  0x000024e0       0x20 c:/program files (x86)/cypress/psoc creator/4.2/psoc creator/import/gnu/arm/5.4.1/bin/../lib/gcc/arm-none-eabi/5.4.1/../../../../arm-none-eabi/lib/armv7-m\libg_nano.a(lib_a-sbrkr.o)
                0x000024e0                _sbrk_r
 .text.__malloc_lock
                0x00002500        0x2 c:/program files (x86)/cypress/psoc creator/4.2/psoc creator/import/gnu/arm/5.4.1/bin/../lib/gcc/arm-none-eabi/5.4.1/../../../../arm-none-eabi/lib/armv7-m\libg_nano.a(lib_a-mlock.o)
                0x00002500                __malloc_lock
 .text.__malloc_unlock
                0x00002502        0x2 c:/program files (x86)/cypress/psoc creator/4.2/psoc creator/import/gnu/arm/5.4.1/bin/../lib/gcc/arm-none-eabi/5.4.1/../../../../arm-none-eabi/lib/armv7-m\libg_nano.a(lib_a-mlock.o)
                0x00002502                __malloc_unlock
 .text._malloc_usable_size_r
                0x00002504       0x14 c:/program files (x86)/cypress/psoc creator/4.2/psoc creator/import/gnu/arm/5.4.1/bin/../lib/gcc/arm-none-eabi/5.4.1/../../../../arm-none-eabi/lib/armv7-m\libg_nano.a(lib_a-nano-msizer.o)
                0x00002504                _malloc_usable_size_r
 *(.plt)
 *(.gnu.warning)
 *(.glue_7t)
 .glue_7t       0x00002518        0x0 linker stubs
 *(.glue_7)
 .glue_7        0x00002518        0x0 linker stubs
 *(.vfp11_veneer)
 .vfp11_veneer  0x00002518        0x0 linker stubs
 *(.bootloader)
 *(.ARM.extab* .gnu.linkonce.armextab.*)
 *(.gcc_except_table)

.v4_bx          0x00002518        0x0
 .v4_bx         0x00002518        0x0 linker stubs

.iplt           0x00002518        0x0
 .iplt          0x00002518        0x0 c:/program files (x86)/cypress/psoc creator/4.2/psoc creator/import/gnu/arm/5.4.1/bin/../lib/gcc/arm-none-eabi/5.4.1/armv7-m/crtbegin.o

.eh_frame_hdr
 *(.eh_frame_hdr)

.eh_frame       0x00002518        0x4
 *(.eh_frame)
 .eh_frame      0x00002518        0x0 c:/program files (x86)/cypress/psoc creator/4.2/psoc creator/import/gnu/arm/5.4.1/bin/../lib/gcc/arm-none-eabi/5.4.1/armv7-m/crtbegin.o
 .eh_frame      0x00002518        0x4 c:/program files (x86)/cypress/psoc creator/4.2/psoc creator/import/gnu/arm/5.4.1/bin/../lib/gcc/arm-none-eabi/5.4.1/armv7-m/crtend.o
                [!provide]                PROVIDE (__exidx_start, .)

.ARM.exidx
 *(.ARM.exidx* .gnu.linkonce.armexidx.*)
                0x0000251c                __exidx_end = .

.rodata         0x0000251c       0xfc
 *(.rodata .rodata.* .gnu.linkonce.r.*)
 .rodata.str1.4
                0x0000251c       0x58 .\CortexM3\ARM_GCC_541\Debug\main.o
 .rodata        0x00002574       0x36 .\CortexM3\ARM_GCC_541\Debug\cyfitter_cfg.o
 .rodata.str1.1
                0x000025aa        0x2 c:/program files (x86)/cypress/psoc creator/4.2/psoc creator/import/gnu/arm/5.4.1/bin/../lib/gcc/arm-none-eabi/5.4.1/../../../../arm-none-eabi/lib/armv7-m\libg_nano.a(lib_a-impure.o)
 .rodata.str1.1
                0x000025ac       0x11 c:/program files (x86)/cypress/psoc creator/4.2/psoc creator/import/gnu/arm/5.4.1/bin/../lib/gcc/arm-none-eabi/5.4.1/../../../../arm-none-eabi/lib/armv7-m\libg_nano.a(lib_a-nano-svfprintf.o)
 .rodata.str1.1
                0x000025bd       0x22 c:/program files (x86)/cypress/psoc creator/4.2/psoc creator/import/gnu/arm/5.4.1/bin/../lib/gcc/arm-none-eabi/5.4.1/../../../../arm-none-eabi/lib/armv7-m\libg_nano.a(lib_a-nano-vfprintf_i.o)
                0x000025e0                . = ALIGN (0x4)
 *fill*         0x000025df        0x1 
 *(.init)
 .init          0x000025e0        0x4 c:/program files (x86)/cypress/psoc creator/4.2/psoc creator/import/gnu/arm/5.4.1/bin/../lib/gcc/arm-none-eabi/5.4.1/armv7-m/crti.o
                0x000025e0                _init
 .init          0x000025e4        0x8 c:/program files (x86)/cypress/psoc creator/4.2/psoc creator/import/gnu/arm/5.4.1/bin/../lib/gcc/arm-none-eabi/5.4.1/armv7-m/crtn.o
                0x000025ec                . = ALIGN (0x4)
                0x000025ec                __preinit_array_start = .
 *(.preinit_array)
                0x000025ec                __preinit_array_end = .
                0x000025ec                . = ALIGN (0x4)
                0x000025ec                __init_array_start = .
 *(SORT(.init_array.*))
 *(.init_array)
 .init_array    0x000025ec        0x4 c:/program files (x86)/cypress/psoc creator/4.2/psoc creator/import/gnu/arm/5.4.1/bin/../lib/gcc/arm-none-eabi/5.4.1/armv7-m/crtbegin.o
 .init_array    0x000025f0        0x4 .\CortexM3\ARM_GCC_541\Debug\Cm3Start.o
                0x000025f4                __init_array_end = .
                0x000025f4                . = ALIGN (0x4)
 *(.fini)
 .fini          0x000025f4        0x4 c:/program files (x86)/cypress/psoc creator/4.2/psoc creator/import/gnu/arm/5.4.1/bin/../lib/gcc/arm-none-eabi/5.4.1/armv7-m/crti.o
                0x000025f4                _fini
 .fini          0x000025f8        0x8 c:/program files (x86)/cypress/psoc creator/4.2/psoc creator/import/gnu/arm/5.4.1/bin/../lib/gcc/arm-none-eabi/5.4.1/armv7-m/crtn.o
                0x00002600                . = ALIGN (0x4)
                0x00002600                __fini_array_start = .
 *(.fini_array)
 .fini_array    0x00002600        0x4 c:/program files (x86)/cypress/psoc creator/4.2/psoc creator/import/gnu/arm/5.4.1/bin/../lib/gcc/arm-none-eabi/5.4.1/armv7-m/crtbegin.o
 *(SORT(.fini_array.*))
                0x00002604                __fini_array_end = .
                0x00002604                . = ALIGN (0x4)
 *crtbegin.o(.ctors)
 *(EXCLUDE_FILE(*crtend.o) .ctors)
 *(SORT(.ctors.*))
 *crtend.o(.ctors)
                0x00002604                . = ALIGN (0x4)
 *crtbegin.o(.dtors)
 *(EXCLUDE_FILE(*crtend.o) .dtors)
 *(SORT(.dtors.*))
 *crtend.o(.dtors)
                0x00002604                . = ALIGN (0x4)
                0x00002604                __cy_regions = .
                0x00002604        0x4 LONG 0x2618 __cy_region_init_ram
                0x00002608        0x4 LONG 0x1fff80c8 __cy_region_start_data
                0x0000260c        0x4 LONG 0x31d8 __cy_region_init_size_ram
                0x00002610        0x4 LONG 0x160 __cy_region_zero_size_ram
                0x00002614                __cy_regions_end = .
                0x00002618                . = ALIGN (0x8)
 *fill*         0x00002614        0x4 
                0x00002618                _etext = .

.cy_checksum_exclude
                0x00002618        0x0
 *(.cy_checksum_exclude)

.ramvectors     0x1fff8000       0xc0
                0x1fff8000                __cy_region_start_ram = .
 *(.ramvectors)
 .ramvectors    0x1fff8000       0xc0 .\CortexM3\ARM_GCC_541\Debug\Cm3Start.o
                0x1fff8000                CyRamVectors

.noinit         0x1fff80c0        0x1
 *(.noinit)
 .noinit        0x1fff80c0        0x1 .\CortexM3\ARM_GCC_541\Debug\CupSensor_IF.a(CyLib.o)
                0x1fff80c0                CyResetStatus

.data           0x1fff80c8     0x31d8 load address 0x00002618
                0x1fff80c8                __cy_region_start_data = .
 *(.jcr)
 .jcr           0x1fff80c8        0x0 c:/program files (x86)/cypress/psoc creator/4.2/psoc creator/import/gnu/arm/5.4.1/bin/../lib/gcc/arm-none-eabi/5.4.1/armv7-m/crtbegin.o
 .jcr           0x1fff80c8        0x4 c:/program files (x86)/cypress/psoc creator/4.2/psoc creator/import/gnu/arm/5.4.1/bin/../lib/gcc/arm-none-eabi/5.4.1/armv7-m/crtend.o
 *(.got.plt)
 *(.got)
 *(.shdata)
 *(.data .data.* .gnu.linkonce.d.*)
 .data          0x1fff80cc        0x4 .\CortexM3\ARM_GCC_541\Debug\Cm3Start.o
 .data          0x1fff80d0        0x8 .\CortexM3\ARM_GCC_541\Debug\CupSensor_IF.a(CyDmac.o)
 .data          0x1fff80d8       0x10 .\CortexM3\ARM_GCC_541\Debug\CupSensor_IF.a(CyLib.o)
                0x1fff80d8                cydelay_32k_ms
                0x1fff80dc                cydelay_freq_khz
                0x1fff80e0                cydelay_freq_mhz
                0x1fff80e4                cydelay_freq_hz
 .data          0x1fff80e8     0x3150 .\CortexM3\ARM_GCC_541\Debug\CupSensor_IF.a(CupSensor_CupSensor.o)
                0x1fff80e8                sensors
 .data          0x1fffb238        0x1 .\CortexM3\ARM_GCC_541\Debug\CupSensor_IF.a(CupSensor_DMA_ADC_dma.o)
                0x1fffb238                CupSensor_DMA_ADC_DmaHandle
 .data          0x1fffb239        0x1 .\CortexM3\ARM_GCC_541\Debug\CupSensor_IF.a(CupSensor_ADC_DelSig.o)
                0x1fffb239                CupSensor_ADC_DelSig_Config
 *fill*         0x1fffb23a        0x2 
 .data.impure_data
                0x1fffb23c       0x60 c:/program files (x86)/cypress/psoc creator/4.2/psoc creator/import/gnu/arm/5.4.1/bin/../lib/gcc/arm-none-eabi/5.4.1/../../../../arm-none-eabi/lib/armv7-m\libg_nano.a(lib_a-impure.o)
 .data._impure_ptr
                0x1fffb29c        0x4 c:/program files (x86)/cypress/psoc creator/4.2/psoc creator/import/gnu/arm/5.4.1/bin/../lib/gcc/arm-none-eabi/5.4.1/../../../../arm-none-eabi/lib/armv7-m\libg_nano.a(lib_a-impure.o)
                0x1fffb29c                _impure_ptr
                0x1fffb2a0                . = ALIGN (0x8)
 *(.ram)
                0x1fffb2a0                _edata = .

.igot.plt       0x1fffb2a0        0x0 load address 0x000057f0
 .igot.plt      0x1fffb2a0        0x0 c:/program files (x86)/cypress/psoc creator/4.2/psoc creator/import/gnu/arm/5.4.1/bin/../lib/gcc/arm-none-eabi/5.4.1/armv7-m/crtbegin.o

.bss            0x1fffb2a0      0x160 load address 0x000057f0
                0x1fffb2a0                PROVIDE (__bss_start__, .)
 *(.shbss)
 *(.bss .bss.* .gnu.linkonce.b.*)
 .bss           0x1fffb2a0       0x1c c:/program files (x86)/cypress/psoc creator/4.2/psoc creator/import/gnu/arm/5.4.1/bin/../lib/gcc/arm-none-eabi/5.4.1/armv7-m/crtbegin.o
 .bss           0x1fffb2bc       0x11 .\CortexM3\ARM_GCC_541\Debug\main.o
                0x1fffb2bc                oldHitStatus
                0x1fffb2c0                hitCount
                0x1fffb2c4                removedCount
                0x1fffb2c8                placedCount
                0x1fffb2cc                oldCupStatus
 .bss           0x1fffb2cd        0x2 .\CortexM3\ARM_GCC_541\Debug\CupSensor_IF.a(UART.o)
                0x1fffb2cd                UART_initVar
 .bss           0x1fffb2cf        0x2 .\CortexM3\ARM_GCC_541\Debug\CupSensor_IF.a(CupSensor_CupSensor.o)
                0x1fffb2cf                CupSensor_cupStatus
                0x1fffb2d0                CupSensor_hitStatus
 .bss           0x1fffb2d1        0x1 .\CortexM3\ARM_GCC_541\Debug\CupSensor_IF.a(CupSensor_TIA.o)
                0x1fffb2d1                CupSensor_TIA_initVar
 .bss           0x1fffb2d2        0x1 .\CortexM3\ARM_GCC_541\Debug\CupSensor_IF.a(CupSensor_VDAC8.o)
                0x1fffb2d2                CupSensor_VDAC8_initVar
 *fill*         0x1fffb2d3        0x1 
 .bss           0x1fffb2d4        0xc .\CortexM3\ARM_GCC_541\Debug\CupSensor_IF.a(CupSensor_ADC_DelSig.o)
                0x1fffb2d8                CupSensor_ADC_DelSig_stopConversion
                0x1fffb2d9                CupSensor_ADC_DelSig_convDone
                0x1fffb2da                CupSensor_ADC_DelSig_initVar
                0x1fffb2db                CupSensor_ADC_DelSig_started
                0x1fffb2dc                CupSensor_ADC_DelSig_Offset
 .bss.__malloc_sbrk_start
                0x1fffb2e0        0x4 c:/program files (x86)/cypress/psoc creator/4.2/psoc creator/import/gnu/arm/5.4.1/bin/../lib/gcc/arm-none-eabi/5.4.1/../../../../arm-none-eabi/lib/armv7-m\libg_nano.a(lib_a-nano-mallocr.o)
                0x1fffb2e0                __malloc_sbrk_start
 .bss.__malloc_free_list
                0x1fffb2e4        0x4 c:/program files (x86)/cypress/psoc creator/4.2/psoc creator/import/gnu/arm/5.4.1/bin/../lib/gcc/arm-none-eabi/5.4.1/../../../../arm-none-eabi/lib/armv7-m\libg_nano.a(lib_a-nano-mallocr.o)
                0x1fffb2e4                __malloc_free_list
 *(COMMON)
 COMMON         0x1fffb2e8      0x10a .\CortexM3\ARM_GCC_541\Debug\CupSensor_IF.a(CupSensor_CupSensor.o)
                0x1fffb2e8                CupSensor_hit_status_callback
                0x1fffb2ec                CupSensor_status_callback
                0x1fffb2f0                buffer
                0x1fffb3f0                V_sample
 *fill*         0x1fffb3f2        0x2 
 COMMON         0x1fffb3f4        0x4 .\CortexM3\ARM_GCC_541\Debug\CupSensor_IF.a(CupSensor_ADC_DelSig.o)
                0x1fffb3f4                CupSensor_ADC_DelSig_CountsPerVolt
 COMMON         0x1fffb3f8        0x4 c:/program files (x86)/cypress/psoc creator/4.2/psoc creator/import/gnu/arm/5.4.1/bin/../lib/gcc/arm-none-eabi/5.4.1/../../../../arm-none-eabi/lib/armv7-m\libg_nano.a(lib_a-reent.o)
                0x1fffb3f8                errno
                0x1fffb400                . = ALIGN (0x8)
 *fill*         0x1fffb3fc        0x4 
 *(.ram.b)
                0x1fffb400                _end = .
                0x1fffb400                __end = .
                0x1fffb400                PROVIDE (end, .)
                0x1fffb400                PROVIDE (__bss_end__, .)
                0x00002618                __cy_region_init_ram = LOADADDR (.data)
                0x000031d8                __cy_region_init_size_ram = (_edata - ADDR (.data))
                0x00000160                __cy_region_zero_size_ram = (_end - _edata)

.heap           0x1fffb400       0x80 load address 0x000057f0
                0x1fffb400                . = _end
                0x1fffb480                . = (. + 0x80)
 *fill*         0x1fffb400       0x80 
                0x1fffb480                __cy_heap_limit = .

.stack          0x20007800      0x800
                0x20007800                __cy_stack_limit = .
                0x20008000                . = (. + 0x800)
 *fill*         0x20007800      0x800 
                0x00000001                ASSERT ((__cy_stack_limit >= __cy_heap_limit), region RAM overflowed with stack)
                0x00000000                cy_checksum_exclude_size = (CY_APPL_LOADABLE == 0x1)?SIZEOF (.cy_checksum_exclude):0x0
                0x00000001                ASSERT ((cy_checksum_exclude_size <= CY_CHECKSUM_EXCLUDE_SIZE), CY_BOOT: Section .cy_checksum_exclude size exceedes specified limit.)

.cyloadermeta
 *(.cyloadermeta)

.cyloadablemeta
 *(.cyloadablemeta)

.cyconfigecc    0x80000000      0x4d8
 *(.cyconfigecc)
 .cyconfigecc   0x80000000      0x4d8 .\CortexM3\ARM_GCC_541\Debug\cymetadata.o
                0x80000000                cy_meta_configecc

.cycustnvl      0x90000000        0x4
 *(.cycustnvl)
 .cycustnvl     0x90000000        0x4 .\CortexM3\ARM_GCC_541\Debug\cymetadata.o
                0x90000000                cy_meta_custnvl

.cywolatch      0x90100000        0x4
 *(.cywolatch)
 .cywolatch     0x90100000        0x4 .\CortexM3\ARM_GCC_541\Debug\cymetadata.o
                0x90100000                cy_meta_wonvl

.cyeeprom       0x90200000        0x0
 *(.cyeeprom)
                0x00000001                ASSERT ((. <= ((0x90200000 + ee_offset) + ee_size)), .cyeeprom data will not fit in EEPROM)

.cyflashprotect
                0x90400000      0x100
 *(.cyflashprotect)
 .cyflashprotect
                0x90400000      0x100 .\CortexM3\ARM_GCC_541\Debug\cymetadata.o
                0x90400000                cy_meta_flashprotect

.cymeta         0x90500000        0xc
 *(.cymeta)
 .cymeta        0x90500000        0xc .\CortexM3\ARM_GCC_541\Debug\cymetadata.o
                0x90500000                cy_metadata

.rel.dyn        0x000057f0        0x0 load address 0x9050000c
 .rel.iplt      0x000057f0        0x0 c:/program files (x86)/cypress/psoc creator/4.2/psoc creator/import/gnu/arm/5.4.1/bin/../lib/gcc/arm-none-eabi/5.4.1/armv7-m/crtbegin.o

.stab
 *(.stab)

.stabstr
 *(.stabstr)

.debug
 *(.debug)

.line
 *(.line)

.debug_srcinfo
 *(.debug_srcinfo)

.debug_sfnames
 *(.debug_sfnames)

.debug_aranges  0x00000000      0xc38
 *(.debug_aranges)
 .debug_aranges
                0x00000000       0x30 .\CortexM3\ARM_GCC_541\Debug\main.o
 .debug_aranges
                0x00000030       0x30 .\CortexM3\ARM_GCC_541\Debug\CupSensor_IF.o
 .debug_aranges
                0x00000060       0x58 .\CortexM3\ARM_GCC_541\Debug\cyfitter_cfg.o
 .debug_aranges
                0x000000b8       0x18 .\CortexM3\ARM_GCC_541\Debug\cymetadata.o
 .debug_aranges
                0x000000d0       0x48 .\CortexM3\ARM_GCC_541\Debug\Cm3Start.o
 .debug_aranges
                0x00000118       0xd8 .\CortexM3\ARM_GCC_541\Debug\CupSensor_IF.a(CyDmac.o)
 .debug_aranges
                0x000001f0      0x2a0 .\CortexM3\ARM_GCC_541\Debug\CupSensor_IF.a(CyLib.o)
 .debug_aranges
                0x00000490       0x98 .\CortexM3\ARM_GCC_541\Debug\CupSensor_IF.a(cyPm.o)
 .debug_aranges
                0x00000528       0xf0 .\CortexM3\ARM_GCC_541\Debug\CupSensor_IF.a(UART.o)
 .debug_aranges
                0x00000618       0x70 .\CortexM3\ARM_GCC_541\Debug\CupSensor_IF.a(UART_IntClock.o)
 .debug_aranges
                0x00000688       0x50 .\CortexM3\ARM_GCC_541\Debug\CupSensor_IF.a(CupSensor_CupSensor.o)
 .debug_aranges
                0x000006d8       0x38 .\CortexM3\ARM_GCC_541\Debug\CupSensor_IF.a(CupSensor_CupSensorUnit.o)
 .debug_aranges
                0x00000710       0x28 .\CortexM3\ARM_GCC_541\Debug\CupSensor_IF.a(CupSensor_DMA_ADC_dma.o)
 .debug_aranges
                0x00000738       0x50 .\CortexM3\ARM_GCC_541\Debug\CupSensor_IF.a(CupSensor_TIA.o)
 .debug_aranges
                0x00000788       0x28 .\CortexM3\ARM_GCC_541\Debug\CupSensor_IF.a(CupSensor_Control_Reg_Led.o)
 .debug_aranges
                0x000007b0       0x58 .\CortexM3\ARM_GCC_541\Debug\CupSensor_IF.a(CupSensor_VDAC8.o)
 .debug_aranges
                0x00000808       0xe8 .\CortexM3\ARM_GCC_541\Debug\CupSensor_IF.a(CupSensor_ADC_DelSig.o)
 .debug_aranges
                0x000008f0       0x38 .\CortexM3\ARM_GCC_541\Debug\CupSensor_IF.a(CupSensor_ADC_DelSig_INT.o)
 .debug_aranges
                0x00000928       0x70 .\CortexM3\ARM_GCC_541\Debug\CupSensor_IF.a(CupSensor_ADC_DelSig_Ext_CP_Clk.o)
 .debug_aranges
                0x00000998       0x80 .\CortexM3\ARM_GCC_541\Debug\CupSensor_IF.a(CupSensor_ADC_DelSig_theACLK.o)
 .debug_aranges
                0x00000a18       0x80 .\CortexM3\ARM_GCC_541\Debug\CupSensor_IF.a(CupSensor_isr_DMA.o)
 .debug_aranges
                0x00000a98       0x20 .\CortexM3\ARM_GCC_541\Debug\CupSensor_IF.a(CyBootAsmGnu.o)
 .debug_aranges
                0x00000ab8       0x88 .\CortexM3\ARM_GCC_541\Debug\CupSensor_IF.a(CyFlash.o)
 .debug_aranges
                0x00000b40       0x80 .\CortexM3\ARM_GCC_541\Debug\CupSensor_IF.a(CySpc.o)
 .debug_aranges
                0x00000bc0       0x38 .\CortexM3\ARM_GCC_541\Debug\CupSensor_IF.a(Test_time_pin.o)
 .debug_aranges
                0x00000bf8       0x40 .\CortexM3\ARM_GCC_541\Debug\CupSensor_IF.a(CupSensor_CircularBuffer.o)

.debug_pubnames
 *(.debug_pubnames)

.debug_info     0x00000000     0x74df
 *(.debug_info .gnu.linkonce.wi.*)
 .debug_info    0x00000000      0x297 .\CortexM3\ARM_GCC_541\Debug\main.o
 .debug_info    0x00000297      0x17a .\CortexM3\ARM_GCC_541\Debug\CupSensor_IF.o
 .debug_info    0x00000411      0x62c .\CortexM3\ARM_GCC_541\Debug\cyfitter_cfg.o
 .debug_info    0x00000a3d      0x136 .\CortexM3\ARM_GCC_541\Debug\cymetadata.o
 .debug_info    0x00000b73      0x3cf .\CortexM3\ARM_GCC_541\Debug\Cm3Start.o
 .debug_info    0x00000f42      0x94e .\CortexM3\ARM_GCC_541\Debug\CupSensor_IF.a(CyDmac.o)
 .debug_info    0x00001890     0x1374 .\CortexM3\ARM_GCC_541\Debug\CupSensor_IF.a(CyLib.o)
 .debug_info    0x00002c04      0xa2a .\CortexM3\ARM_GCC_541\Debug\CupSensor_IF.a(cyPm.o)
 .debug_info    0x0000362e      0x60c .\CortexM3\ARM_GCC_541\Debug\CupSensor_IF.a(UART.o)
 .debug_info    0x00003c3a      0x283 .\CortexM3\ARM_GCC_541\Debug\CupSensor_IF.a(UART_IntClock.o)
 .debug_info    0x00003ebd      0x85b .\CortexM3\ARM_GCC_541\Debug\CupSensor_IF.a(CupSensor_CupSensor.o)
 .debug_info    0x00004718      0x49d .\CortexM3\ARM_GCC_541\Debug\CupSensor_IF.a(CupSensor_CupSensorUnit.o)
 .debug_info    0x00004bb5      0x1a8 .\CortexM3\ARM_GCC_541\Debug\CupSensor_IF.a(CupSensor_DMA_ADC_dma.o)
 .debug_info    0x00004d5d      0x1d4 .\CortexM3\ARM_GCC_541\Debug\CupSensor_IF.a(CupSensor_TIA.o)
 .debug_info    0x00004f31       0xd6 .\CortexM3\ARM_GCC_541\Debug\CupSensor_IF.a(CupSensor_Control_Reg_Led.o)
 .debug_info    0x00005007      0x1de .\CortexM3\ARM_GCC_541\Debug\CupSensor_IF.a(CupSensor_VDAC8.o)
 .debug_info    0x000051e5      0x9f9 .\CortexM3\ARM_GCC_541\Debug\CupSensor_IF.a(CupSensor_ADC_DelSig.o)
 .debug_info    0x00005bde       0xd3 .\CortexM3\ARM_GCC_541\Debug\CupSensor_IF.a(CupSensor_ADC_DelSig_INT.o)
 .debug_info    0x00005cb1      0x283 .\CortexM3\ARM_GCC_541\Debug\CupSensor_IF.a(CupSensor_ADC_DelSig_Ext_CP_Clk.o)
 .debug_info    0x00005f34      0x2c4 .\CortexM3\ARM_GCC_541\Debug\CupSensor_IF.a(CupSensor_ADC_DelSig_theACLK.o)
 .debug_info    0x000061f8      0x2d2 .\CortexM3\ARM_GCC_541\Debug\CupSensor_IF.a(CupSensor_isr_DMA.o)
 .debug_info    0x000064ca       0xac .\CortexM3\ARM_GCC_541\Debug\CupSensor_IF.a(CyBootAsmGnu.o)
 .debug_info    0x00006576      0x64d .\CortexM3\ARM_GCC_541\Debug\CupSensor_IF.a(CyFlash.o)
 .debug_info    0x00006bc3      0x550 .\CortexM3\ARM_GCC_541\Debug\CupSensor_IF.a(CySpc.o)
 .debug_info    0x00007113      0x11f .\CortexM3\ARM_GCC_541\Debug\CupSensor_IF.a(Test_time_pin.o)
 .debug_info    0x00007232      0x2ad .\CortexM3\ARM_GCC_541\Debug\CupSensor_IF.a(CupSensor_CircularBuffer.o)

.debug_abbrev   0x00000000     0x205f
 *(.debug_abbrev)
 .debug_abbrev  0x00000000      0x114 .\CortexM3\ARM_GCC_541\Debug\main.o
 .debug_abbrev  0x00000114       0x9d .\CortexM3\ARM_GCC_541\Debug\CupSensor_IF.o
 .debug_abbrev  0x000001b1      0x20d .\CortexM3\ARM_GCC_541\Debug\cyfitter_cfg.o
 .debug_abbrev  0x000003be       0x77 .\CortexM3\ARM_GCC_541\Debug\cymetadata.o
 .debug_abbrev  0x00000435      0x1e8 .\CortexM3\ARM_GCC_541\Debug\Cm3Start.o
 .debug_abbrev  0x0000061d      0x1b2 .\CortexM3\ARM_GCC_541\Debug\CupSensor_IF.a(CyDmac.o)
 .debug_abbrev  0x000007cf      0x254 .\CortexM3\ARM_GCC_541\Debug\CupSensor_IF.a(CyLib.o)
 .debug_abbrev  0x00000a23      0x1ab .\CortexM3\ARM_GCC_541\Debug\CupSensor_IF.a(cyPm.o)
 .debug_abbrev  0x00000bce      0x175 .\CortexM3\ARM_GCC_541\Debug\CupSensor_IF.a(UART.o)
 .debug_abbrev  0x00000d43      0x139 .\CortexM3\ARM_GCC_541\Debug\CupSensor_IF.a(UART_IntClock.o)
 .debug_abbrev  0x00000e7c      0x1e7 .\CortexM3\ARM_GCC_541\Debug\CupSensor_IF.a(CupSensor_CupSensor.o)
 .debug_abbrev  0x00001063      0x195 .\CortexM3\ARM_GCC_541\Debug\CupSensor_IF.a(CupSensor_CupSensorUnit.o)
 .debug_abbrev  0x000011f8       0xcd .\CortexM3\ARM_GCC_541\Debug\CupSensor_IF.a(CupSensor_DMA_ADC_dma.o)
 .debug_abbrev  0x000012c5       0xf7 .\CortexM3\ARM_GCC_541\Debug\CupSensor_IF.a(CupSensor_TIA.o)
 .debug_abbrev  0x000013bc       0x81 .\CortexM3\ARM_GCC_541\Debug\CupSensor_IF.a(CupSensor_Control_Reg_Led.o)
 .debug_abbrev  0x0000143d       0xf7 .\CortexM3\ARM_GCC_541\Debug\CupSensor_IF.a(CupSensor_VDAC8.o)
 .debug_abbrev  0x00001534      0x1eb .\CortexM3\ARM_GCC_541\Debug\CupSensor_IF.a(CupSensor_ADC_DelSig.o)
 .debug_abbrev  0x0000171f       0x42 .\CortexM3\ARM_GCC_541\Debug\CupSensor_IF.a(CupSensor_ADC_DelSig_INT.o)
 .debug_abbrev  0x00001761      0x139 .\CortexM3\ARM_GCC_541\Debug\CupSensor_IF.a(CupSensor_ADC_DelSig_Ext_CP_Clk.o)
 .debug_abbrev  0x0000189a      0x121 .\CortexM3\ARM_GCC_541\Debug\CupSensor_IF.a(CupSensor_ADC_DelSig_theACLK.o)
 .debug_abbrev  0x000019bb      0x173 .\CortexM3\ARM_GCC_541\Debug\CupSensor_IF.a(CupSensor_isr_DMA.o)
 .debug_abbrev  0x00001b2e       0x14 .\CortexM3\ARM_GCC_541\Debug\CupSensor_IF.a(CyBootAsmGnu.o)
 .debug_abbrev  0x00001b42      0x1a7 .\CortexM3\ARM_GCC_541\Debug\CupSensor_IF.a(CyFlash.o)
 .debug_abbrev  0x00001ce9      0x194 .\CortexM3\ARM_GCC_541\Debug\CupSensor_IF.a(CySpc.o)
 .debug_abbrev  0x00001e7d       0x90 .\CortexM3\ARM_GCC_541\Debug\CupSensor_IF.a(Test_time_pin.o)
 .debug_abbrev  0x00001f0d      0x152 .\CortexM3\ARM_GCC_541\Debug\CupSensor_IF.a(CupSensor_CircularBuffer.o)

.debug_line     0x00000000     0x3534
 *(.debug_line)
 .debug_line    0x00000000      0x24f .\CortexM3\ARM_GCC_541\Debug\main.o
 .debug_line    0x0000024f      0x19e .\CortexM3\ARM_GCC_541\Debug\CupSensor_IF.o
 .debug_line    0x000003ed      0x20c .\CortexM3\ARM_GCC_541\Debug\cyfitter_cfg.o
 .debug_line    0x000005f9      0x141 .\CortexM3\ARM_GCC_541\Debug\cymetadata.o
 .debug_line    0x0000073a      0x241 .\CortexM3\ARM_GCC_541\Debug\Cm3Start.o
 .debug_line    0x0000097b      0x2e4 .\CortexM3\ARM_GCC_541\Debug\CupSensor_IF.a(CyDmac.o)
 .debug_line    0x00000c5f      0x816 .\CortexM3\ARM_GCC_541\Debug\CupSensor_IF.a(CyLib.o)
 .debug_line    0x00001475      0x367 .\CortexM3\ARM_GCC_541\Debug\CupSensor_IF.a(cyPm.o)
 .debug_line    0x000017dc      0x2bc .\CortexM3\ARM_GCC_541\Debug\CupSensor_IF.a(UART.o)
 .debug_line    0x00001a98      0x17c .\CortexM3\ARM_GCC_541\Debug\CupSensor_IF.a(UART_IntClock.o)
 .debug_line    0x00001c14      0x39b .\CortexM3\ARM_GCC_541\Debug\CupSensor_IF.a(CupSensor_CupSensor.o)
 .debug_line    0x00001faf      0x221 .\CortexM3\ARM_GCC_541\Debug\CupSensor_IF.a(CupSensor_CupSensorUnit.o)
 .debug_line    0x000021d0       0x8e .\CortexM3\ARM_GCC_541\Debug\CupSensor_IF.a(CupSensor_DMA_ADC_dma.o)
 .debug_line    0x0000225e       0xdf .\CortexM3\ARM_GCC_541\Debug\CupSensor_IF.a(CupSensor_TIA.o)
 .debug_line    0x0000233d       0x81 .\CortexM3\ARM_GCC_541\Debug\CupSensor_IF.a(CupSensor_Control_Reg_Led.o)
 .debug_line    0x000023be       0xec .\CortexM3\ARM_GCC_541\Debug\CupSensor_IF.a(CupSensor_VDAC8.o)
 .debug_line    0x000024aa      0x385 .\CortexM3\ARM_GCC_541\Debug\CupSensor_IF.a(CupSensor_ADC_DelSig.o)
 .debug_line    0x0000282f       0x91 .\CortexM3\ARM_GCC_541\Debug\CupSensor_IF.a(CupSensor_ADC_DelSig_INT.o)
 .debug_line    0x000028c0      0x18e .\CortexM3\ARM_GCC_541\Debug\CupSensor_IF.a(CupSensor_ADC_DelSig_Ext_CP_Clk.o)
 .debug_line    0x00002a4e      0x1ae .\CortexM3\ARM_GCC_541\Debug\CupSensor_IF.a(CupSensor_ADC_DelSig_theACLK.o)
 .debug_line    0x00002bfc      0x13e .\CortexM3\ARM_GCC_541\Debug\CupSensor_IF.a(CupSensor_isr_DMA.o)
 .debug_line    0x00002d3a       0x66 .\CortexM3\ARM_GCC_541\Debug\CupSensor_IF.a(CyBootAsmGnu.o)
 .debug_line    0x00002da0      0x21a .\CortexM3\ARM_GCC_541\Debug\CupSensor_IF.a(CyFlash.o)
 .debug_line    0x00002fba      0x260 .\CortexM3\ARM_GCC_541\Debug\CupSensor_IF.a(CySpc.o)
 .debug_line    0x0000321a       0x9a .\CortexM3\ARM_GCC_541\Debug\CupSensor_IF.a(Test_time_pin.o)
 .debug_line    0x000032b4      0x280 .\CortexM3\ARM_GCC_541\Debug\CupSensor_IF.a(CupSensor_CircularBuffer.o)

.debug_frame    0x00000000     0x218c
 *(.debug_frame)
 .debug_frame   0x00000000       0x6c .\CortexM3\ARM_GCC_541\Debug\main.o
 .debug_frame   0x0000006c       0x64 .\CortexM3\ARM_GCC_541\Debug\CupSensor_IF.o
 .debug_frame   0x000000d0       0xf0 .\CortexM3\ARM_GCC_541\Debug\cyfitter_cfg.o
 .debug_frame   0x000001c0       0xb8 .\CortexM3\ARM_GCC_541\Debug\Cm3Start.o
 .debug_frame   0x00000278      0x1f8 .\CortexM3\ARM_GCC_541\Debug\CupSensor_IF.a(CyDmac.o)
 .debug_frame   0x00000470      0x738 .\CortexM3\ARM_GCC_541\Debug\CupSensor_IF.a(CyLib.o)
 .debug_frame   0x00000ba8      0x1f8 .\CortexM3\ARM_GCC_541\Debug\CupSensor_IF.a(cyPm.o)
 .debug_frame   0x00000da0      0x250 .\CortexM3\ARM_GCC_541\Debug\CupSensor_IF.a(UART.o)
 .debug_frame   0x00000ff0       0xe0 .\CortexM3\ARM_GCC_541\Debug\CupSensor_IF.a(UART_IntClock.o)
 .debug_frame   0x000010d0       0xc0 .\CortexM3\ARM_GCC_541\Debug\CupSensor_IF.a(CupSensor_CupSensor.o)
 .debug_frame   0x00001190       0xa0 .\CortexM3\ARM_GCC_541\Debug\CupSensor_IF.a(CupSensor_CupSensorUnit.o)
 .debug_frame   0x00001230       0x54 .\CortexM3\ARM_GCC_541\Debug\CupSensor_IF.a(CupSensor_DMA_ADC_dma.o)
 .debug_frame   0x00001284       0x98 .\CortexM3\ARM_GCC_541\Debug\CupSensor_IF.a(CupSensor_TIA.o)
 .debug_frame   0x0000131c       0x30 .\CortexM3\ARM_GCC_541\Debug\CupSensor_IF.a(CupSensor_Control_Reg_Led.o)
 .debug_frame   0x0000134c       0xb4 .\CortexM3\ARM_GCC_541\Debug\CupSensor_IF.a(CupSensor_VDAC8.o)
 .debug_frame   0x00001400      0x284 .\CortexM3\ARM_GCC_541\Debug\CupSensor_IF.a(CupSensor_ADC_DelSig.o)
 .debug_frame   0x00001684       0x50 .\CortexM3\ARM_GCC_541\Debug\CupSensor_IF.a(CupSensor_ADC_DelSig_INT.o)
 .debug_frame   0x000016d4       0xe0 .\CortexM3\ARM_GCC_541\Debug\CupSensor_IF.a(CupSensor_ADC_DelSig_Ext_CP_Clk.o)
 .debug_frame   0x000017b4      0x100 .\CortexM3\ARM_GCC_541\Debug\CupSensor_IF.a(CupSensor_ADC_DelSig_theACLK.o)
 .debug_frame   0x000018b4      0x104 .\CortexM3\ARM_GCC_541\Debug\CupSensor_IF.a(CupSensor_isr_DMA.o)
 .debug_frame   0x000019b8      0x194 .\CortexM3\ARM_GCC_541\Debug\CupSensor_IF.a(CyFlash.o)
 .debug_frame   0x00001b4c      0x180 .\CortexM3\ARM_GCC_541\Debug\CupSensor_IF.a(CySpc.o)
 .debug_frame   0x00001ccc       0x50 .\CortexM3\ARM_GCC_541\Debug\CupSensor_IF.a(Test_time_pin.o)
 .debug_frame   0x00001d1c       0x88 .\CortexM3\ARM_GCC_541\Debug\CupSensor_IF.a(CupSensor_CircularBuffer.o)
 .debug_frame   0x00001da4       0x20 c:/program files (x86)/cypress/psoc creator/4.2/psoc creator/import/gnu/arm/5.4.1/bin/../lib/gcc/arm-none-eabi/5.4.1/../../../../arm-none-eabi/lib/armv7-m\libg_nano.a(lib_a-errno.o)
 .debug_frame   0x00001dc4       0x28 c:/program files (x86)/cypress/psoc creator/4.2/psoc creator/import/gnu/arm/5.4.1/bin/../lib/gcc/arm-none-eabi/5.4.1/../../../../arm-none-eabi/lib/armv7-m\libg_nano.a(lib_a-exit.o)
 .debug_frame   0x00001dec       0x2c c:/program files (x86)/cypress/psoc creator/4.2/psoc creator/import/gnu/arm/5.4.1/bin/../lib/gcc/arm-none-eabi/5.4.1/../../../../arm-none-eabi/lib/armv7-m\libg_nano.a(lib_a-init.o)
 .debug_frame   0x00001e18       0x28 c:/program files (x86)/cypress/psoc creator/4.2/psoc creator/import/gnu/arm/5.4.1/bin/../lib/gcc/arm-none-eabi/5.4.1/../../../../arm-none-eabi/lib/armv7-m\libg_nano.a(lib_a-memcpy-stub.o)
 .debug_frame   0x00001e40       0x20 c:/program files (x86)/cypress/psoc creator/4.2/psoc creator/import/gnu/arm/5.4.1/bin/../lib/gcc/arm-none-eabi/5.4.1/../../../../arm-none-eabi/lib/armv7-m\libg_nano.a(lib_a-memset.o)
 .debug_frame   0x00001e60       0x74 c:/program files (x86)/cypress/psoc creator/4.2/psoc creator/import/gnu/arm/5.4.1/bin/../lib/gcc/arm-none-eabi/5.4.1/../../../../arm-none-eabi/lib/armv7-m\libg_nano.a(lib_a-snprintf.o)
 .debug_frame   0x00001ed4       0x90 c:/program files (x86)/cypress/psoc creator/4.2/psoc creator/import/gnu/arm/5.4.1/bin/../lib/gcc/arm-none-eabi/5.4.1/../../../../arm-none-eabi/lib/armv7-m\libg_nano.a(lib_a-nano-svfprintf.o)
 .debug_frame   0x00001f64       0x60 c:/program files (x86)/cypress/psoc creator/4.2/psoc creator/import/gnu/arm/5.4.1/bin/../lib/gcc/arm-none-eabi/5.4.1/../../../../arm-none-eabi/lib/armv7-m\libg_nano.a(lib_a-nano-vfprintf_i.o)
 .debug_frame   0x00001fc4       0x28 c:/program files (x86)/cypress/psoc creator/4.2/psoc creator/import/gnu/arm/5.4.1/bin/../lib/gcc/arm-none-eabi/5.4.1/../../../../arm-none-eabi/lib/armv7-m\libg_nano.a(lib_a-memchr-stub.o)
 .debug_frame   0x00001fec       0x28 c:/program files (x86)/cypress/psoc creator/4.2/psoc creator/import/gnu/arm/5.4.1/bin/../lib/gcc/arm-none-eabi/5.4.1/../../../../arm-none-eabi/lib/armv7-m\libg_nano.a(lib_a-memmove.o)
 .debug_frame   0x00002014       0x38 c:/program files (x86)/cypress/psoc creator/4.2/psoc creator/import/gnu/arm/5.4.1/bin/../lib/gcc/arm-none-eabi/5.4.1/../../../../arm-none-eabi/lib/armv7-m\libg_nano.a(lib_a-nano-freer.o)
 .debug_frame   0x0000204c       0x2c c:/program files (x86)/cypress/psoc creator/4.2/psoc creator/import/gnu/arm/5.4.1/bin/../lib/gcc/arm-none-eabi/5.4.1/../../../../arm-none-eabi/lib/armv7-m\libg_nano.a(lib_a-nano-mallocr.o)
 .debug_frame   0x00002078       0x3c c:/program files (x86)/cypress/psoc creator/4.2/psoc creator/import/gnu/arm/5.4.1/bin/../lib/gcc/arm-none-eabi/5.4.1/../../../../arm-none-eabi/lib/armv7-m\libg_nano.a(lib_a-nano-reallocr.o)
 .debug_frame   0x000020b4       0x2c c:/program files (x86)/cypress/psoc creator/4.2/psoc creator/import/gnu/arm/5.4.1/bin/../lib/gcc/arm-none-eabi/5.4.1/../../../../arm-none-eabi/lib/armv7-m\libg_nano.a(lib_a-sbrkr.o)
 .debug_frame   0x000020e0       0x30 c:/program files (x86)/cypress/psoc creator/4.2/psoc creator/import/gnu/arm/5.4.1/bin/../lib/gcc/arm-none-eabi/5.4.1/../../../../arm-none-eabi/lib/armv7-m\libg_nano.a(lib_a-mlock.o)
 .debug_frame   0x00002110       0x20 c:/program files (x86)/cypress/psoc creator/4.2/psoc creator/import/gnu/arm/5.4.1/bin/../lib/gcc/arm-none-eabi/5.4.1/../../../../arm-none-eabi/lib/armv7-m\libg_nano.a(lib_a-nano-msizer.o)
 .debug_frame   0x00002130       0x5c c:/program files (x86)/cypress/psoc creator/4.2/psoc creator/import/gnu/arm/5.4.1/bin/../lib/gcc/arm-none-eabi/5.4.1/../../../../arm-none-eabi/lib/armv7-m\libg_nano.a(lib_a-reent.o)

.debug_str      0x00000000     0x2ee9
 *(.debug_str)
 .debug_str     0x00000000      0x226 .\CortexM3\ARM_GCC_541\Debug\main.o
                                0x27d (size before relaxing)
 .debug_str     0x00000226       0x7f .\CortexM3\ARM_GCC_541\Debug\CupSensor_IF.o
                                0x270 (size before relaxing)
 .debug_str     0x000002a5      0x1bc .\CortexM3\ARM_GCC_541\Debug\cyfitter_cfg.o
                                0x360 (size before relaxing)
 .debug_str     0x00000461       0x75 .\CortexM3\ARM_GCC_541\Debug\cymetadata.o
                                0x200 (size before relaxing)
 .debug_str     0x000004d6      0x14f .\CortexM3\ARM_GCC_541\Debug\Cm3Start.o
                                0x336 (size before relaxing)
 .debug_str     0x00000625      0x392 .\CortexM3\ARM_GCC_541\Debug\CupSensor_IF.a(CyDmac.o)
                                0x566 (size before relaxing)
 .debug_str     0x000009b7      0x7ef .\CortexM3\ARM_GCC_541\Debug\CupSensor_IF.a(CyLib.o)
                                0xa63 (size before relaxing)
 .debug_str     0x000011a6      0x365 .\CortexM3\ARM_GCC_541\Debug\CupSensor_IF.a(cyPm.o)
                                0x74f (size before relaxing)
 .debug_str     0x0000150b      0x28d .\CortexM3\ARM_GCC_541\Debug\CupSensor_IF.a(UART.o)
                                0x491 (size before relaxing)
 .debug_str     0x00001798      0x183 .\CortexM3\ARM_GCC_541\Debug\CupSensor_IF.a(UART_IntClock.o)
                                0x352 (size before relaxing)
 .debug_str     0x0000191b      0x343 .\CortexM3\ARM_GCC_541\Debug\CupSensor_IF.a(CupSensor_CupSensor.o)
                                0x657 (size before relaxing)
 .debug_str     0x00001c5e      0x141 .\CortexM3\ARM_GCC_541\Debug\CupSensor_IF.a(CupSensor_CupSensorUnit.o)
                                0x473 (size before relaxing)
 .debug_str     0x00001d9f       0xa3 .\CortexM3\ARM_GCC_541\Debug\CupSensor_IF.a(CupSensor_DMA_ADC_dma.o)
                                0x2b8 (size before relaxing)
 .debug_str     0x00001e42       0xe3 .\CortexM3\ARM_GCC_541\Debug\CupSensor_IF.a(CupSensor_TIA.o)
                                0x299 (size before relaxing)
 .debug_str     0x00001f25       0x33 .\CortexM3\ARM_GCC_541\Debug\CupSensor_IF.a(CupSensor_Control_Reg_Led.o)
                                0x207 (size before relaxing)
 .debug_str     0x00001f58       0xd8 .\CortexM3\ARM_GCC_541\Debug\CupSensor_IF.a(CupSensor_VDAC8.o)
                                0x29f (size before relaxing)
 .debug_str     0x00002030      0x59e .\CortexM3\ARM_GCC_541\Debug\CupSensor_IF.a(CupSensor_ADC_DelSig.o)
                                0x87d (size before relaxing)
 .debug_str     0x000025ce       0x9a .\CortexM3\ARM_GCC_541\Debug\CupSensor_IF.a(CupSensor_ADC_DelSig_INT.o)
                                0x231 (size before relaxing)
 .debug_str     0x00002668      0x1d4 .\CortexM3\ARM_GCC_541\Debug\CupSensor_IF.a(CupSensor_ADC_DelSig_Ext_CP_Clk.o)
                                0x42a (size before relaxing)
 .debug_str     0x0000283c      0x21b .\CortexM3\ARM_GCC_541\Debug\CupSensor_IF.a(CupSensor_ADC_DelSig_theACLK.o)
                                0x46b (size before relaxing)
 .debug_str     0x00002a57      0x174 .\CortexM3\ARM_GCC_541\Debug\CupSensor_IF.a(CupSensor_isr_DMA.o)
                                0x36a (size before relaxing)
 .debug_str     0x00002bcb      0x1b4 .\CortexM3\ARM_GCC_541\Debug\CupSensor_IF.a(CyFlash.o)
                                0x3dc (size before relaxing)
 .debug_str     0x00002d7f       0xac .\CortexM3\ARM_GCC_541\Debug\CupSensor_IF.a(CySpc.o)
                                0x354 (size before relaxing)
 .debug_str     0x00002e2b       0x7a .\CortexM3\ARM_GCC_541\Debug\CupSensor_IF.a(Test_time_pin.o)
                                0x226 (size before relaxing)
 .debug_str     0x00002ea5       0x44 .\CortexM3\ARM_GCC_541\Debug\CupSensor_IF.a(CupSensor_CircularBuffer.o)
                                0x2ea (size before relaxing)

.debug_loc      0x00000000     0x380a
 *(.debug_loc)
 .debug_loc     0x00000000       0x9e .\CortexM3\ARM_GCC_541\Debug\main.o
 .debug_loc     0x0000009e      0x259 .\CortexM3\ARM_GCC_541\Debug\cyfitter_cfg.o
 .debug_loc     0x000002f7      0x144 .\CortexM3\ARM_GCC_541\Debug\Cm3Start.o
 .debug_loc     0x0000043b      0xb8e .\CortexM3\ARM_GCC_541\Debug\CupSensor_IF.a(CyDmac.o)
 .debug_loc     0x00000fc9      0xa11 .\CortexM3\ARM_GCC_541\Debug\CupSensor_IF.a(CyLib.o)
 .debug_loc     0x000019da      0x1e4 .\CortexM3\ARM_GCC_541\Debug\CupSensor_IF.a(cyPm.o)
 .debug_loc     0x00001bbe      0x258 .\CortexM3\ARM_GCC_541\Debug\CupSensor_IF.a(UART.o)
 .debug_loc     0x00001e16      0x128 .\CortexM3\ARM_GCC_541\Debug\CupSensor_IF.a(UART_IntClock.o)
 .debug_loc     0x00001f3e       0x6e .\CortexM3\ARM_GCC_541\Debug\CupSensor_IF.a(CupSensor_CupSensor.o)
 .debug_loc     0x00001fac      0x13b .\CortexM3\ARM_GCC_541\Debug\CupSensor_IF.a(CupSensor_CupSensorUnit.o)
 .debug_loc     0x000020e7       0x84 .\CortexM3\ARM_GCC_541\Debug\CupSensor_IF.a(CupSensor_DMA_ADC_dma.o)
 .debug_loc     0x0000216b       0x81 .\CortexM3\ARM_GCC_541\Debug\CupSensor_IF.a(CupSensor_TIA.o)
 .debug_loc     0x000021ec       0x79 .\CortexM3\ARM_GCC_541\Debug\CupSensor_IF.a(CupSensor_VDAC8.o)
 .debug_loc     0x00002265      0x68c .\CortexM3\ARM_GCC_541\Debug\CupSensor_IF.a(CupSensor_ADC_DelSig.o)
 .debug_loc     0x000028f1      0x12c .\CortexM3\ARM_GCC_541\Debug\CupSensor_IF.a(CupSensor_ADC_DelSig_Ext_CP_Clk.o)
 .debug_loc     0x00002a1d      0x14d .\CortexM3\ARM_GCC_541\Debug\CupSensor_IF.a(CupSensor_ADC_DelSig_theACLK.o)
 .debug_loc     0x00002b6a       0x56 .\CortexM3\ARM_GCC_541\Debug\CupSensor_IF.a(CupSensor_isr_DMA.o)
 .debug_loc     0x00002bc0      0x3b2 .\CortexM3\ARM_GCC_541\Debug\CupSensor_IF.a(CyFlash.o)
 .debug_loc     0x00002f72      0x705 .\CortexM3\ARM_GCC_541\Debug\CupSensor_IF.a(CySpc.o)
 .debug_loc     0x00003677       0x42 .\CortexM3\ARM_GCC_541\Debug\CupSensor_IF.a(Test_time_pin.o)
 .debug_loc     0x000036b9      0x151 .\CortexM3\ARM_GCC_541\Debug\CupSensor_IF.a(CupSensor_CircularBuffer.o)

.debug_macinfo
 *(.debug_macinfo)

.debug_ranges   0x00000000      0xa80
 *(.debug_ranges)
 .debug_ranges  0x00000000       0x20 .\CortexM3\ARM_GCC_541\Debug\main.o
 .debug_ranges  0x00000020       0x20 .\CortexM3\ARM_GCC_541\Debug\CupSensor_IF.o
 .debug_ranges  0x00000040       0x48 .\CortexM3\ARM_GCC_541\Debug\cyfitter_cfg.o
 .debug_ranges  0x00000088       0x38 .\CortexM3\ARM_GCC_541\Debug\Cm3Start.o
 .debug_ranges  0x000000c0       0xc8 .\CortexM3\ARM_GCC_541\Debug\CupSensor_IF.a(CyDmac.o)
 .debug_ranges  0x00000188      0x290 .\CortexM3\ARM_GCC_541\Debug\CupSensor_IF.a(CyLib.o)
 .debug_ranges  0x00000418       0x88 .\CortexM3\ARM_GCC_541\Debug\CupSensor_IF.a(cyPm.o)
 .debug_ranges  0x000004a0       0xe0 .\CortexM3\ARM_GCC_541\Debug\CupSensor_IF.a(UART.o)
 .debug_ranges  0x00000580       0x60 .\CortexM3\ARM_GCC_541\Debug\CupSensor_IF.a(UART_IntClock.o)
 .debug_ranges  0x000005e0       0x40 .\CortexM3\ARM_GCC_541\Debug\CupSensor_IF.a(CupSensor_CupSensor.o)
 .debug_ranges  0x00000620       0x28 .\CortexM3\ARM_GCC_541\Debug\CupSensor_IF.a(CupSensor_CupSensorUnit.o)
 .debug_ranges  0x00000648       0x18 .\CortexM3\ARM_GCC_541\Debug\CupSensor_IF.a(CupSensor_DMA_ADC_dma.o)
 .debug_ranges  0x00000660       0x40 .\CortexM3\ARM_GCC_541\Debug\CupSensor_IF.a(CupSensor_TIA.o)
 .debug_ranges  0x000006a0       0x18 .\CortexM3\ARM_GCC_541\Debug\CupSensor_IF.a(CupSensor_Control_Reg_Led.o)
 .debug_ranges  0x000006b8       0x48 .\CortexM3\ARM_GCC_541\Debug\CupSensor_IF.a(CupSensor_VDAC8.o)
 .debug_ranges  0x00000700       0xd8 .\CortexM3\ARM_GCC_541\Debug\CupSensor_IF.a(CupSensor_ADC_DelSig.o)
 .debug_ranges  0x000007d8       0x28 .\CortexM3\ARM_GCC_541\Debug\CupSensor_IF.a(CupSensor_ADC_DelSig_INT.o)
 .debug_ranges  0x00000800       0x60 .\CortexM3\ARM_GCC_541\Debug\CupSensor_IF.a(CupSensor_ADC_DelSig_Ext_CP_Clk.o)
 .debug_ranges  0x00000860       0x70 .\CortexM3\ARM_GCC_541\Debug\CupSensor_IF.a(CupSensor_ADC_DelSig_theACLK.o)
 .debug_ranges  0x000008d0       0x70 .\CortexM3\ARM_GCC_541\Debug\CupSensor_IF.a(CupSensor_isr_DMA.o)
 .debug_ranges  0x00000940       0x78 .\CortexM3\ARM_GCC_541\Debug\CupSensor_IF.a(CyFlash.o)
 .debug_ranges  0x000009b8       0x70 .\CortexM3\ARM_GCC_541\Debug\CupSensor_IF.a(CySpc.o)
 .debug_ranges  0x00000a28       0x28 .\CortexM3\ARM_GCC_541\Debug\CupSensor_IF.a(Test_time_pin.o)
 .debug_ranges  0x00000a50       0x30 .\CortexM3\ARM_GCC_541\Debug\CupSensor_IF.a(CupSensor_CircularBuffer.o)

.comment        0x00000000       0x6e
 .comment       0x00000000       0x6e .\CortexM3\ARM_GCC_541\Debug\main.o
                                 0x6f (size before relaxing)
 .comment       0x0000006e       0x6f .\CortexM3\ARM_GCC_541\Debug\CupSensor_IF.o
 .comment       0x0000006e       0x6f .\CortexM3\ARM_GCC_541\Debug\cyfitter_cfg.o
 .comment       0x0000006e       0x6f .\CortexM3\ARM_GCC_541\Debug\cymetadata.o
 .comment       0x0000006e       0x6f .\CortexM3\ARM_GCC_541\Debug\Cm3Start.o
 .comment       0x0000006e       0x6f .\CortexM3\ARM_GCC_541\Debug\CupSensor_IF.a(CyDmac.o)
 .comment       0x0000006e       0x6f .\CortexM3\ARM_GCC_541\Debug\CupSensor_IF.a(CyLib.o)
 .comment       0x0000006e       0x6f .\CortexM3\ARM_GCC_541\Debug\CupSensor_IF.a(cyPm.o)
 .comment       0x0000006e       0x6f .\CortexM3\ARM_GCC_541\Debug\CupSensor_IF.a(UART.o)
 .comment       0x0000006e       0x6f .\CortexM3\ARM_GCC_541\Debug\CupSensor_IF.a(UART_IntClock.o)
 .comment       0x0000006e       0x6f .\CortexM3\ARM_GCC_541\Debug\CupSensor_IF.a(CupSensor_CupSensor.o)
 .comment       0x0000006e       0x6f .\CortexM3\ARM_GCC_541\Debug\CupSensor_IF.a(CupSensor_CupSensorUnit.o)
 .comment       0x0000006e       0x6f .\CortexM3\ARM_GCC_541\Debug\CupSensor_IF.a(CupSensor_DMA_ADC_dma.o)
 .comment       0x0000006e       0x6f .\CortexM3\ARM_GCC_541\Debug\CupSensor_IF.a(CupSensor_TIA.o)
 .comment       0x0000006e       0x6f .\CortexM3\ARM_GCC_541\Debug\CupSensor_IF.a(CupSensor_Control_Reg_Led.o)
 .comment       0x0000006e       0x6f .\CortexM3\ARM_GCC_541\Debug\CupSensor_IF.a(CupSensor_VDAC8.o)
 .comment       0x0000006e       0x6f .\CortexM3\ARM_GCC_541\Debug\CupSensor_IF.a(CupSensor_ADC_DelSig.o)
 .comment       0x0000006e       0x6f .\CortexM3\ARM_GCC_541\Debug\CupSensor_IF.a(CupSensor_ADC_DelSig_INT.o)
 .comment       0x0000006e       0x6f .\CortexM3\ARM_GCC_541\Debug\CupSensor_IF.a(CupSensor_ADC_DelSig_Ext_CP_Clk.o)
 .comment       0x0000006e       0x6f .\CortexM3\ARM_GCC_541\Debug\CupSensor_IF.a(CupSensor_ADC_DelSig_theACLK.o)
 .comment       0x0000006e       0x6f .\CortexM3\ARM_GCC_541\Debug\CupSensor_IF.a(CupSensor_isr_DMA.o)
 .comment       0x0000006e       0x6f .\CortexM3\ARM_GCC_541\Debug\CupSensor_IF.a(CyFlash.o)
 .comment       0x0000006e       0x6f .\CortexM3\ARM_GCC_541\Debug\CupSensor_IF.a(CySpc.o)
 .comment       0x0000006e       0x6f .\CortexM3\ARM_GCC_541\Debug\CupSensor_IF.a(Test_time_pin.o)
 .comment       0x0000006e       0x6f .\CortexM3\ARM_GCC_541\Debug\CupSensor_IF.a(CupSensor_CircularBuffer.o)

.debug_weaknames
 *(.debug_weaknames)

.debug_funcnames
 *(.debug_funcnames)

.debug_typenames
 *(.debug_typenames)

.debug_varnames
 *(.debug_varnames)

.note.gnu.arm.ident
 *(.note.gnu.arm.ident)

.ARM.attributes
                0x00000000       0x29
 *(.ARM.attributes)
 .ARM.attributes
                0x00000000       0x1d c:/program files (x86)/cypress/psoc creator/4.2/psoc creator/import/gnu/arm/5.4.1/bin/../lib/gcc/arm-none-eabi/5.4.1/armv7-m/crti.o
 .ARM.attributes
                0x0000001d       0x2d c:/program files (x86)/cypress/psoc creator/4.2/psoc creator/import/gnu/arm/5.4.1/bin/../lib/gcc/arm-none-eabi/5.4.1/armv7-m/crtbegin.o
 .ARM.attributes
                0x0000004a       0x1b c:/program files (x86)/cypress/psoc creator/4.2/psoc creator/import/gnu/arm/5.4.1/bin/../lib/gcc/arm-none-eabi/5.4.1/../../../../arm-none-eabi/lib/armv7-m/crt0.o
 .ARM.attributes
                0x00000065       0x33 .\CortexM3\ARM_GCC_541\Debug\main.o
 .ARM.attributes
                0x00000098       0x33 .\CortexM3\ARM_GCC_541\Debug\CupSensor_IF.o
 .ARM.attributes
                0x000000cb       0x33 .\CortexM3\ARM_GCC_541\Debug\cyfitter_cfg.o
 .ARM.attributes
                0x000000fe       0x33 .\CortexM3\ARM_GCC_541\Debug\cymetadata.o
 .ARM.attributes
                0x00000131       0x33 .\CortexM3\ARM_GCC_541\Debug\Cm3Start.o
 .ARM.attributes
                0x00000164       0x33 .\CortexM3\ARM_GCC_541\Debug\CupSensor_IF.a(CyDmac.o)
 .ARM.attributes
                0x00000197       0x33 .\CortexM3\ARM_GCC_541\Debug\CupSensor_IF.a(CyLib.o)
 .ARM.attributes
                0x000001ca       0x33 .\CortexM3\ARM_GCC_541\Debug\CupSensor_IF.a(cyPm.o)
 .ARM.attributes
                0x000001fd       0x33 .\CortexM3\ARM_GCC_541\Debug\CupSensor_IF.a(UART.o)
 .ARM.attributes
                0x00000230       0x33 .\CortexM3\ARM_GCC_541\Debug\CupSensor_IF.a(UART_IntClock.o)
 .ARM.attributes
                0x00000263       0x33 .\CortexM3\ARM_GCC_541\Debug\CupSensor_IF.a(CupSensor_CupSensor.o)
 .ARM.attributes
                0x00000296       0x33 .\CortexM3\ARM_GCC_541\Debug\CupSensor_IF.a(CupSensor_CupSensorUnit.o)
 .ARM.attributes
                0x000002c9       0x33 .\CortexM3\ARM_GCC_541\Debug\CupSensor_IF.a(CupSensor_DMA_ADC_dma.o)
 .ARM.attributes
                0x000002fc       0x33 .\CortexM3\ARM_GCC_541\Debug\CupSensor_IF.a(CupSensor_TIA.o)
 .ARM.attributes
                0x0000032f       0x33 .\CortexM3\ARM_GCC_541\Debug\CupSensor_IF.a(CupSensor_Control_Reg_Led.o)
 .ARM.attributes
                0x00000362       0x33 .\CortexM3\ARM_GCC_541\Debug\CupSensor_IF.a(CupSensor_VDAC8.o)
 .ARM.attributes
                0x00000395       0x33 .\CortexM3\ARM_GCC_541\Debug\CupSensor_IF.a(CupSensor_ADC_DelSig.o)
 .ARM.attributes
                0x000003c8       0x33 .\CortexM3\ARM_GCC_541\Debug\CupSensor_IF.a(CupSensor_ADC_DelSig_INT.o)
 .ARM.attributes
                0x000003fb       0x33 .\CortexM3\ARM_GCC_541\Debug\CupSensor_IF.a(CupSensor_ADC_DelSig_Ext_CP_Clk.o)
 .ARM.attributes
                0x0000042e       0x33 .\CortexM3\ARM_GCC_541\Debug\CupSensor_IF.a(CupSensor_ADC_DelSig_theACLK.o)
 .ARM.attributes
                0x00000461       0x33 .\CortexM3\ARM_GCC_541\Debug\CupSensor_IF.a(CupSensor_isr_DMA.o)
 .ARM.attributes
                0x00000494       0x21 .\CortexM3\ARM_GCC_541\Debug\CupSensor_IF.a(CyBootAsmGnu.o)
 .ARM.attributes
                0x000004b5       0x33 .\CortexM3\ARM_GCC_541\Debug\CupSensor_IF.a(CyFlash.o)
 .ARM.attributes
                0x000004e8       0x33 .\CortexM3\ARM_GCC_541\Debug\CupSensor_IF.a(CySpc.o)
 .ARM.attributes
                0x0000051b       0x33 .\CortexM3\ARM_GCC_541\Debug\CupSensor_IF.a(Test_time_pin.o)
 .ARM.attributes
                0x0000054e       0x33 .\CortexM3\ARM_GCC_541\Debug\CupSensor_IF.a(CupSensor_CircularBuffer.o)
 .ARM.attributes
                0x00000581       0x1d c:/program files (x86)/cypress/psoc creator/4.2/psoc creator/import/gnu/arm/5.4.1/bin/../lib/gcc/arm-none-eabi/5.4.1/armv7-m\libgcc.a(_arm_addsubdf3.o)
 .ARM.attributes
                0x0000059e       0x1d c:/program files (x86)/cypress/psoc creator/4.2/psoc creator/import/gnu/arm/5.4.1/bin/../lib/gcc/arm-none-eabi/5.4.1/armv7-m\libgcc.a(_arm_cmpdf2.o)
 .ARM.attributes
                0x000005bb       0x1d c:/program files (x86)/cypress/psoc creator/4.2/psoc creator/import/gnu/arm/5.4.1/bin/../lib/gcc/arm-none-eabi/5.4.1/armv7-m\libgcc.a(_arm_addsubsf3.o)
 .ARM.attributes
                0x000005d8       0x1d c:/program files (x86)/cypress/psoc creator/4.2/psoc creator/import/gnu/arm/5.4.1/bin/../lib/gcc/arm-none-eabi/5.4.1/armv7-m\libgcc.a(_arm_muldivsf3.o)
 .ARM.attributes
                0x000005f5       0x1d c:/program files (x86)/cypress/psoc creator/4.2/psoc creator/import/gnu/arm/5.4.1/bin/../lib/gcc/arm-none-eabi/5.4.1/armv7-m\libgcc.a(_arm_cmpsf2.o)
 .ARM.attributes
                0x00000612       0x1d c:/program files (x86)/cypress/psoc creator/4.2/psoc creator/import/gnu/arm/5.4.1/bin/../lib/gcc/arm-none-eabi/5.4.1/armv7-m\libgcc.a(_arm_fixsfsi.o)
 .ARM.attributes
                0x0000062f       0x1d c:/program files (x86)/cypress/psoc creator/4.2/psoc creator/import/gnu/arm/5.4.1/bin/../lib/gcc/arm-none-eabi/5.4.1/armv7-m\libgcc.a(_arm_fixunssfsi.o)
 .ARM.attributes
                0x0000064c       0x2d c:/program files (x86)/cypress/psoc creator/4.2/psoc creator/import/gnu/arm/5.4.1/bin/../lib/gcc/arm-none-eabi/5.4.1/../../../../arm-none-eabi/lib/armv7-m\libg_nano.a(lib_a-errno.o)
 .ARM.attributes
                0x00000679       0x2d c:/program files (x86)/cypress/psoc creator/4.2/psoc creator/import/gnu/arm/5.4.1/bin/../lib/gcc/arm-none-eabi/5.4.1/../../../../arm-none-eabi/lib/armv7-m\libg_nano.a(lib_a-exit.o)
 .ARM.attributes
                0x000006a6       0x2d c:/program files (x86)/cypress/psoc creator/4.2/psoc creator/import/gnu/arm/5.4.1/bin/../lib/gcc/arm-none-eabi/5.4.1/../../../../arm-none-eabi/lib/armv7-m\libg_nano.a(lib_a-impure.o)
 .ARM.attributes
                0x000006d3       0x2d c:/program files (x86)/cypress/psoc creator/4.2/psoc creator/import/gnu/arm/5.4.1/bin/../lib/gcc/arm-none-eabi/5.4.1/../../../../arm-none-eabi/lib/armv7-m\libg_nano.a(lib_a-init.o)
 .ARM.attributes
                0x00000700       0x2d c:/program files (x86)/cypress/psoc creator/4.2/psoc creator/import/gnu/arm/5.4.1/bin/../lib/gcc/arm-none-eabi/5.4.1/../../../../arm-none-eabi/lib/armv7-m\libg_nano.a(lib_a-memcpy-stub.o)
 .ARM.attributes
                0x0000072d       0x2d c:/program files (x86)/cypress/psoc creator/4.2/psoc creator/import/gnu/arm/5.4.1/bin/../lib/gcc/arm-none-eabi/5.4.1/../../../../arm-none-eabi/lib/armv7-m\libg_nano.a(lib_a-memset.o)
 .ARM.attributes
                0x0000075a       0x2d c:/program files (x86)/cypress/psoc creator/4.2/psoc creator/import/gnu/arm/5.4.1/bin/../lib/gcc/arm-none-eabi/5.4.1/../../../../arm-none-eabi/lib/armv7-m\libg_nano.a(lib_a-snprintf.o)
 .ARM.attributes
                0x00000787       0x2d c:/program files (x86)/cypress/psoc creator/4.2/psoc creator/import/gnu/arm/5.4.1/bin/../lib/gcc/arm-none-eabi/5.4.1/../../../../arm-none-eabi/lib/armv7-m\libg_nano.a(lib_a-nano-svfprintf.o)
 .ARM.attributes
                0x000007b4       0x2d c:/program files (x86)/cypress/psoc creator/4.2/psoc creator/import/gnu/arm/5.4.1/bin/../lib/gcc/arm-none-eabi/5.4.1/../../../../arm-none-eabi/lib/armv7-m\libg_nano.a(lib_a-nano-vfprintf_i.o)
 .ARM.attributes
                0x000007e1       0x2d c:/program files (x86)/cypress/psoc creator/4.2/psoc creator/import/gnu/arm/5.4.1/bin/../lib/gcc/arm-none-eabi/5.4.1/../../../../arm-none-eabi/lib/armv7-m\libg_nano.a(lib_a-memchr-stub.o)
 .ARM.attributes
                0x0000080e       0x2d c:/program files (x86)/cypress/psoc creator/4.2/psoc creator/import/gnu/arm/5.4.1/bin/../lib/gcc/arm-none-eabi/5.4.1/../../../../arm-none-eabi/lib/armv7-m\libg_nano.a(lib_a-memmove.o)
 .ARM.attributes
                0x0000083b       0x2d c:/program files (x86)/cypress/psoc creator/4.2/psoc creator/import/gnu/arm/5.4.1/bin/../lib/gcc/arm-none-eabi/5.4.1/../../../../arm-none-eabi/lib/armv7-m\libg_nano.a(lib_a-nano-freer.o)
 .ARM.attributes
                0x00000868       0x2d c:/program files (x86)/cypress/psoc creator/4.2/psoc creator/import/gnu/arm/5.4.1/bin/../lib/gcc/arm-none-eabi/5.4.1/../../../../arm-none-eabi/lib/armv7-m\libg_nano.a(lib_a-nano-mallocr.o)
 .ARM.attributes
                0x00000895       0x2d c:/program files (x86)/cypress/psoc creator/4.2/psoc creator/import/gnu/arm/5.4.1/bin/../lib/gcc/arm-none-eabi/5.4.1/../../../../arm-none-eabi/lib/armv7-m\libg_nano.a(lib_a-nano-reallocr.o)
 .ARM.attributes
                0x000008c2       0x2d c:/program files (x86)/cypress/psoc creator/4.2/psoc creator/import/gnu/arm/5.4.1/bin/../lib/gcc/arm-none-eabi/5.4.1/../../../../arm-none-eabi/lib/armv7-m\libg_nano.a(lib_a-sbrkr.o)
 .ARM.attributes
                0x000008ef       0x2d c:/program files (x86)/cypress/psoc creator/4.2/psoc creator/import/gnu/arm/5.4.1/bin/../lib/gcc/arm-none-eabi/5.4.1/../../../../arm-none-eabi/lib/armv7-m\libg_nano.a(lib_a-mlock.o)
 .ARM.attributes
                0x0000091c       0x2d c:/program files (x86)/cypress/psoc creator/4.2/psoc creator/import/gnu/arm/5.4.1/bin/../lib/gcc/arm-none-eabi/5.4.1/../../../../arm-none-eabi/lib/armv7-m\libg_nano.a(lib_a-nano-msizer.o)
 .ARM.attributes
                0x00000949       0x2d c:/program files (x86)/cypress/psoc creator/4.2/psoc creator/import/gnu/arm/5.4.1/bin/../lib/gcc/arm-none-eabi/5.4.1/../../../../arm-none-eabi/lib/armv7-m\libg_nano.a(lib_a-reent.o)
 .ARM.attributes
                0x00000976       0x2d c:/program files (x86)/cypress/psoc creator/4.2/psoc creator/import/gnu/arm/5.4.1/bin/../lib/gcc/arm-none-eabi/5.4.1/armv7-m/crtend.o
 .ARM.attributes
                0x000009a3       0x1d c:/program files (x86)/cypress/psoc creator/4.2/psoc creator/import/gnu/arm/5.4.1/bin/../lib/gcc/arm-none-eabi/5.4.1/armv7-m/crtn.o

/DISCARD/
 *(.note.GNU-stack)
OUTPUT(C:\Users\nikol\Documents\git\3. Semester\PRJ3\player_side_app\CupSensor_IF\CupSensor_IF.cydsn\CortexM3\ARM_GCC_541\Debug\CupSensor_IF.elf elf32-littlearm)
