Archive member included to satisfy reference by file (symbol)

.\CortexM3\ARM_GCC_541\Debug\ShiftRegPWM.a(UART_1.o)
                              .\CortexM3\ARM_GCC_541\Debug\main.o (UART_1_Start)
.\CortexM3\ARM_GCC_541\Debug\ShiftRegPWM.a(isr_uart_rx.o)
                              .\CortexM3\ARM_GCC_541\Debug\main.o (isr_uart_rx_StartEx)
.\CortexM3\ARM_GCC_541\Debug\ShiftRegPWM.a(UART_1_IntClock.o)
                              .\CortexM3\ARM_GCC_541\Debug\ShiftRegPWM.a(UART_1.o) (UART_1_IntClock_Start)
.\CortexM3\ARM_GCC_541\Debug\ShiftRegPWM.a(CyLib.o)
                              .\CortexM3\ARM_GCC_541\Debug\Cm3Start.o (CyHalt)
.\CortexM3\ARM_GCC_541\Debug\ShiftRegPWM.a(cyPm.o)
                              .\CortexM3\ARM_GCC_541\Debug\ShiftRegPWM.a(CyLib.o) (CyPmReadStatus)
.\CortexM3\ARM_GCC_541\Debug\ShiftRegPWM.a(SPIM_led_control.o)
                              .\CortexM3\ARM_GCC_541\Debug\ShiftRegPWM.o (SPIM_led_control_WriteTxData)
.\CortexM3\ARM_GCC_541\Debug\ShiftRegPWM.a(SPIM_led_control_INT.o)
                              .\CortexM3\ARM_GCC_541\Debug\ShiftRegPWM.a(SPIM_led_control.o) (SPIM_led_control_TX_ISR)
.\CortexM3\ARM_GCC_541\Debug\ShiftRegPWM.a(Pin_latch.o)
                              .\CortexM3\ARM_GCC_541\Debug\ShiftRegPWM.o (Pin_latch_Write)
.\CortexM3\ARM_GCC_541\Debug\ShiftRegPWM.a(Timer_led_updater.o)
                              .\CortexM3\ARM_GCC_541\Debug\ShiftRegPWM.o (Timer_led_updater_ReadStatusRegister)
.\CortexM3\ARM_GCC_541\Debug\ShiftRegPWM.a(isr_update_leds.o)
                              .\CortexM3\ARM_GCC_541\Debug\ShiftRegPWM.o (isr_update_leds_StartEx)
.\CortexM3\ARM_GCC_541\Debug\ShiftRegPWM.a(Pin_update_time.o)
                              .\CortexM3\ARM_GCC_541\Debug\ShiftRegPWM.o (Pin_update_time_Write)
.\CortexM3\ARM_GCC_541\Debug\ShiftRegPWM.a(CyBootAsmGnu.o)
                              .\CortexM3\ARM_GCC_541\Debug\cyfitter_cfg.o (CyDelayCycles)
.\CortexM3\ARM_GCC_541\Debug\ShiftRegPWM.a(CyFlash.o)
                              .\CortexM3\ARM_GCC_541\Debug\ShiftRegPWM.a(cyPm.o) (CyFlash_SetWaitCycles)
.\CortexM3\ARM_GCC_541\Debug\ShiftRegPWM.a(CySpc.o)
                              .\CortexM3\ARM_GCC_541\Debug\ShiftRegPWM.a(CyFlash.o) (CySpcStart)
f:/marcus/software/psoc creator/4.2/psoc creator/import/gnu/arm/5.4.1/bin/../lib/gcc/arm-none-eabi/5.4.1/armv7-m\libgcc.a(_arm_addsubdf3.o)
                              .\CortexM3\ARM_GCC_541\Debug\ShiftRegPWM.o (__aeabi_i2d)
f:/marcus/software/psoc creator/4.2/psoc creator/import/gnu/arm/5.4.1/bin/../lib/gcc/arm-none-eabi/5.4.1/armv7-m\libgcc.a(_arm_muldivdf3.o)
                              .\CortexM3\ARM_GCC_541\Debug\ShiftRegPWM.o (__aeabi_dmul)
f:/marcus/software/psoc creator/4.2/psoc creator/import/gnu/arm/5.4.1/bin/../lib/gcc/arm-none-eabi/5.4.1/armv7-m\libgcc.a(_arm_fixunsdfsi.o)
                              .\CortexM3\ARM_GCC_541\Debug\ShiftRegPWM.o (__aeabi_d2uiz)
f:/marcus/software/psoc creator/4.2/psoc creator/import/gnu/arm/5.4.1/bin/../lib/gcc/arm-none-eabi/5.4.1/../../../../arm-none-eabi/lib/armv7-m\libg_nano.a(lib_a-errno.o)
                              .\CortexM3\ARM_GCC_541\Debug\Cm3Start.o (__errno)
f:/marcus/software/psoc creator/4.2/psoc creator/import/gnu/arm/5.4.1/bin/../lib/gcc/arm-none-eabi/5.4.1/../../../../arm-none-eabi/lib/armv7-m\libg_nano.a(lib_a-exit.o)
                              f:/marcus/software/psoc creator/4.2/psoc creator/import/gnu/arm/5.4.1/bin/../lib/gcc/arm-none-eabi/5.4.1/../../../../arm-none-eabi/lib/armv7-m/crt0.o (exit)
f:/marcus/software/psoc creator/4.2/psoc creator/import/gnu/arm/5.4.1/bin/../lib/gcc/arm-none-eabi/5.4.1/../../../../arm-none-eabi/lib/armv7-m\libg_nano.a(lib_a-impure.o)
                              f:/marcus/software/psoc creator/4.2/psoc creator/import/gnu/arm/5.4.1/bin/../lib/gcc/arm-none-eabi/5.4.1/../../../../arm-none-eabi/lib/armv7-m\libg_nano.a(lib_a-exit.o) (_global_impure_ptr)
f:/marcus/software/psoc creator/4.2/psoc creator/import/gnu/arm/5.4.1/bin/../lib/gcc/arm-none-eabi/5.4.1/../../../../arm-none-eabi/lib/armv7-m\libg_nano.a(lib_a-init.o)
                              f:/marcus/software/psoc creator/4.2/psoc creator/import/gnu/arm/5.4.1/bin/../lib/gcc/arm-none-eabi/5.4.1/../../../../arm-none-eabi/lib/armv7-m/crt0.o (__libc_init_array)
f:/marcus/software/psoc creator/4.2/psoc creator/import/gnu/arm/5.4.1/bin/../lib/gcc/arm-none-eabi/5.4.1/../../../../arm-none-eabi/lib/armv7-m\libg_nano.a(lib_a-memcpy-stub.o)
                              .\CortexM3\ARM_GCC_541\Debug\cyfitter_cfg.o (memcpy)
f:/marcus/software/psoc creator/4.2/psoc creator/import/gnu/arm/5.4.1/bin/../lib/gcc/arm-none-eabi/5.4.1/../../../../arm-none-eabi/lib/armv7-m\libg_nano.a(lib_a-memset.o)
                              f:/marcus/software/psoc creator/4.2/psoc creator/import/gnu/arm/5.4.1/bin/../lib/gcc/arm-none-eabi/5.4.1/../../../../arm-none-eabi/lib/armv7-m/crt0.o (memset)

Allocating common symbols
Common symbol       size              file

SPIM_led_control_txBufferRead
                    0x1               .\CortexM3\ARM_GCC_541\Debug\ShiftRegPWM.a(SPIM_led_control.o)
SPIM_led_control_txBufferFull
                    0x1               .\CortexM3\ARM_GCC_541\Debug\ShiftRegPWM.a(SPIM_led_control.o)
SPIM_led_control_swStatusRx
                    0x1               .\CortexM3\ARM_GCC_541\Debug\ShiftRegPWM.a(SPIM_led_control.o)
SPIM_led_control_txBuffer
                    0x10              .\CortexM3\ARM_GCC_541\Debug\ShiftRegPWM.a(SPIM_led_control.o)
SPIM_led_control_swStatusTx
                    0x1               .\CortexM3\ARM_GCC_541\Debug\ShiftRegPWM.a(SPIM_led_control.o)
dieTemperature      0x2               .\CortexM3\ARM_GCC_541\Debug\ShiftRegPWM.a(CyFlash.o)
SPIM_led_control_txBufferWrite
                    0x1               .\CortexM3\ARM_GCC_541\Debug\ShiftRegPWM.a(SPIM_led_control.o)

Discarded input sections

 .text          0x00000000        0x0 f:/marcus/software/psoc creator/4.2/psoc creator/import/gnu/arm/5.4.1/bin/../lib/gcc/arm-none-eabi/5.4.1/armv7-m/crti.o
 .data          0x00000000        0x0 f:/marcus/software/psoc creator/4.2/psoc creator/import/gnu/arm/5.4.1/bin/../lib/gcc/arm-none-eabi/5.4.1/armv7-m/crti.o
 .bss           0x00000000        0x0 f:/marcus/software/psoc creator/4.2/psoc creator/import/gnu/arm/5.4.1/bin/../lib/gcc/arm-none-eabi/5.4.1/armv7-m/crti.o
 .data          0x00000000        0x4 f:/marcus/software/psoc creator/4.2/psoc creator/import/gnu/arm/5.4.1/bin/../lib/gcc/arm-none-eabi/5.4.1/armv7-m/crtbegin.o
 .text          0x00000000       0x74 f:/marcus/software/psoc creator/4.2/psoc creator/import/gnu/arm/5.4.1/bin/../lib/gcc/arm-none-eabi/5.4.1/../../../../arm-none-eabi/lib/armv7-m/crt0.o
 .data          0x00000000        0x0 f:/marcus/software/psoc creator/4.2/psoc creator/import/gnu/arm/5.4.1/bin/../lib/gcc/arm-none-eabi/5.4.1/../../../../arm-none-eabi/lib/armv7-m/crt0.o
 .bss           0x00000000        0x0 f:/marcus/software/psoc creator/4.2/psoc creator/import/gnu/arm/5.4.1/bin/../lib/gcc/arm-none-eabi/5.4.1/../../../../arm-none-eabi/lib/armv7-m/crt0.o
 .ARM.extab     0x00000000        0x0 f:/marcus/software/psoc creator/4.2/psoc creator/import/gnu/arm/5.4.1/bin/../lib/gcc/arm-none-eabi/5.4.1/../../../../arm-none-eabi/lib/armv7-m/crt0.o
 .ARM.exidx     0x00000000        0x8 f:/marcus/software/psoc creator/4.2/psoc creator/import/gnu/arm/5.4.1/bin/../lib/gcc/arm-none-eabi/5.4.1/../../../../arm-none-eabi/lib/armv7-m/crt0.o
 .text          0x00000000        0x0 .\CortexM3\ARM_GCC_541\Debug\main.o
 .data          0x00000000        0x0 .\CortexM3\ARM_GCC_541\Debug\main.o
 .text          0x00000000        0x0 .\CortexM3\ARM_GCC_541\Debug\ShiftRegPWM.o
 .data          0x00000000        0x0 .\CortexM3\ARM_GCC_541\Debug\ShiftRegPWM.o
 .text          0x00000000        0x0 .\CortexM3\ARM_GCC_541\Debug\CupLight_IF.o
 .data          0x00000000        0x0 .\CortexM3\ARM_GCC_541\Debug\CupLight_IF.o
 .bss           0x00000000        0x0 .\CortexM3\ARM_GCC_541\Debug\CupLight_IF.o
 .text.controlAllLights
                0x00000000       0x20 .\CortexM3\ARM_GCC_541\Debug\CupLight_IF.o
 .text          0x00000000        0x0 .\CortexM3\ARM_GCC_541\Debug\cyfitter_cfg.o
 .data          0x00000000        0x0 .\CortexM3\ARM_GCC_541\Debug\cyfitter_cfg.o
 .bss           0x00000000        0x0 .\CortexM3\ARM_GCC_541\Debug\cyfitter_cfg.o
 .text.SetAnalogRoutingPumps
                0x00000000       0x10 .\CortexM3\ARM_GCC_541\Debug\cyfitter_cfg.o
 .text          0x00000000        0x0 .\CortexM3\ARM_GCC_541\Debug\cymetadata.o
 .data          0x00000000        0x0 .\CortexM3\ARM_GCC_541\Debug\cymetadata.o
 .bss           0x00000000        0x0 .\CortexM3\ARM_GCC_541\Debug\cymetadata.o
 .text          0x00000000        0x0 .\CortexM3\ARM_GCC_541\Debug\Cm3Start.o
 .data          0x00000000        0x4 .\CortexM3\ARM_GCC_541\Debug\Cm3Start.o
 .bss           0x00000000        0x0 .\CortexM3\ARM_GCC_541\Debug\Cm3Start.o
 .text._exit    0x00000000        0xc .\CortexM3\ARM_GCC_541\Debug\Cm3Start.o
 .text._sbrk    0x00000000       0x30 .\CortexM3\ARM_GCC_541\Debug\Cm3Start.o
 .text          0x00000000        0x0 .\CortexM3\ARM_GCC_541\Debug\ShiftRegPWM.a(UART_1.o)
 .data          0x00000000        0x0 .\CortexM3\ARM_GCC_541\Debug\ShiftRegPWM.a(UART_1.o)
 .text.UART_1_Stop
                0x00000000       0x3c .\CortexM3\ARM_GCC_541\Debug\ShiftRegPWM.a(UART_1.o)
 .text.UART_1_ReadControlRegister
                0x00000000        0x4 .\CortexM3\ARM_GCC_541\Debug\ShiftRegPWM.a(UART_1.o)
 .text.UART_1_WriteControlRegister
                0x00000000        0x4 .\CortexM3\ARM_GCC_541\Debug\ShiftRegPWM.a(UART_1.o)
 .text.UART_1_SetRxInterruptMode
                0x00000000        0xc .\CortexM3\ARM_GCC_541\Debug\ShiftRegPWM.a(UART_1.o)
 .text.UART_1_ReadRxStatus
                0x00000000       0x10 .\CortexM3\ARM_GCC_541\Debug\ShiftRegPWM.a(UART_1.o)
 .text.UART_1_GetChar
                0x00000000       0x2c .\CortexM3\ARM_GCC_541\Debug\ShiftRegPWM.a(UART_1.o)
 .text.UART_1_GetByte
                0x00000000       0x14 .\CortexM3\ARM_GCC_541\Debug\ShiftRegPWM.a(UART_1.o)
 .text.UART_1_ClearRxBuffer
                0x00000000       0x24 .\CortexM3\ARM_GCC_541\Debug\ShiftRegPWM.a(UART_1.o)
 .text.UART_1_SetRxAddressMode
                0x00000000        0x4 .\CortexM3\ARM_GCC_541\Debug\ShiftRegPWM.a(UART_1.o)
 .text.UART_1_SetRxAddress1
                0x00000000        0xc .\CortexM3\ARM_GCC_541\Debug\ShiftRegPWM.a(UART_1.o)
 .text.UART_1_SetRxAddress2
                0x00000000        0xc .\CortexM3\ARM_GCC_541\Debug\ShiftRegPWM.a(UART_1.o)
 .text.UART_1_SetTxInterruptMode
                0x00000000        0xc .\CortexM3\ARM_GCC_541\Debug\ShiftRegPWM.a(UART_1.o)
 .text.UART_1_ReadTxStatus
                0x00000000        0xc .\CortexM3\ARM_GCC_541\Debug\ShiftRegPWM.a(UART_1.o)
 .text.UART_1_PutArray
                0x00000000       0x28 .\CortexM3\ARM_GCC_541\Debug\ShiftRegPWM.a(UART_1.o)
 .text.UART_1_PutCRLF
                0x00000000       0x20 .\CortexM3\ARM_GCC_541\Debug\ShiftRegPWM.a(UART_1.o)
 .text.UART_1_GetTxBufferSize
                0x00000000       0x24 .\CortexM3\ARM_GCC_541\Debug\ShiftRegPWM.a(UART_1.o)
 .text.UART_1_ClearTxBuffer
                0x00000000       0x24 .\CortexM3\ARM_GCC_541\Debug\ShiftRegPWM.a(UART_1.o)
 .text.UART_1_SendBreak
                0x00000000       0x5c .\CortexM3\ARM_GCC_541\Debug\ShiftRegPWM.a(UART_1.o)
 .text.UART_1_SetTxAddressMode
                0x00000000        0x4 .\CortexM3\ARM_GCC_541\Debug\ShiftRegPWM.a(UART_1.o)
 .text          0x00000000        0x0 .\CortexM3\ARM_GCC_541\Debug\ShiftRegPWM.a(isr_uart_rx.o)
 .data          0x00000000        0x0 .\CortexM3\ARM_GCC_541\Debug\ShiftRegPWM.a(isr_uart_rx.o)
 .bss           0x00000000        0x0 .\CortexM3\ARM_GCC_541\Debug\ShiftRegPWM.a(isr_uart_rx.o)
 .text.isr_uart_rx_Interrupt
                0x00000000        0x4 .\CortexM3\ARM_GCC_541\Debug\ShiftRegPWM.a(isr_uart_rx.o)
 .text.isr_uart_rx_GetVector
                0x00000000        0xc .\CortexM3\ARM_GCC_541\Debug\ShiftRegPWM.a(isr_uart_rx.o)
 .text.isr_uart_rx_GetPriority
                0x00000000        0xc .\CortexM3\ARM_GCC_541\Debug\ShiftRegPWM.a(isr_uart_rx.o)
 .text.isr_uart_rx_GetState
                0x00000000       0x18 .\CortexM3\ARM_GCC_541\Debug\ShiftRegPWM.a(isr_uart_rx.o)
 .text.isr_uart_rx_Start
                0x00000000       0x1c .\CortexM3\ARM_GCC_541\Debug\ShiftRegPWM.a(isr_uart_rx.o)
 .text.isr_uart_rx_Stop
                0x00000000       0x14 .\CortexM3\ARM_GCC_541\Debug\ShiftRegPWM.a(isr_uart_rx.o)
 .text.isr_uart_rx_SetPending
                0x00000000        0xc .\CortexM3\ARM_GCC_541\Debug\ShiftRegPWM.a(isr_uart_rx.o)
 .text.isr_uart_rx_ClearPending
                0x00000000        0xc .\CortexM3\ARM_GCC_541\Debug\ShiftRegPWM.a(isr_uart_rx.o)
 .text          0x00000000        0x0 .\CortexM3\ARM_GCC_541\Debug\ShiftRegPWM.a(UART_1_IntClock.o)
 .data          0x00000000        0x0 .\CortexM3\ARM_GCC_541\Debug\ShiftRegPWM.a(UART_1_IntClock.o)
 .bss           0x00000000        0x0 .\CortexM3\ARM_GCC_541\Debug\ShiftRegPWM.a(UART_1_IntClock.o)
 .text.UART_1_IntClock_Stop
                0x00000000       0x1c .\CortexM3\ARM_GCC_541\Debug\ShiftRegPWM.a(UART_1_IntClock.o)
 .text.UART_1_IntClock_StopBlock
                0x00000000       0x6c .\CortexM3\ARM_GCC_541\Debug\ShiftRegPWM.a(UART_1_IntClock.o)
 .text.UART_1_IntClock_StandbyPower
                0x00000000       0x20 .\CortexM3\ARM_GCC_541\Debug\ShiftRegPWM.a(UART_1_IntClock.o)
 .text.UART_1_IntClock_GetDividerRegister
                0x00000000        0xc .\CortexM3\ARM_GCC_541\Debug\ShiftRegPWM.a(UART_1_IntClock.o)
 .text.UART_1_IntClock_SetModeRegister
                0x00000000       0x14 .\CortexM3\ARM_GCC_541\Debug\ShiftRegPWM.a(UART_1_IntClock.o)
 .text.UART_1_IntClock_ClearModeRegister
                0x00000000       0x18 .\CortexM3\ARM_GCC_541\Debug\ShiftRegPWM.a(UART_1_IntClock.o)
 .text.UART_1_IntClock_GetModeRegister
                0x00000000       0x10 .\CortexM3\ARM_GCC_541\Debug\ShiftRegPWM.a(UART_1_IntClock.o)
 .text.UART_1_IntClock_GetSourceRegister
                0x00000000       0x10 .\CortexM3\ARM_GCC_541\Debug\ShiftRegPWM.a(UART_1_IntClock.o)
 .text.UART_1_IntClock_SetDividerRegister
                0x00000000       0xdc .\CortexM3\ARM_GCC_541\Debug\ShiftRegPWM.a(UART_1_IntClock.o)
 .text.UART_1_IntClock_SetSourceRegister
                0x00000000       0x5c .\CortexM3\ARM_GCC_541\Debug\ShiftRegPWM.a(UART_1_IntClock.o)
 .text          0x00000000        0x0 .\CortexM3\ARM_GCC_541\Debug\ShiftRegPWM.a(CyLib.o)
 .bss           0x00000000       0x1c .\CortexM3\ARM_GCC_541\Debug\ShiftRegPWM.a(CyLib.o)
 .text.CyUSB_PowerOnCheck
                0x00000000       0x48 .\CortexM3\ARM_GCC_541\Debug\ShiftRegPWM.a(CyLib.o)
 .text.CyBusClk_Internal_SetDivider
                0x00000000       0x48 .\CortexM3\ARM_GCC_541\Debug\ShiftRegPWM.a(CyLib.o)
 .text.CyPLL_OUT_Stop
                0x00000000       0x10 .\CortexM3\ARM_GCC_541\Debug\ShiftRegPWM.a(CyLib.o)
 .text.CyIMO_Stop
                0x00000000       0x1c .\CortexM3\ARM_GCC_541\Debug\ShiftRegPWM.a(CyLib.o)
 .text.CyIMO_EnableDoubler
                0x00000000       0x10 .\CortexM3\ARM_GCC_541\Debug\ShiftRegPWM.a(CyLib.o)
 .text.CyIMO_DisableDoubler
                0x00000000       0x10 .\CortexM3\ARM_GCC_541\Debug\ShiftRegPWM.a(CyLib.o)
 .text.CyMasterClk_SetSource
                0x00000000       0x18 .\CortexM3\ARM_GCC_541\Debug\ShiftRegPWM.a(CyLib.o)
 .text.CyMasterClk_SetDivider
                0x00000000        0xc .\CortexM3\ARM_GCC_541\Debug\ShiftRegPWM.a(CyLib.o)
 .text.CyBusClk_SetDivider
                0x00000000       0x70 .\CortexM3\ARM_GCC_541\Debug\ShiftRegPWM.a(CyLib.o)
 .text.CyUsbClk_SetSource
                0x00000000       0x18 .\CortexM3\ARM_GCC_541\Debug\ShiftRegPWM.a(CyLib.o)
 .text.CyILO_Start1K
                0x00000000       0x10 .\CortexM3\ARM_GCC_541\Debug\ShiftRegPWM.a(CyLib.o)
 .text.CyILO_Stop1K
                0x00000000       0x10 .\CortexM3\ARM_GCC_541\Debug\ShiftRegPWM.a(CyLib.o)
 .text.CyILO_Start100K
                0x00000000       0x10 .\CortexM3\ARM_GCC_541\Debug\ShiftRegPWM.a(CyLib.o)
 .text.CyILO_Stop100K
                0x00000000       0x10 .\CortexM3\ARM_GCC_541\Debug\ShiftRegPWM.a(CyLib.o)
 .text.CyPLL_OUT_Start
                0x00000000       0x78 .\CortexM3\ARM_GCC_541\Debug\ShiftRegPWM.a(CyLib.o)
 .text.CyIMO_Start
                0x00000000       0x60 .\CortexM3\ARM_GCC_541\Debug\ShiftRegPWM.a(CyLib.o)
 .text.CyILO_Enable33K
                0x00000000       0x10 .\CortexM3\ARM_GCC_541\Debug\ShiftRegPWM.a(CyLib.o)
 .text.CyILO_Disable33K
                0x00000000       0x10 .\CortexM3\ARM_GCC_541\Debug\ShiftRegPWM.a(CyLib.o)
 .text.CyILO_SetSource
                0x00000000       0x18 .\CortexM3\ARM_GCC_541\Debug\ShiftRegPWM.a(CyLib.o)
 .text.CyILO_SetPowerMode
                0x00000000       0x24 .\CortexM3\ARM_GCC_541\Debug\ShiftRegPWM.a(CyLib.o)
 .text.CyXTAL_32KHZ_Stop
                0x00000000       0x30 .\CortexM3\ARM_GCC_541\Debug\ShiftRegPWM.a(CyLib.o)
 .text.CyXTAL_32KHZ_ReadStatus
                0x00000000       0x10 .\CortexM3\ARM_GCC_541\Debug\ShiftRegPWM.a(CyLib.o)
 .text.CyXTAL_Start
                0x00000000       0xac .\CortexM3\ARM_GCC_541\Debug\ShiftRegPWM.a(CyLib.o)
 .text.CyXTAL_Stop
                0x00000000       0x10 .\CortexM3\ARM_GCC_541\Debug\ShiftRegPWM.a(CyLib.o)
 .text.CyXTAL_EnableErrStatus
                0x00000000       0x10 .\CortexM3\ARM_GCC_541\Debug\ShiftRegPWM.a(CyLib.o)
 .text.CyXTAL_DisableErrStatus
                0x00000000       0x10 .\CortexM3\ARM_GCC_541\Debug\ShiftRegPWM.a(CyLib.o)
 .text.CyXTAL_ReadStatus
                0x00000000       0x18 .\CortexM3\ARM_GCC_541\Debug\ShiftRegPWM.a(CyLib.o)
 .text.CyXTAL_EnableFaultRecovery
                0x00000000       0x10 .\CortexM3\ARM_GCC_541\Debug\ShiftRegPWM.a(CyLib.o)
 .text.CyXTAL_DisableFaultRecovery
                0x00000000       0x10 .\CortexM3\ARM_GCC_541\Debug\ShiftRegPWM.a(CyLib.o)
 .text.CyXTAL_SetStartup
                0x00000000       0x18 .\CortexM3\ARM_GCC_541\Debug\ShiftRegPWM.a(CyLib.o)
 .text.CyXTAL_SetFbVoltage
                0x00000000       0x18 .\CortexM3\ARM_GCC_541\Debug\ShiftRegPWM.a(CyLib.o)
 .text.CyXTAL_SetWdVoltage
                0x00000000       0x18 .\CortexM3\ARM_GCC_541\Debug\ShiftRegPWM.a(CyLib.o)
 .text.CyPLL_OUT_SetPQ
                0x00000000       0x60 .\CortexM3\ARM_GCC_541\Debug\ShiftRegPWM.a(CyLib.o)
 .text.CyPLL_OUT_SetSource
                0x00000000       0x34 .\CortexM3\ARM_GCC_541\Debug\ShiftRegPWM.a(CyLib.o)
 .text.CyIMO_SetTrimValue
                0x00000000       0xcc .\CortexM3\ARM_GCC_541\Debug\ShiftRegPWM.a(CyLib.o)
 .text.CyIMO_SetFreq
                0x00000000       0xf4 .\CortexM3\ARM_GCC_541\Debug\ShiftRegPWM.a(CyLib.o)
 .text.CyIMO_SetSource
                0x00000000       0x58 .\CortexM3\ARM_GCC_541\Debug\ShiftRegPWM.a(CyLib.o)
 .text.CySoftwareReset
                0x00000000       0x10 .\CortexM3\ARM_GCC_541\Debug\ShiftRegPWM.a(CyLib.o)
 .text.CyDelayUs
                0x00000000       0x14 .\CortexM3\ARM_GCC_541\Debug\ShiftRegPWM.a(CyLib.o)
 .text.CyXTAL_32KHZ_SetPowerMode
                0x00000000       0x84 .\CortexM3\ARM_GCC_541\Debug\ShiftRegPWM.a(CyLib.o)
 .text.CyXTAL_32KHZ_Start
                0x00000000       0x74 .\CortexM3\ARM_GCC_541\Debug\ShiftRegPWM.a(CyLib.o)
 .text.CyDelayFreq
                0x00000000       0x4c .\CortexM3\ARM_GCC_541\Debug\ShiftRegPWM.a(CyLib.o)
 .text.CyWdtStart
                0x00000000       0x40 .\CortexM3\ARM_GCC_541\Debug\ShiftRegPWM.a(CyLib.o)
 .text.CyWdtClear
                0x00000000        0xc .\CortexM3\ARM_GCC_541\Debug\ShiftRegPWM.a(CyLib.o)
 .text.CyVdStickyStatus
                0x00000000       0x2c .\CortexM3\ARM_GCC_541\Debug\ShiftRegPWM.a(CyLib.o)
 .text.CyVdLvDigitEnable
                0x00000000       0x84 .\CortexM3\ARM_GCC_541\Debug\ShiftRegPWM.a(CyLib.o)
 .text.CyVdLvAnalogEnable
                0x00000000       0x80 .\CortexM3\ARM_GCC_541\Debug\ShiftRegPWM.a(CyLib.o)
 .text.CyVdLvDigitDisable
                0x00000000       0x30 .\CortexM3\ARM_GCC_541\Debug\ShiftRegPWM.a(CyLib.o)
 .text.CyVdLvAnalogDisable
                0x00000000       0x28 .\CortexM3\ARM_GCC_541\Debug\ShiftRegPWM.a(CyLib.o)
 .text.CyVdHvAnalogEnable
                0x00000000       0x54 .\CortexM3\ARM_GCC_541\Debug\ShiftRegPWM.a(CyLib.o)
 .text.CyVdHvAnalogDisable
                0x00000000       0x20 .\CortexM3\ARM_GCC_541\Debug\ShiftRegPWM.a(CyLib.o)
 .text.CyVdRealTimeStatus
                0x00000000       0x1c .\CortexM3\ARM_GCC_541\Debug\ShiftRegPWM.a(CyLib.o)
 .text.CyDisableInts
                0x00000000       0x1c .\CortexM3\ARM_GCC_541\Debug\ShiftRegPWM.a(CyLib.o)
 .text.CyEnableInts
                0x00000000       0x18 .\CortexM3\ARM_GCC_541\Debug\ShiftRegPWM.a(CyLib.o)
 .text.CyFlushCache
                0x00000000       0x44 .\CortexM3\ARM_GCC_541\Debug\ShiftRegPWM.a(CyLib.o)
 .text.CyIntSetSysVector
                0x00000000       0x28 .\CortexM3\ARM_GCC_541\Debug\ShiftRegPWM.a(CyLib.o)
 .text.CyIntGetSysVector
                0x00000000       0x20 .\CortexM3\ARM_GCC_541\Debug\ShiftRegPWM.a(CyLib.o)
 .text.CyIntGetVector
                0x00000000       0x24 .\CortexM3\ARM_GCC_541\Debug\ShiftRegPWM.a(CyLib.o)
 .text.CyIntGetPriority
                0x00000000       0x20 .\CortexM3\ARM_GCC_541\Debug\ShiftRegPWM.a(CyLib.o)
 .text.CyIntGetState
                0x00000000       0x24 .\CortexM3\ARM_GCC_541\Debug\ShiftRegPWM.a(CyLib.o)
 .text.CySysTickStop
                0x00000000       0x10 .\CortexM3\ARM_GCC_541\Debug\ShiftRegPWM.a(CyLib.o)
 .text.CySysTickEnableInterrupt
                0x00000000       0x10 .\CortexM3\ARM_GCC_541\Debug\ShiftRegPWM.a(CyLib.o)
 .text.CySysTickEnable
                0x00000000       0x18 .\CortexM3\ARM_GCC_541\Debug\ShiftRegPWM.a(CyLib.o)
 .text.CySysTickDisableInterrupt
                0x00000000       0x10 .\CortexM3\ARM_GCC_541\Debug\ShiftRegPWM.a(CyLib.o)
 .text.CySysTickSetReload
                0x00000000       0x10 .\CortexM3\ARM_GCC_541\Debug\ShiftRegPWM.a(CyLib.o)
 .text.CySysTickGetReload
                0x00000000       0x10 .\CortexM3\ARM_GCC_541\Debug\ShiftRegPWM.a(CyLib.o)
 .text.CySysTickGetValue
                0x00000000       0x10 .\CortexM3\ARM_GCC_541\Debug\ShiftRegPWM.a(CyLib.o)
 .text.CySysTickSetClockSource
                0x00000000       0x20 .\CortexM3\ARM_GCC_541\Debug\ShiftRegPWM.a(CyLib.o)
 .text.CySysTickGetClockSource
                0x00000000       0x10 .\CortexM3\ARM_GCC_541\Debug\ShiftRegPWM.a(CyLib.o)
 .text.CySysTickGetCountFlag
                0x00000000       0x10 .\CortexM3\ARM_GCC_541\Debug\ShiftRegPWM.a(CyLib.o)
 .text.CySysTickServiceCallbacks
                0x00000000       0x28 .\CortexM3\ARM_GCC_541\Debug\ShiftRegPWM.a(CyLib.o)
 .text.CySysTickClear
                0x00000000        0xc .\CortexM3\ARM_GCC_541\Debug\ShiftRegPWM.a(CyLib.o)
 .text.CySysTickInit
                0x00000000       0x58 .\CortexM3\ARM_GCC_541\Debug\ShiftRegPWM.a(CyLib.o)
 .text.CySysTickStart
                0x00000000       0x1c .\CortexM3\ARM_GCC_541\Debug\ShiftRegPWM.a(CyLib.o)
 .text.CySysTickSetCallback
                0x00000000       0x10 .\CortexM3\ARM_GCC_541\Debug\ShiftRegPWM.a(CyLib.o)
 .text.CySysTickGetCallback
                0x00000000       0x10 .\CortexM3\ARM_GCC_541\Debug\ShiftRegPWM.a(CyLib.o)
 .text.CyGetUniqueId
                0x00000000       0x70 .\CortexM3\ARM_GCC_541\Debug\ShiftRegPWM.a(CyLib.o)
 .text          0x00000000        0x0 .\CortexM3\ARM_GCC_541\Debug\ShiftRegPWM.a(cyPm.o)
 .data          0x00000000        0x0 .\CortexM3\ARM_GCC_541\Debug\ShiftRegPWM.a(cyPm.o)
 .bss           0x00000000       0x43 .\CortexM3\ARM_GCC_541\Debug\ShiftRegPWM.a(cyPm.o)
 .text.CyPmHibSlpSaveSet
                0x00000000      0x1dc .\CortexM3\ARM_GCC_541\Debug\ShiftRegPWM.a(cyPm.o)
 .text.CyPmHibSlpRestore
                0x00000000       0xd8 .\CortexM3\ARM_GCC_541\Debug\ShiftRegPWM.a(cyPm.o)
 .text.CyPmHviLviSaveDisable
                0x00000000       0xa0 .\CortexM3\ARM_GCC_541\Debug\ShiftRegPWM.a(cyPm.o)
 .text.CyPmHibSaveSet
                0x00000000       0x98 .\CortexM3\ARM_GCC_541\Debug\ShiftRegPWM.a(cyPm.o)
 .text.CyPmHviLviRestore
                0x00000000       0x48 .\CortexM3\ARM_GCC_541\Debug\ShiftRegPWM.a(cyPm.o)
 .text.CyPmHibRestore
                0x00000000       0x60 .\CortexM3\ARM_GCC_541\Debug\ShiftRegPWM.a(cyPm.o)
 .text.CyPmSaveClocks
                0x00000000      0x218 .\CortexM3\ARM_GCC_541\Debug\ShiftRegPWM.a(cyPm.o)
 .text.CyPmRestoreClocks
                0x00000000      0x24c .\CortexM3\ARM_GCC_541\Debug\ShiftRegPWM.a(cyPm.o)
 .text.CyPmAltAct
                0x00000000       0x6c .\CortexM3\ARM_GCC_541\Debug\ShiftRegPWM.a(cyPm.o)
 .text.CyPmSleep
                0x00000000       0xf4 .\CortexM3\ARM_GCC_541\Debug\ShiftRegPWM.a(cyPm.o)
 .text.CyPmHibernateEx
                0x00000000       0xf4 .\CortexM3\ARM_GCC_541\Debug\ShiftRegPWM.a(cyPm.o)
 .text.CyPmHibernate
                0x00000000        0xc .\CortexM3\ARM_GCC_541\Debug\ShiftRegPWM.a(cyPm.o)
 .text.CyPmReadStatus
                0x00000000       0x30 .\CortexM3\ARM_GCC_541\Debug\ShiftRegPWM.a(cyPm.o)
 .text.CyPmCtwSetInterval
                0x00000000       0x5c .\CortexM3\ARM_GCC_541\Debug\ShiftRegPWM.a(cyPm.o)
 .text.CyPmOppsSet
                0x00000000       0x2c .\CortexM3\ARM_GCC_541\Debug\ShiftRegPWM.a(cyPm.o)
 .text.CyPmFtwSetInterval
                0x00000000       0x5c .\CortexM3\ARM_GCC_541\Debug\ShiftRegPWM.a(cyPm.o)
 .rodata        0x00000000        0xf .\CortexM3\ARM_GCC_541\Debug\ShiftRegPWM.a(cyPm.o)
 .text          0x00000000        0x0 .\CortexM3\ARM_GCC_541\Debug\ShiftRegPWM.a(SPIM_led_control.o)
 .data          0x00000000        0x0 .\CortexM3\ARM_GCC_541\Debug\ShiftRegPWM.a(SPIM_led_control.o)
 .text.SPIM_led_control_EnableRxInt
                0x00000000        0x4 .\CortexM3\ARM_GCC_541\Debug\ShiftRegPWM.a(SPIM_led_control.o)
 .text.SPIM_led_control_Stop
                0x00000000       0x28 .\CortexM3\ARM_GCC_541\Debug\ShiftRegPWM.a(SPIM_led_control.o)
 .text.SPIM_led_control_DisableRxInt
                0x00000000        0x4 .\CortexM3\ARM_GCC_541\Debug\ShiftRegPWM.a(SPIM_led_control.o)
 .text.SPIM_led_control_SetTxInterruptMode
                0x00000000        0xc .\CortexM3\ARM_GCC_541\Debug\ShiftRegPWM.a(SPIM_led_control.o)
 .text.SPIM_led_control_SetRxInterruptMode
                0x00000000        0xc .\CortexM3\ARM_GCC_541\Debug\ShiftRegPWM.a(SPIM_led_control.o)
 .text.SPIM_led_control_ReadRxData
                0x00000000        0xc .\CortexM3\ARM_GCC_541\Debug\ShiftRegPWM.a(SPIM_led_control.o)
 .text.SPIM_led_control_GetRxBufferSize
                0x00000000       0x18 .\CortexM3\ARM_GCC_541\Debug\ShiftRegPWM.a(SPIM_led_control.o)
 .text.SPIM_led_control_GetTxBufferSize
                0x00000000       0x58 .\CortexM3\ARM_GCC_541\Debug\ShiftRegPWM.a(SPIM_led_control.o)
 .text.SPIM_led_control_ClearRxBuffer
                0x00000000       0x1c .\CortexM3\ARM_GCC_541\Debug\ShiftRegPWM.a(SPIM_led_control.o)
 .text.SPIM_led_control_ClearTxBuffer
                0x00000000       0x54 .\CortexM3\ARM_GCC_541\Debug\ShiftRegPWM.a(SPIM_led_control.o)
 .text.SPIM_led_control_PutArray
                0x00000000       0x20 .\CortexM3\ARM_GCC_541\Debug\ShiftRegPWM.a(SPIM_led_control.o)
 .text.SPIM_led_control_EnableInt
                0x00000000        0x8 .\CortexM3\ARM_GCC_541\Debug\ShiftRegPWM.a(SPIM_led_control.o)
 .text.SPIM_led_control_DisableInt
                0x00000000        0x8 .\CortexM3\ARM_GCC_541\Debug\ShiftRegPWM.a(SPIM_led_control.o)
 .text.SPIM_led_control_SetInterruptMode
                0x00000000       0x14 .\CortexM3\ARM_GCC_541\Debug\ShiftRegPWM.a(SPIM_led_control.o)
 .text.SPIM_led_control_ReadStatus
                0x00000000       0x48 .\CortexM3\ARM_GCC_541\Debug\ShiftRegPWM.a(SPIM_led_control.o)
 .text          0x00000000        0x0 .\CortexM3\ARM_GCC_541\Debug\ShiftRegPWM.a(SPIM_led_control_INT.o)
 .data          0x00000000        0x0 .\CortexM3\ARM_GCC_541\Debug\ShiftRegPWM.a(SPIM_led_control_INT.o)
 .bss           0x00000000        0x0 .\CortexM3\ARM_GCC_541\Debug\ShiftRegPWM.a(SPIM_led_control_INT.o)
 .text.SPIM_led_control_RX_ISR
                0x00000000        0x4 .\CortexM3\ARM_GCC_541\Debug\ShiftRegPWM.a(SPIM_led_control_INT.o)
 .text          0x00000000        0x0 .\CortexM3\ARM_GCC_541\Debug\ShiftRegPWM.a(Pin_latch.o)
 .data          0x00000000        0x0 .\CortexM3\ARM_GCC_541\Debug\ShiftRegPWM.a(Pin_latch.o)
 .bss           0x00000000        0x0 .\CortexM3\ARM_GCC_541\Debug\ShiftRegPWM.a(Pin_latch.o)
 .text.Pin_latch_SetDriveMode
                0x00000000       0x18 .\CortexM3\ARM_GCC_541\Debug\ShiftRegPWM.a(Pin_latch.o)
 .text.Pin_latch_Read
                0x00000000       0x10 .\CortexM3\ARM_GCC_541\Debug\ShiftRegPWM.a(Pin_latch.o)
 .text.Pin_latch_ReadDataReg
                0x00000000       0x10 .\CortexM3\ARM_GCC_541\Debug\ShiftRegPWM.a(Pin_latch.o)
 .text          0x00000000        0x0 .\CortexM3\ARM_GCC_541\Debug\ShiftRegPWM.a(Timer_led_updater.o)
 .data          0x00000000        0x0 .\CortexM3\ARM_GCC_541\Debug\ShiftRegPWM.a(Timer_led_updater.o)
 .text.Timer_led_updater_Stop
                0x00000000       0x28 .\CortexM3\ARM_GCC_541\Debug\ShiftRegPWM.a(Timer_led_updater.o)
 .text.Timer_led_updater_SoftwareCapture
                0x00000000        0xc .\CortexM3\ARM_GCC_541\Debug\ShiftRegPWM.a(Timer_led_updater.o)
 .text.Timer_led_updater_ReadControlRegister
                0x00000000        0xc .\CortexM3\ARM_GCC_541\Debug\ShiftRegPWM.a(Timer_led_updater.o)
 .text.Timer_led_updater_WriteControlRegister
                0x00000000        0xc .\CortexM3\ARM_GCC_541\Debug\ShiftRegPWM.a(Timer_led_updater.o)
 .text.Timer_led_updater_ReadPeriod
                0x00000000        0xc .\CortexM3\ARM_GCC_541\Debug\ShiftRegPWM.a(Timer_led_updater.o)
 .text.Timer_led_updater_ReadCapture
                0x00000000        0xc .\CortexM3\ARM_GCC_541\Debug\ShiftRegPWM.a(Timer_led_updater.o)
 .text.Timer_led_updater_ReadCounter
                0x00000000       0x14 .\CortexM3\ARM_GCC_541\Debug\ShiftRegPWM.a(Timer_led_updater.o)
 .text          0x00000000        0x0 .\CortexM3\ARM_GCC_541\Debug\ShiftRegPWM.a(isr_update_leds.o)
 .data          0x00000000        0x0 .\CortexM3\ARM_GCC_541\Debug\ShiftRegPWM.a(isr_update_leds.o)
 .bss           0x00000000        0x0 .\CortexM3\ARM_GCC_541\Debug\ShiftRegPWM.a(isr_update_leds.o)
 .text.isr_update_leds_Interrupt
                0x00000000        0x4 .\CortexM3\ARM_GCC_541\Debug\ShiftRegPWM.a(isr_update_leds.o)
 .text.isr_update_leds_GetVector
                0x00000000       0x10 .\CortexM3\ARM_GCC_541\Debug\ShiftRegPWM.a(isr_update_leds.o)
 .text.isr_update_leds_GetPriority
                0x00000000        0xc .\CortexM3\ARM_GCC_541\Debug\ShiftRegPWM.a(isr_update_leds.o)
 .text.isr_update_leds_GetState
                0x00000000       0x18 .\CortexM3\ARM_GCC_541\Debug\ShiftRegPWM.a(isr_update_leds.o)
 .text.isr_update_leds_Start
                0x00000000       0x1c .\CortexM3\ARM_GCC_541\Debug\ShiftRegPWM.a(isr_update_leds.o)
 .text.isr_update_leds_Stop
                0x00000000       0x14 .\CortexM3\ARM_GCC_541\Debug\ShiftRegPWM.a(isr_update_leds.o)
 .text.isr_update_leds_SetPending
                0x00000000       0x10 .\CortexM3\ARM_GCC_541\Debug\ShiftRegPWM.a(isr_update_leds.o)
 .text.isr_update_leds_ClearPending
                0x00000000       0x10 .\CortexM3\ARM_GCC_541\Debug\ShiftRegPWM.a(isr_update_leds.o)
 .text          0x00000000        0x0 .\CortexM3\ARM_GCC_541\Debug\ShiftRegPWM.a(Pin_update_time.o)
 .data          0x00000000        0x0 .\CortexM3\ARM_GCC_541\Debug\ShiftRegPWM.a(Pin_update_time.o)
 .bss           0x00000000        0x0 .\CortexM3\ARM_GCC_541\Debug\ShiftRegPWM.a(Pin_update_time.o)
 .text.Pin_update_time_SetDriveMode
                0x00000000       0x18 .\CortexM3\ARM_GCC_541\Debug\ShiftRegPWM.a(Pin_update_time.o)
 .text.Pin_update_time_Read
                0x00000000       0x10 .\CortexM3\ARM_GCC_541\Debug\ShiftRegPWM.a(Pin_update_time.o)
 .text.Pin_update_time_ReadDataReg
                0x00000000       0x10 .\CortexM3\ARM_GCC_541\Debug\ShiftRegPWM.a(Pin_update_time.o)
 .data          0x00000000        0x0 .\CortexM3\ARM_GCC_541\Debug\ShiftRegPWM.a(CyBootAsmGnu.o)
 .bss           0x00000000        0x0 .\CortexM3\ARM_GCC_541\Debug\ShiftRegPWM.a(CyBootAsmGnu.o)
 .text          0x00000000        0x0 .\CortexM3\ARM_GCC_541\Debug\ShiftRegPWM.a(CyFlash.o)
 .data          0x00000000        0x0 .\CortexM3\ARM_GCC_541\Debug\ShiftRegPWM.a(CyFlash.o)
 .bss           0x00000000        0x0 .\CortexM3\ARM_GCC_541\Debug\ShiftRegPWM.a(CyFlash.o)
 .text.CySetTempInt
                0x00000000       0x60 .\CortexM3\ARM_GCC_541\Debug\ShiftRegPWM.a(CyFlash.o)
 .text.CyFlash_Start
                0x00000000       0x54 .\CortexM3\ARM_GCC_541\Debug\ShiftRegPWM.a(CyFlash.o)
 .text.CyFlash_Stop
                0x00000000       0x24 .\CortexM3\ARM_GCC_541\Debug\ShiftRegPWM.a(CyFlash.o)
 .text.CyFlash_EraseRow
                0x00000000       0x78 .\CortexM3\ARM_GCC_541\Debug\ShiftRegPWM.a(CyFlash.o)
 .text.CyFlashGetSpcAlgorithm
                0x00000000       0x4c .\CortexM3\ARM_GCC_541\Debug\ShiftRegPWM.a(CyFlash.o)
 .text.CySetTemp
                0x00000000       0x14 .\CortexM3\ARM_GCC_541\Debug\ShiftRegPWM.a(CyFlash.o)
 .text.CySetFlashEEBuffer
                0x00000000       0x20 .\CortexM3\ARM_GCC_541\Debug\ShiftRegPWM.a(CyFlash.o)
 .text.CyWriteRowFull
                0x00000000       0xf8 .\CortexM3\ARM_GCC_541\Debug\ShiftRegPWM.a(CyFlash.o)
 .text.CyWriteRowData
                0x00000000       0x14 .\CortexM3\ARM_GCC_541\Debug\ShiftRegPWM.a(CyFlash.o)
 .text.CyFlash_SetWaitCycles
                0x00000000       0x7c .\CortexM3\ARM_GCC_541\Debug\ShiftRegPWM.a(CyFlash.o)
 .text.CyEEPROM_Start
                0x00000000       0x54 .\CortexM3\ARM_GCC_541\Debug\ShiftRegPWM.a(CyFlash.o)
 .text.CyEEPROM_Stop
                0x00000000       0x24 .\CortexM3\ARM_GCC_541\Debug\ShiftRegPWM.a(CyFlash.o)
 .text.CyEEPROM_ReadReserve
                0x00000000       0x1c .\CortexM3\ARM_GCC_541\Debug\ShiftRegPWM.a(CyFlash.o)
 .text.CyEEPROM_ReadRelease
                0x00000000       0x10 .\CortexM3\ARM_GCC_541\Debug\ShiftRegPWM.a(CyFlash.o)
 COMMON         0x00000000        0x2 .\CortexM3\ARM_GCC_541\Debug\ShiftRegPWM.a(CyFlash.o)
 .text          0x00000000        0x0 .\CortexM3\ARM_GCC_541\Debug\ShiftRegPWM.a(CySpc.o)
 .data          0x00000000        0x0 .\CortexM3\ARM_GCC_541\Debug\ShiftRegPWM.a(CySpc.o)
 .bss           0x00000000        0x8 .\CortexM3\ARM_GCC_541\Debug\ShiftRegPWM.a(CySpc.o)
 .text.CySpcStart
                0x00000000       0x24 .\CortexM3\ARM_GCC_541\Debug\ShiftRegPWM.a(CySpc.o)
 .text.CySpcStop
                0x00000000       0x24 .\CortexM3\ARM_GCC_541\Debug\ShiftRegPWM.a(CySpc.o)
 .text.CySpcReadData
                0x00000000       0x34 .\CortexM3\ARM_GCC_541\Debug\ShiftRegPWM.a(CySpc.o)
 .text.CySpcLoadMultiByte
                0x00000000       0x78 .\CortexM3\ARM_GCC_541\Debug\ShiftRegPWM.a(CySpc.o)
 .text.CySpcLoadRow
                0x00000000       0x50 .\CortexM3\ARM_GCC_541\Debug\ShiftRegPWM.a(CySpc.o)
 .text.CySpcLoadRowFull
                0x00000000       0x80 .\CortexM3\ARM_GCC_541\Debug\ShiftRegPWM.a(CySpc.o)
 .text.CySpcWriteRow
                0x00000000       0x4c .\CortexM3\ARM_GCC_541\Debug\ShiftRegPWM.a(CySpc.o)
 .text.CySpcEraseSector
                0x00000000       0x3c .\CortexM3\ARM_GCC_541\Debug\ShiftRegPWM.a(CySpc.o)
 .text.CySpcEraseRow
                0x00000000       0x4c .\CortexM3\ARM_GCC_541\Debug\ShiftRegPWM.a(CySpc.o)
 .text.CySpcGetTemp
                0x00000000       0x3c .\CortexM3\ARM_GCC_541\Debug\ShiftRegPWM.a(CySpc.o)
 .text.CySpcLock
                0x00000000       0x4c .\CortexM3\ARM_GCC_541\Debug\ShiftRegPWM.a(CySpc.o)
 .text.CySpcUnlock
                0x00000000       0x38 .\CortexM3\ARM_GCC_541\Debug\ShiftRegPWM.a(CySpc.o)
 .text.CySpcGetAlgorithm
                0x00000000       0x28 .\CortexM3\ARM_GCC_541\Debug\ShiftRegPWM.a(CySpc.o)
 .data          0x00000000        0x0 f:/marcus/software/psoc creator/4.2/psoc creator/import/gnu/arm/5.4.1/bin/../lib/gcc/arm-none-eabi/5.4.1/armv7-m\libgcc.a(_arm_addsubdf3.o)
 .bss           0x00000000        0x0 f:/marcus/software/psoc creator/4.2/psoc creator/import/gnu/arm/5.4.1/bin/../lib/gcc/arm-none-eabi/5.4.1/armv7-m\libgcc.a(_arm_addsubdf3.o)
 .data          0x00000000        0x0 f:/marcus/software/psoc creator/4.2/psoc creator/import/gnu/arm/5.4.1/bin/../lib/gcc/arm-none-eabi/5.4.1/armv7-m\libgcc.a(_arm_muldivdf3.o)
 .bss           0x00000000        0x0 f:/marcus/software/psoc creator/4.2/psoc creator/import/gnu/arm/5.4.1/bin/../lib/gcc/arm-none-eabi/5.4.1/armv7-m\libgcc.a(_arm_muldivdf3.o)
 .data          0x00000000        0x0 f:/marcus/software/psoc creator/4.2/psoc creator/import/gnu/arm/5.4.1/bin/../lib/gcc/arm-none-eabi/5.4.1/armv7-m\libgcc.a(_arm_fixunsdfsi.o)
 .bss           0x00000000        0x0 f:/marcus/software/psoc creator/4.2/psoc creator/import/gnu/arm/5.4.1/bin/../lib/gcc/arm-none-eabi/5.4.1/armv7-m\libgcc.a(_arm_fixunsdfsi.o)
 .text          0x00000000        0x0 f:/marcus/software/psoc creator/4.2/psoc creator/import/gnu/arm/5.4.1/bin/../lib/gcc/arm-none-eabi/5.4.1/../../../../arm-none-eabi/lib/armv7-m\libg_nano.a(lib_a-errno.o)
 .data          0x00000000        0x0 f:/marcus/software/psoc creator/4.2/psoc creator/import/gnu/arm/5.4.1/bin/../lib/gcc/arm-none-eabi/5.4.1/../../../../arm-none-eabi/lib/armv7-m\libg_nano.a(lib_a-errno.o)
 .bss           0x00000000        0x0 f:/marcus/software/psoc creator/4.2/psoc creator/import/gnu/arm/5.4.1/bin/../lib/gcc/arm-none-eabi/5.4.1/../../../../arm-none-eabi/lib/armv7-m\libg_nano.a(lib_a-errno.o)
 .text          0x00000000        0x0 f:/marcus/software/psoc creator/4.2/psoc creator/import/gnu/arm/5.4.1/bin/../lib/gcc/arm-none-eabi/5.4.1/../../../../arm-none-eabi/lib/armv7-m\libg_nano.a(lib_a-exit.o)
 .data          0x00000000        0x0 f:/marcus/software/psoc creator/4.2/psoc creator/import/gnu/arm/5.4.1/bin/../lib/gcc/arm-none-eabi/5.4.1/../../../../arm-none-eabi/lib/armv7-m\libg_nano.a(lib_a-exit.o)
 .bss           0x00000000        0x0 f:/marcus/software/psoc creator/4.2/psoc creator/import/gnu/arm/5.4.1/bin/../lib/gcc/arm-none-eabi/5.4.1/../../../../arm-none-eabi/lib/armv7-m\libg_nano.a(lib_a-exit.o)
 .text.exit     0x00000000       0x28 f:/marcus/software/psoc creator/4.2/psoc creator/import/gnu/arm/5.4.1/bin/../lib/gcc/arm-none-eabi/5.4.1/../../../../arm-none-eabi/lib/armv7-m\libg_nano.a(lib_a-exit.o)
 .text          0x00000000        0x0 f:/marcus/software/psoc creator/4.2/psoc creator/import/gnu/arm/5.4.1/bin/../lib/gcc/arm-none-eabi/5.4.1/../../../../arm-none-eabi/lib/armv7-m\libg_nano.a(lib_a-impure.o)
 .data          0x00000000        0x0 f:/marcus/software/psoc creator/4.2/psoc creator/import/gnu/arm/5.4.1/bin/../lib/gcc/arm-none-eabi/5.4.1/../../../../arm-none-eabi/lib/armv7-m\libg_nano.a(lib_a-impure.o)
 .bss           0x00000000        0x0 f:/marcus/software/psoc creator/4.2/psoc creator/import/gnu/arm/5.4.1/bin/../lib/gcc/arm-none-eabi/5.4.1/../../../../arm-none-eabi/lib/armv7-m\libg_nano.a(lib_a-impure.o)
 .rodata._global_impure_ptr
                0x00000000        0x4 f:/marcus/software/psoc creator/4.2/psoc creator/import/gnu/arm/5.4.1/bin/../lib/gcc/arm-none-eabi/5.4.1/../../../../arm-none-eabi/lib/armv7-m\libg_nano.a(lib_a-impure.o)
 .text          0x00000000        0x0 f:/marcus/software/psoc creator/4.2/psoc creator/import/gnu/arm/5.4.1/bin/../lib/gcc/arm-none-eabi/5.4.1/../../../../arm-none-eabi/lib/armv7-m\libg_nano.a(lib_a-init.o)
 .data          0x00000000        0x0 f:/marcus/software/psoc creator/4.2/psoc creator/import/gnu/arm/5.4.1/bin/../lib/gcc/arm-none-eabi/5.4.1/../../../../arm-none-eabi/lib/armv7-m\libg_nano.a(lib_a-init.o)
 .bss           0x00000000        0x0 f:/marcus/software/psoc creator/4.2/psoc creator/import/gnu/arm/5.4.1/bin/../lib/gcc/arm-none-eabi/5.4.1/../../../../arm-none-eabi/lib/armv7-m\libg_nano.a(lib_a-init.o)
 .text          0x00000000        0x0 f:/marcus/software/psoc creator/4.2/psoc creator/import/gnu/arm/5.4.1/bin/../lib/gcc/arm-none-eabi/5.4.1/../../../../arm-none-eabi/lib/armv7-m\libg_nano.a(lib_a-memcpy-stub.o)
 .data          0x00000000        0x0 f:/marcus/software/psoc creator/4.2/psoc creator/import/gnu/arm/5.4.1/bin/../lib/gcc/arm-none-eabi/5.4.1/../../../../arm-none-eabi/lib/armv7-m\libg_nano.a(lib_a-memcpy-stub.o)
 .bss           0x00000000        0x0 f:/marcus/software/psoc creator/4.2/psoc creator/import/gnu/arm/5.4.1/bin/../lib/gcc/arm-none-eabi/5.4.1/../../../../arm-none-eabi/lib/armv7-m\libg_nano.a(lib_a-memcpy-stub.o)
 .text          0x00000000        0x0 f:/marcus/software/psoc creator/4.2/psoc creator/import/gnu/arm/5.4.1/bin/../lib/gcc/arm-none-eabi/5.4.1/../../../../arm-none-eabi/lib/armv7-m\libg_nano.a(lib_a-memset.o)
 .data          0x00000000        0x0 f:/marcus/software/psoc creator/4.2/psoc creator/import/gnu/arm/5.4.1/bin/../lib/gcc/arm-none-eabi/5.4.1/../../../../arm-none-eabi/lib/armv7-m\libg_nano.a(lib_a-memset.o)
 .bss           0x00000000        0x0 f:/marcus/software/psoc creator/4.2/psoc creator/import/gnu/arm/5.4.1/bin/../lib/gcc/arm-none-eabi/5.4.1/../../../../arm-none-eabi/lib/armv7-m\libg_nano.a(lib_a-memset.o)
 .text          0x00000000        0x0 f:/marcus/software/psoc creator/4.2/psoc creator/import/gnu/arm/5.4.1/bin/../lib/gcc/arm-none-eabi/5.4.1/armv7-m/crtend.o
 .data          0x00000000        0x0 f:/marcus/software/psoc creator/4.2/psoc creator/import/gnu/arm/5.4.1/bin/../lib/gcc/arm-none-eabi/5.4.1/armv7-m/crtend.o
 .bss           0x00000000        0x0 f:/marcus/software/psoc creator/4.2/psoc creator/import/gnu/arm/5.4.1/bin/../lib/gcc/arm-none-eabi/5.4.1/armv7-m/crtend.o
 .text          0x00000000        0x0 f:/marcus/software/psoc creator/4.2/psoc creator/import/gnu/arm/5.4.1/bin/../lib/gcc/arm-none-eabi/5.4.1/armv7-m/crtn.o
 .data          0x00000000        0x0 f:/marcus/software/psoc creator/4.2/psoc creator/import/gnu/arm/5.4.1/bin/../lib/gcc/arm-none-eabi/5.4.1/armv7-m/crtn.o
 .bss           0x00000000        0x0 f:/marcus/software/psoc creator/4.2/psoc creator/import/gnu/arm/5.4.1/bin/../lib/gcc/arm-none-eabi/5.4.1/armv7-m/crtn.o

Memory Configuration

Name             Origin             Length             Attributes
rom              0x00000000         0x00040000         xr
ram              0x1fff8000         0x00010000         xrw
*default*        0x00000000         0xffffffff

Linker script and memory map

LOAD f:/marcus/software/psoc creator/4.2/psoc creator/import/gnu/arm/5.4.1/bin/../lib/gcc/arm-none-eabi/5.4.1/armv7-m/crti.o
LOAD f:/marcus/software/psoc creator/4.2/psoc creator/import/gnu/arm/5.4.1/bin/../lib/gcc/arm-none-eabi/5.4.1/armv7-m/crtbegin.o
LOAD f:/marcus/software/psoc creator/4.2/psoc creator/import/gnu/arm/5.4.1/bin/../lib/gcc/arm-none-eabi/5.4.1/../../../../arm-none-eabi/lib/armv7-m/crt0.o
START GROUP
LOAD .\CortexM3\ARM_GCC_541\Debug\main.o
LOAD .\CortexM3\ARM_GCC_541\Debug\ShiftRegPWM.o
LOAD .\CortexM3\ARM_GCC_541\Debug\CupLight_IF.o
LOAD .\CortexM3\ARM_GCC_541\Debug\cyfitter_cfg.o
LOAD .\CortexM3\ARM_GCC_541\Debug\cymetadata.o
LOAD .\CortexM3\ARM_GCC_541\Debug\Cm3Start.o
LOAD .\CortexM3\ARM_GCC_541\Debug\ShiftRegPWM.a
LOAD F:\Marcus\software\PSoC Creator\4.2\PSoC Creator\psoc\content\cycomponentlibrary\CyComponentLibrary.cylib\CortexM3\ARM_GCC_541\Debug\CyComponentLibrary.a
END GROUP
START GROUP
LOAD f:/marcus/software/psoc creator/4.2/psoc creator/import/gnu/arm/5.4.1/bin/../lib/gcc/arm-none-eabi/5.4.1/armv7-m\libgcc.a
LOAD f:/marcus/software/psoc creator/4.2/psoc creator/import/gnu/arm/5.4.1/bin/../lib/gcc/arm-none-eabi/5.4.1/../../../../arm-none-eabi/lib/armv7-m\libg_nano.a
LOAD f:/marcus/software/psoc creator/4.2/psoc creator/import/gnu/arm/5.4.1/bin/../lib/gcc/arm-none-eabi/5.4.1/../../../../arm-none-eabi/lib/armv7-m\libc_nano.a
END GROUP
START GROUP
LOAD f:/marcus/software/psoc creator/4.2/psoc creator/import/gnu/arm/5.4.1/bin/../lib/gcc/arm-none-eabi/5.4.1/armv7-m\libgcc.a
LOAD f:/marcus/software/psoc creator/4.2/psoc creator/import/gnu/arm/5.4.1/bin/../lib/gcc/arm-none-eabi/5.4.1/../../../../arm-none-eabi/lib/armv7-m\libc_nano.a
END GROUP
LOAD f:/marcus/software/psoc creator/4.2/psoc creator/import/gnu/arm/5.4.1/bin/../lib/gcc/arm-none-eabi/5.4.1/armv7-m/crtend.o
LOAD f:/marcus/software/psoc creator/4.2/psoc creator/import/gnu/arm/5.4.1/bin/../lib/gcc/arm-none-eabi/5.4.1/armv7-m/crtn.o
START GROUP
LOAD f:/marcus/software/psoc creator/4.2/psoc creator/import/gnu/arm/5.4.1/bin/../lib/gcc/arm-none-eabi/5.4.1/armv7-m\libgcc.a
LOAD f:/marcus/software/psoc creator/4.2/psoc creator/import/gnu/arm/5.4.1/bin/../lib/gcc/arm-none-eabi/5.4.1/../../../../arm-none-eabi/lib/armv7-m\libc.a
LOAD f:/marcus/software/psoc creator/4.2/psoc creator/import/gnu/arm/5.4.1/bin/../lib/gcc/arm-none-eabi/5.4.1/../../../../arm-none-eabi/lib/armv7-m\libnosys.a
END GROUP
                0x00000000                CY_APPL_ORIGIN = 0x0
                0x00000100                CY_FLASH_ROW_SIZE = 0x100
                0x00000020                CY_ECC_ROW_SIZE = 0x20
                0x00000000                CY_EE_IN_BTLDR = 0x0
                0x00000000                CY_APPL_LOADABLE = 0x0
                0x00000800                CY_EE_SIZE = 0x800
                0x00000001                CY_APPL_NUM = 0x1
                0x00000001                CY_APPL_MAX = 0x1
                0x00000040                CY_METADATA_SIZE = 0x40
                0x00000000                CY_APPL_LOADABLE = 0x0
                0x00000000                CY_CHECKSUM_EXCLUDE_SIZE = ALIGN (0x0, CY_FLASH_ROW_SIZE)
                [!provide]                PROVIDE (__cy_heap_start, _end)
                0x00000001                PROVIDE (__cy_region_num, ((__cy_regions_end - __cy_regions) / 0x10))
                0x20008000                PROVIDE (__cy_stack, (ORIGIN (ram) + LENGTH (ram)))
                [!provide]                PROVIDE (__cy_heap_end, (__cy_stack - 0x800))

.cybootloader   0x00000000        0x0
 *(.cybootloader)
                0x00000000                appl1_start = CY_APPL_ORIGIN?CY_APPL_ORIGIN:ALIGN (CY_FLASH_ROW_SIZE)
                0x0001ff00                appl2_start = (appl1_start + ALIGN ((((LENGTH (rom) - appl1_start) - (0x2 * CY_FLASH_ROW_SIZE)) / 0x2), CY_FLASH_ROW_SIZE))
                0x00000000                appl_start = (CY_APPL_NUM == 0x1)?appl1_start:appl2_start
                0x00000000                ecc_offset = ((appl_start / CY_FLASH_ROW_SIZE) * CY_ECC_ROW_SIZE)
                0x00000000                ee_offset = (CY_APPL_LOADABLE && ! (CY_EE_IN_BTLDR))?((CY_EE_SIZE / CY_APPL_MAX) * (CY_APPL_NUM - 0x1)):0x0
                0x00000800                ee_size = (CY_APPL_LOADABLE && ! (CY_EE_IN_BTLDR))?(CY_EE_SIZE / CY_APPL_MAX):CY_EE_SIZE
                [!provide]                PROVIDE (CY_ECC_OFFSET, ecc_offset)

.text           0x00000000     0x151a
 CREATE_OBJECT_SYMBOLS
                0x00000000                PROVIDE (__cy_interrupt_vector, RomVectors)
 *(.romvectors)
 .romvectors    0x00000000       0x10 .\CortexM3\ARM_GCC_541\Debug\Cm3Start.o
                0x00000000                RomVectors
                0x00000001                ASSERT ((. != __cy_interrupt_vector), No interrupt vector)
                0x00000001                ASSERT (CY_APPL_ORIGIN?(SIZEOF (.cybootloader) <= CY_APPL_ORIGIN):0x1, Wrong image location)
                0x00000010                PROVIDE (__cy_reset, Reset)
 *(.text.Reset)
 .text.Reset    0x00000010       0x18 .\CortexM3\ARM_GCC_541\Debug\Cm3Start.o
                0x00000010                Reset
                0x00000001                ASSERT ((. != __cy_reset), No reset code)
 *(.dma_init)
                0x00000001                ASSERT ((((appl_start + .) <= 0x10000) || 0x1), DMA Init must be within the first 64k of flash)
 *(.text .text.* .gnu.linkonce.t.*)
 .text          0x00000028       0x5c f:/marcus/software/psoc creator/4.2/psoc creator/import/gnu/arm/5.4.1/bin/../lib/gcc/arm-none-eabi/5.4.1/armv7-m/crtbegin.o
 .text.main     0x00000084       0x74 .\CortexM3\ARM_GCC_541\Debug\main.o
                0x00000084                main
 .text.handleByteReceived
                0x000000f8       0xf4 .\CortexM3\ARM_GCC_541\Debug\main.o
                0x000000f8                handleByteReceived
 .text.ISR_UART_rx_handler
                0x000001ec       0x24 .\CortexM3\ARM_GCC_541\Debug\main.o
                0x000001ec                ISR_UART_rx_handler
 .text.initShiftRegPWM
                0x00000210       0x18 .\CortexM3\ARM_GCC_541\Debug\ShiftRegPWM.o
                0x00000210                initShiftRegPWM
 .text.setPin   0x00000228       0x6c .\CortexM3\ARM_GCC_541\Debug\ShiftRegPWM.o
                0x00000228                setPin
 .text.toggleLatchShiftReg
                0x00000294       0x10 .\CortexM3\ARM_GCC_541\Debug\ShiftRegPWM.o
                0x00000294                toggleLatchShiftReg
 .text.update   0x000002a4       0x48 .\CortexM3\ARM_GCC_541\Debug\ShiftRegPWM.o
                0x000002a4                update
 .text.updater_handler
                0x000002ec       0x14 .\CortexM3\ARM_GCC_541\Debug\ShiftRegPWM.o
                0x000002ec                updater_handler
 .text.controlLight
                0x00000300       0x44 .\CortexM3\ARM_GCC_541\Debug\CupLight_IF.o
                0x00000300                controlLight
 .text.blinkLight
                0x00000344       0x48 .\CortexM3\ARM_GCC_541\Debug\CupLight_IF.o
                0x00000344                blinkLight
 .text.CyClockStartupError
                0x0000038c        0x4 .\CortexM3\ARM_GCC_541\Debug\cyfitter_cfg.o
 .text.cfg_write_bytes32
                0x00000390       0x34 .\CortexM3\ARM_GCC_541\Debug\cyfitter_cfg.o
 .text.AnalogSetDefault
                0x000003c4       0x28 .\CortexM3\ARM_GCC_541\Debug\cyfitter_cfg.o
 .text.CYMEMZERO
                0x000003ec        0xc .\CortexM3\ARM_GCC_541\Debug\cyfitter_cfg.o
 .text.ClockSetup
                0x000003f8       0xc4 .\CortexM3\ARM_GCC_541\Debug\cyfitter_cfg.o
 .text.CYCONFIGCPY
                0x000004bc        0x8 .\CortexM3\ARM_GCC_541\Debug\cyfitter_cfg.o
 .text.cyfitter_cfg
                0x000004c4      0x124 .\CortexM3\ARM_GCC_541\Debug\cyfitter_cfg.o
                0x000004c4                cyfitter_cfg
 .text.IntDefaultHandler
                0x000005e8       0x10 .\CortexM3\ARM_GCC_541\Debug\Cm3Start.o
                0x000005e8                IntDefaultHandler
 .text.Start_c  0x000005f8       0x4c .\CortexM3\ARM_GCC_541\Debug\Cm3Start.o
                0x000005f8                Start_c
 .text.initialize_psoc
                0x00000644       0x68 .\CortexM3\ARM_GCC_541\Debug\Cm3Start.o
                0x00000644                initialize_psoc
 .text.UART_1_Init
                0x000006ac       0x28 .\CortexM3\ARM_GCC_541\Debug\ShiftRegPWM.a(UART_1.o)
                0x000006ac                UART_1_Init
 .text.UART_1_Enable
                0x000006d4       0x38 .\CortexM3\ARM_GCC_541\Debug\ShiftRegPWM.a(UART_1.o)
                0x000006d4                UART_1_Enable
 .text.UART_1_Start
                0x0000070c       0x1c .\CortexM3\ARM_GCC_541\Debug\ShiftRegPWM.a(UART_1.o)
                0x0000070c                UART_1_Start
 .text.UART_1_ReadRxData
                0x00000728        0xc .\CortexM3\ARM_GCC_541\Debug\ShiftRegPWM.a(UART_1.o)
                0x00000728                UART_1_ReadRxData
 .text.UART_1_GetRxBufferSize
                0x00000734       0x18 .\CortexM3\ARM_GCC_541\Debug\ShiftRegPWM.a(UART_1.o)
                0x00000734                UART_1_GetRxBufferSize
 .text.UART_1_WriteTxData
                0x0000074c       0x14 .\CortexM3\ARM_GCC_541\Debug\ShiftRegPWM.a(UART_1.o)
                0x0000074c                UART_1_WriteTxData
 .text.UART_1_PutChar
                0x00000760       0x18 .\CortexM3\ARM_GCC_541\Debug\ShiftRegPWM.a(UART_1.o)
                0x00000760                UART_1_PutChar
 .text.UART_1_PutString
                0x00000778       0x24 .\CortexM3\ARM_GCC_541\Debug\ShiftRegPWM.a(UART_1.o)
                0x00000778                UART_1_PutString
 .text.isr_uart_rx_SetVector
                0x0000079c        0xc .\CortexM3\ARM_GCC_541\Debug\ShiftRegPWM.a(isr_uart_rx.o)
                0x0000079c                isr_uart_rx_SetVector
 .text.isr_uart_rx_SetPriority
                0x000007a8       0x10 .\CortexM3\ARM_GCC_541\Debug\ShiftRegPWM.a(isr_uart_rx.o)
                0x000007a8                isr_uart_rx_SetPriority
 .text.isr_uart_rx_Enable
                0x000007b8        0xc .\CortexM3\ARM_GCC_541\Debug\ShiftRegPWM.a(isr_uart_rx.o)
                0x000007b8                isr_uart_rx_Enable
 .text.isr_uart_rx_Disable
                0x000007c4        0xc .\CortexM3\ARM_GCC_541\Debug\ShiftRegPWM.a(isr_uart_rx.o)
                0x000007c4                isr_uart_rx_Disable
 .text.isr_uart_rx_StartEx
                0x000007d0       0x1c .\CortexM3\ARM_GCC_541\Debug\ShiftRegPWM.a(isr_uart_rx.o)
                0x000007d0                isr_uart_rx_StartEx
 .text.UART_1_IntClock_Start
                0x000007ec       0x1c .\CortexM3\ARM_GCC_541\Debug\ShiftRegPWM.a(UART_1_IntClock.o)
                0x000007ec                UART_1_IntClock_Start
 .text.CyHalt   0x00000808        0x4 .\CortexM3\ARM_GCC_541\Debug\ShiftRegPWM.a(CyLib.o)
                0x00000808                CyHalt
 .text.CyDelay  0x0000080c       0x2c .\CortexM3\ARM_GCC_541\Debug\ShiftRegPWM.a(CyLib.o)
                0x0000080c                CyDelay
 .text.CyIntSetVector
                0x00000838       0x28 .\CortexM3\ARM_GCC_541\Debug\ShiftRegPWM.a(CyLib.o)
                0x00000838                CyIntSetVector
 .text.CyIntSetPriority
                0x00000860       0x30 .\CortexM3\ARM_GCC_541\Debug\ShiftRegPWM.a(CyLib.o)
                0x00000860                CyIntSetPriority
 .text.SPIM_led_control_EnableTxInt
                0x00000890        0xc .\CortexM3\ARM_GCC_541\Debug\ShiftRegPWM.a(SPIM_led_control.o)
                0x00000890                SPIM_led_control_EnableTxInt
 .text.SPIM_led_control_Enable
                0x0000089c       0x34 .\CortexM3\ARM_GCC_541\Debug\ShiftRegPWM.a(SPIM_led_control.o)
                0x0000089c                SPIM_led_control_Enable
 .text.SPIM_led_control_DisableTxInt
                0x000008d0        0xc .\CortexM3\ARM_GCC_541\Debug\ShiftRegPWM.a(SPIM_led_control.o)
                0x000008d0                SPIM_led_control_DisableTxInt
 .text.SPIM_led_control_ReadTxStatus
                0x000008dc       0x28 .\CortexM3\ARM_GCC_541\Debug\ShiftRegPWM.a(SPIM_led_control.o)
                0x000008dc                SPIM_led_control_ReadTxStatus
 .text.SPIM_led_control_ReadRxStatus
                0x00000904        0xc .\CortexM3\ARM_GCC_541\Debug\ShiftRegPWM.a(SPIM_led_control.o)
                0x00000904                SPIM_led_control_ReadRxStatus
 .text.SPIM_led_control_WriteTxData
                0x00000910       0xd4 .\CortexM3\ARM_GCC_541\Debug\ShiftRegPWM.a(SPIM_led_control.o)
                0x00000910                SPIM_led_control_WriteTxData
 .text.SPIM_led_control_ClearFIFO
                0x000009e4       0x3c .\CortexM3\ARM_GCC_541\Debug\ShiftRegPWM.a(SPIM_led_control.o)
                0x000009e4                SPIM_led_control_ClearFIFO
 .text.SPIM_led_control_Init
                0x00000a20       0x60 .\CortexM3\ARM_GCC_541\Debug\ShiftRegPWM.a(SPIM_led_control.o)
                0x00000a20                SPIM_led_control_Init
 .text.SPIM_led_control_Start
                0x00000a80       0x1c .\CortexM3\ARM_GCC_541\Debug\ShiftRegPWM.a(SPIM_led_control.o)
                0x00000a80                SPIM_led_control_Start
 .text.SPIM_led_control_TX_ISR
                0x00000a9c       0xa0 .\CortexM3\ARM_GCC_541\Debug\ShiftRegPWM.a(SPIM_led_control_INT.o)
                0x00000a9c                SPIM_led_control_TX_ISR
 .text.Pin_latch_Write
                0x00000b3c       0x18 .\CortexM3\ARM_GCC_541\Debug\ShiftRegPWM.a(Pin_latch.o)
                0x00000b3c                Pin_latch_Write
 .text.Timer_led_updater_Enable
                0x00000b54       0x28 .\CortexM3\ARM_GCC_541\Debug\ShiftRegPWM.a(Timer_led_updater.o)
                0x00000b54                Timer_led_updater_Enable
 .text.Timer_led_updater_SetInterruptMode
                0x00000b7c        0xc .\CortexM3\ARM_GCC_541\Debug\ShiftRegPWM.a(Timer_led_updater.o)
                0x00000b7c                Timer_led_updater_SetInterruptMode
 .text.Timer_led_updater_ReadStatusRegister
                0x00000b88        0xc .\CortexM3\ARM_GCC_541\Debug\ShiftRegPWM.a(Timer_led_updater.o)
                0x00000b88                Timer_led_updater_ReadStatusRegister
 .text.Timer_led_updater_WritePeriod
                0x00000b94        0xc .\CortexM3\ARM_GCC_541\Debug\ShiftRegPWM.a(Timer_led_updater.o)
                0x00000b94                Timer_led_updater_WritePeriod
 .text.Timer_led_updater_WriteCounter
                0x00000ba0        0xc .\CortexM3\ARM_GCC_541\Debug\ShiftRegPWM.a(Timer_led_updater.o)
                0x00000ba0                Timer_led_updater_WriteCounter
 .text.Timer_led_updater_Init
                0x00000bac       0x68 .\CortexM3\ARM_GCC_541\Debug\ShiftRegPWM.a(Timer_led_updater.o)
                0x00000bac                Timer_led_updater_Init
 .text.Timer_led_updater_Start
                0x00000c14       0x1c .\CortexM3\ARM_GCC_541\Debug\ShiftRegPWM.a(Timer_led_updater.o)
                0x00000c14                Timer_led_updater_Start
 .text.isr_update_leds_SetVector
                0x00000c30       0x10 .\CortexM3\ARM_GCC_541\Debug\ShiftRegPWM.a(isr_update_leds.o)
                0x00000c30                isr_update_leds_SetVector
 .text.isr_update_leds_SetPriority
                0x00000c40       0x10 .\CortexM3\ARM_GCC_541\Debug\ShiftRegPWM.a(isr_update_leds.o)
                0x00000c40                isr_update_leds_SetPriority
 .text.isr_update_leds_Enable
                0x00000c50       0x10 .\CortexM3\ARM_GCC_541\Debug\ShiftRegPWM.a(isr_update_leds.o)
                0x00000c50                isr_update_leds_Enable
 .text.isr_update_leds_Disable
                0x00000c60       0x10 .\CortexM3\ARM_GCC_541\Debug\ShiftRegPWM.a(isr_update_leds.o)
                0x00000c60                isr_update_leds_Disable
 .text.isr_update_leds_StartEx
                0x00000c70       0x1c .\CortexM3\ARM_GCC_541\Debug\ShiftRegPWM.a(isr_update_leds.o)
                0x00000c70                isr_update_leds_StartEx
 .text.Pin_update_time_Write
                0x00000c8c       0x18 .\CortexM3\ARM_GCC_541\Debug\ShiftRegPWM.a(Pin_update_time.o)
                0x00000c8c                Pin_update_time_Write
 *fill*         0x00000ca4        0x4 
 .text          0x00000ca8       0x20 .\CortexM3\ARM_GCC_541\Debug\ShiftRegPWM.a(CyBootAsmGnu.o)
                0x00000ca8                CyDelayCycles
                0x00000cb8                CyEnterCriticalSection
                0x00000cc0                CyExitCriticalSection
 .text          0x00000cc8      0x370 f:/marcus/software/psoc creator/4.2/psoc creator/import/gnu/arm/5.4.1/bin/../lib/gcc/arm-none-eabi/5.4.1/armv7-m\libgcc.a(_arm_addsubdf3.o)
                0x00000cc8                __aeabi_drsub
                0x00000cd0                __aeabi_dsub
                0x00000cd0                __subdf3
                0x00000cd4                __aeabi_dadd
                0x00000cd4                __adddf3
                0x00000f4c                __floatunsidf
                0x00000f4c                __aeabi_ui2d
                0x00000f6c                __floatsidf
                0x00000f6c                __aeabi_i2d
                0x00000f90                __aeabi_f2d
                0x00000f90                __extendsfdf2
                0x00000fcc                __floatundidf
                0x00000fcc                __aeabi_ul2d
                0x00000fdc                __floatdidf
                0x00000fdc                __aeabi_l2d
 .text          0x00001038      0x424 f:/marcus/software/psoc creator/4.2/psoc creator/import/gnu/arm/5.4.1/bin/../lib/gcc/arm-none-eabi/5.4.1/armv7-m\libgcc.a(_arm_muldivdf3.o)
                0x00001038                __aeabi_dmul
                0x00001038                __muldf3
                0x0000128c                __divdf3
                0x0000128c                __aeabi_ddiv
 .text          0x0000145c       0x40 f:/marcus/software/psoc creator/4.2/psoc creator/import/gnu/arm/5.4.1/bin/../lib/gcc/arm-none-eabi/5.4.1/armv7-m\libgcc.a(_arm_fixunsdfsi.o)
                0x0000145c                __aeabi_d2uiz
                0x0000145c                __fixunsdfsi
 .text.__errno  0x0000149c        0xc f:/marcus/software/psoc creator/4.2/psoc creator/import/gnu/arm/5.4.1/bin/../lib/gcc/arm-none-eabi/5.4.1/../../../../arm-none-eabi/lib/armv7-m\libg_nano.a(lib_a-errno.o)
                0x0000149c                __errno
 .text.__libc_init_array
                0x000014a8       0x4c f:/marcus/software/psoc creator/4.2/psoc creator/import/gnu/arm/5.4.1/bin/../lib/gcc/arm-none-eabi/5.4.1/../../../../arm-none-eabi/lib/armv7-m\libg_nano.a(lib_a-init.o)
                0x000014a8                __libc_init_array
 .text.memcpy   0x000014f4       0x16 f:/marcus/software/psoc creator/4.2/psoc creator/import/gnu/arm/5.4.1/bin/../lib/gcc/arm-none-eabi/5.4.1/../../../../arm-none-eabi/lib/armv7-m\libg_nano.a(lib_a-memcpy-stub.o)
                0x000014f4                memcpy
 .text.memset   0x0000150a       0x10 f:/marcus/software/psoc creator/4.2/psoc creator/import/gnu/arm/5.4.1/bin/../lib/gcc/arm-none-eabi/5.4.1/../../../../arm-none-eabi/lib/armv7-m\libg_nano.a(lib_a-memset.o)
                0x0000150a                memset
 *(.plt)
 *(.gnu.warning)
 *(.glue_7t)
 .glue_7t       0x0000151a        0x0 linker stubs
 *(.glue_7)
 .glue_7        0x0000151a        0x0 linker stubs
 *(.vfp11_veneer)
 .vfp11_veneer  0x0000151a        0x0 linker stubs
 *(.bootloader)
 *(.ARM.extab* .gnu.linkonce.armextab.*)
 *(.gcc_except_table)

.v4_bx          0x0000151c        0x0
 .v4_bx         0x0000151c        0x0 linker stubs

.iplt           0x0000151c        0x0
 .iplt          0x0000151c        0x0 f:/marcus/software/psoc creator/4.2/psoc creator/import/gnu/arm/5.4.1/bin/../lib/gcc/arm-none-eabi/5.4.1/armv7-m/crtbegin.o

.eh_frame_hdr
 *(.eh_frame_hdr)

.eh_frame       0x0000151c        0x4
 *(.eh_frame)
 .eh_frame      0x0000151c        0x0 f:/marcus/software/psoc creator/4.2/psoc creator/import/gnu/arm/5.4.1/bin/../lib/gcc/arm-none-eabi/5.4.1/armv7-m/crtbegin.o
 .eh_frame      0x0000151c        0x4 f:/marcus/software/psoc creator/4.2/psoc creator/import/gnu/arm/5.4.1/bin/../lib/gcc/arm-none-eabi/5.4.1/armv7-m/crtend.o
                [!provide]                PROVIDE (__exidx_start, .)

.ARM.exidx
 *(.ARM.exidx* .gnu.linkonce.armexidx.*)
                0x00001520                __exidx_end = .

.rodata         0x00001520       0xa8
 *(.rodata .rodata.* .gnu.linkonce.r.*)
 .rodata        0x00001520        0xb .\CortexM3\ARM_GCC_541\Debug\main.o
 *fill*         0x0000152b        0x1 
 .rodata.str1.4
                0x0000152c       0x14 .\CortexM3\ARM_GCC_541\Debug\main.o
                                 0x12 (size before relaxing)
 .rodata        0x00001540       0x4c .\CortexM3\ARM_GCC_541\Debug\cyfitter_cfg.o
 .rodata.str1.1
                0x0000158c        0x2 f:/marcus/software/psoc creator/4.2/psoc creator/import/gnu/arm/5.4.1/bin/../lib/gcc/arm-none-eabi/5.4.1/../../../../arm-none-eabi/lib/armv7-m\libg_nano.a(lib_a-impure.o)
                0x00001590                . = ALIGN (0x4)
 *fill*         0x0000158e        0x2 
 *(.init)
 .init          0x00001590        0x4 f:/marcus/software/psoc creator/4.2/psoc creator/import/gnu/arm/5.4.1/bin/../lib/gcc/arm-none-eabi/5.4.1/armv7-m/crti.o
                0x00001590                _init
 .init          0x00001594        0x8 f:/marcus/software/psoc creator/4.2/psoc creator/import/gnu/arm/5.4.1/bin/../lib/gcc/arm-none-eabi/5.4.1/armv7-m/crtn.o
                0x0000159c                . = ALIGN (0x4)
                0x0000159c                __preinit_array_start = .
 *(.preinit_array)
                0x0000159c                __preinit_array_end = .
                0x0000159c                . = ALIGN (0x4)
                0x0000159c                __init_array_start = .
 *(SORT(.init_array.*))
 *(.init_array)
 .init_array    0x0000159c        0x4 f:/marcus/software/psoc creator/4.2/psoc creator/import/gnu/arm/5.4.1/bin/../lib/gcc/arm-none-eabi/5.4.1/armv7-m/crtbegin.o
 .init_array    0x000015a0        0x4 .\CortexM3\ARM_GCC_541\Debug\Cm3Start.o
                0x000015a4                __init_array_end = .
                0x000015a4                . = ALIGN (0x4)
 *(.fini)
 .fini          0x000015a4        0x4 f:/marcus/software/psoc creator/4.2/psoc creator/import/gnu/arm/5.4.1/bin/../lib/gcc/arm-none-eabi/5.4.1/armv7-m/crti.o
                0x000015a4                _fini
 .fini          0x000015a8        0x8 f:/marcus/software/psoc creator/4.2/psoc creator/import/gnu/arm/5.4.1/bin/../lib/gcc/arm-none-eabi/5.4.1/armv7-m/crtn.o
                0x000015b0                . = ALIGN (0x4)
                0x000015b0                __fini_array_start = .
 *(.fini_array)
 .fini_array    0x000015b0        0x4 f:/marcus/software/psoc creator/4.2/psoc creator/import/gnu/arm/5.4.1/bin/../lib/gcc/arm-none-eabi/5.4.1/armv7-m/crtbegin.o
 *(SORT(.fini_array.*))
                0x000015b4                __fini_array_end = .
                0x000015b4                . = ALIGN (0x4)
 *crtbegin.o(.ctors)
 *(EXCLUDE_FILE(*crtend.o) .ctors)
 *(SORT(.ctors.*))
 *crtend.o(.ctors)
                0x000015b4                . = ALIGN (0x4)
 *crtbegin.o(.dtors)
 *(EXCLUDE_FILE(*crtend.o) .dtors)
 *(SORT(.dtors.*))
 *crtend.o(.dtors)
                0x000015b4                . = ALIGN (0x4)
                0x000015b4                __cy_regions = .
                0x000015b4        0x4 LONG 0x15c8 __cy_region_init_ram
                0x000015b8        0x4 LONG 0x1fff80c8 __cy_region_start_data
                0x000015bc        0x4 LONG 0x78 __cy_region_init_size_ram
                0x000015c0        0x4 LONG 0x240 __cy_region_zero_size_ram
                0x000015c4                __cy_regions_end = .
                0x000015c8                . = ALIGN (0x8)
 *fill*         0x000015c4        0x4 
                0x000015c8                _etext = .

.cy_checksum_exclude
                0x000015c8        0x0
 *(.cy_checksum_exclude)

.ramvectors     0x1fff8000       0xc0
                0x1fff8000                __cy_region_start_ram = .
 *(.ramvectors)
 .ramvectors    0x1fff8000       0xc0 .\CortexM3\ARM_GCC_541\Debug\Cm3Start.o
                0x1fff8000                CyRamVectors

.noinit         0x1fff80c0        0x1
 *(.noinit)
 .noinit        0x1fff80c0        0x1 .\CortexM3\ARM_GCC_541\Debug\ShiftRegPWM.a(CyLib.o)
                0x1fff80c0                CyResetStatus

.data           0x1fff80c8       0x78 load address 0x000015c8
                0x1fff80c8                __cy_region_start_data = .
 *(.jcr)
 .jcr           0x1fff80c8        0x0 f:/marcus/software/psoc creator/4.2/psoc creator/import/gnu/arm/5.4.1/bin/../lib/gcc/arm-none-eabi/5.4.1/armv7-m/crtbegin.o
 .jcr           0x1fff80c8        0x4 f:/marcus/software/psoc creator/4.2/psoc creator/import/gnu/arm/5.4.1/bin/../lib/gcc/arm-none-eabi/5.4.1/armv7-m/crtend.o
 *(.got.plt)
 *(.got)
 *(.shdata)
 *(.data .data.* .gnu.linkonce.d.*)
 .data          0x1fff80cc       0x10 .\CortexM3\ARM_GCC_541\Debug\ShiftRegPWM.a(CyLib.o)
                0x1fff80cc                cydelay_32k_ms
                0x1fff80d0                cydelay_freq_khz
                0x1fff80d4                cydelay_freq_mhz
                0x1fff80d8                cydelay_freq_hz
 .data.impure_data
                0x1fff80dc       0x60 f:/marcus/software/psoc creator/4.2/psoc creator/import/gnu/arm/5.4.1/bin/../lib/gcc/arm-none-eabi/5.4.1/../../../../arm-none-eabi/lib/armv7-m\libg_nano.a(lib_a-impure.o)
 .data._impure_ptr
                0x1fff813c        0x4 f:/marcus/software/psoc creator/4.2/psoc creator/import/gnu/arm/5.4.1/bin/../lib/gcc/arm-none-eabi/5.4.1/../../../../arm-none-eabi/lib/armv7-m\libg_nano.a(lib_a-impure.o)
                0x1fff813c                _impure_ptr
                0x1fff8140                . = ALIGN (0x8)
 *(.ram)
                0x1fff8140                _edata = .

.igot.plt       0x1fff8140        0x0 load address 0x00001640
 .igot.plt      0x1fff8140        0x0 f:/marcus/software/psoc creator/4.2/psoc creator/import/gnu/arm/5.4.1/bin/../lib/gcc/arm-none-eabi/5.4.1/armv7-m/crtbegin.o

.bss            0x1fff8140      0x240 load address 0x00001640
                0x1fff8140                PROVIDE (__bss_start__, .)
 *(.shbss)
 *(.bss .bss.* .gnu.linkonce.b.*)
 .bss           0x1fff8140       0x1c f:/marcus/software/psoc creator/4.2/psoc creator/import/gnu/arm/5.4.1/bin/../lib/gcc/arm-none-eabi/5.4.1/armv7-m/crtbegin.o
 .bss           0x1fff815c        0x4 .\CortexM3\ARM_GCC_541\Debug\main.o
                0x1fff815c                flag
                0x1fff815d                globalRed
                0x1fff815e                globalGreen
                0x1fff815f                globalBlue
 .bss           0x1fff8160      0x1ff .\CortexM3\ARM_GCC_541\Debug\ShiftRegPWM.o
                0x1fff8160                shiftRegData
                0x1fff835e                time
 .bss           0x1fff835f        0x2 .\CortexM3\ARM_GCC_541\Debug\ShiftRegPWM.a(UART_1.o)
                0x1fff835f                UART_1_initVar
 .bss           0x1fff8361        0x1 .\CortexM3\ARM_GCC_541\Debug\ShiftRegPWM.a(SPIM_led_control.o)
                0x1fff8361                SPIM_led_control_initVar
 .bss           0x1fff8362        0x1 .\CortexM3\ARM_GCC_541\Debug\ShiftRegPWM.a(Timer_led_updater.o)
                0x1fff8362                Timer_led_updater_initVar
 *(COMMON)
 *fill*         0x1fff8363        0x1 
 COMMON         0x1fff8364       0x16 .\CortexM3\ARM_GCC_541\Debug\ShiftRegPWM.a(SPIM_led_control.o)
                0x1fff8364                SPIM_led_control_txBufferRead
                0x1fff8365                SPIM_led_control_txBufferFull
                0x1fff8366                SPIM_led_control_swStatusRx
                0x1fff8368                SPIM_led_control_txBuffer
                0x1fff8378                SPIM_led_control_swStatusTx
                0x1fff8379                SPIM_led_control_txBufferWrite
                0x1fff8380                . = ALIGN (0x8)
 *fill*         0x1fff837a        0x6 
 *(.ram.b)
                0x1fff8380                _end = .
                0x1fff8380                __end = .
                0x1fff8380                PROVIDE (end, .)
                0x1fff8380                PROVIDE (__bss_end__, .)
                0x000015c8                __cy_region_init_ram = LOADADDR (.data)
                0x00000078                __cy_region_init_size_ram = (_edata - ADDR (.data))
                0x00000240                __cy_region_zero_size_ram = (_end - _edata)

.heap           0x1fff8380       0x80 load address 0x00001640
                0x1fff8380                . = _end
                0x1fff8400                . = (. + 0x80)
 *fill*         0x1fff8380       0x80 
                0x1fff8400                __cy_heap_limit = .

.stack          0x20007800      0x800
                0x20007800                __cy_stack_limit = .
                0x20008000                . = (. + 0x800)
 *fill*         0x20007800      0x800 
                0x00000001                ASSERT ((__cy_stack_limit >= __cy_heap_limit), region RAM overflowed with stack)
                0x00000000                cy_checksum_exclude_size = (CY_APPL_LOADABLE == 0x1)?SIZEOF (.cy_checksum_exclude):0x0
                0x00000001                ASSERT ((cy_checksum_exclude_size <= CY_CHECKSUM_EXCLUDE_SIZE), CY_BOOT: Section .cy_checksum_exclude size exceedes specified limit.)

.cyloadermeta
 *(.cyloadermeta)

.cyloadablemeta
 *(.cyloadablemeta)

.cyconfigecc    0x80000000      0x5a4
 *(.cyconfigecc)
 .cyconfigecc   0x80000000      0x5a4 .\CortexM3\ARM_GCC_541\Debug\cymetadata.o
                0x80000000                cy_meta_configecc

.cycustnvl      0x90000000        0x4
 *(.cycustnvl)
 .cycustnvl     0x90000000        0x4 .\CortexM3\ARM_GCC_541\Debug\cymetadata.o
                0x90000000                cy_meta_custnvl

.cywolatch      0x90100000        0x4
 *(.cywolatch)
 .cywolatch     0x90100000        0x4 .\CortexM3\ARM_GCC_541\Debug\cymetadata.o
                0x90100000                cy_meta_wonvl

.cyeeprom       0x90200000        0x0
 *(.cyeeprom)
                0x00000001                ASSERT ((. <= ((0x90200000 + ee_offset) + ee_size)), .cyeeprom data will not fit in EEPROM)

.cyflashprotect
                0x90400000      0x100
 *(.cyflashprotect)
 .cyflashprotect
                0x90400000      0x100 .\CortexM3\ARM_GCC_541\Debug\cymetadata.o
                0x90400000                cy_meta_flashprotect

.cymeta         0x90500000        0xc
 *(.cymeta)
 .cymeta        0x90500000        0xc .\CortexM3\ARM_GCC_541\Debug\cymetadata.o
                0x90500000                cy_metadata

.rel.dyn        0x00001640        0x0 load address 0x9050000c
 .rel.iplt      0x00001640        0x0 f:/marcus/software/psoc creator/4.2/psoc creator/import/gnu/arm/5.4.1/bin/../lib/gcc/arm-none-eabi/5.4.1/armv7-m/crtbegin.o

.stab
 *(.stab)

.stabstr
 *(.stabstr)

.debug
 *(.debug)

.line
 *(.line)

.debug_srcinfo
 *(.debug_srcinfo)

.debug_sfnames
 *(.debug_sfnames)

.debug_aranges  0x00000000      0xa10
 *(.debug_aranges)
 .debug_aranges
                0x00000000       0x30 .\CortexM3\ARM_GCC_541\Debug\main.o
 .debug_aranges
                0x00000030       0x40 .\CortexM3\ARM_GCC_541\Debug\ShiftRegPWM.o
 .debug_aranges
                0x00000070       0x30 .\CortexM3\ARM_GCC_541\Debug\CupLight_IF.o
 .debug_aranges
                0x000000a0       0x58 .\CortexM3\ARM_GCC_541\Debug\cyfitter_cfg.o
 .debug_aranges
                0x000000f8       0x18 .\CortexM3\ARM_GCC_541\Debug\cymetadata.o
 .debug_aranges
                0x00000110       0x48 .\CortexM3\ARM_GCC_541\Debug\Cm3Start.o
 .debug_aranges
                0x00000158       0xf0 .\CortexM3\ARM_GCC_541\Debug\ShiftRegPWM.a(UART_1.o)
 .debug_aranges
                0x00000248       0x80 .\CortexM3\ARM_GCC_541\Debug\ShiftRegPWM.a(isr_uart_rx.o)
 .debug_aranges
                0x000002c8       0x70 .\CortexM3\ARM_GCC_541\Debug\ShiftRegPWM.a(UART_1_IntClock.o)
 .debug_aranges
                0x00000338      0x2a0 .\CortexM3\ARM_GCC_541\Debug\ShiftRegPWM.a(CyLib.o)
 .debug_aranges
                0x000005d8       0x98 .\CortexM3\ARM_GCC_541\Debug\ShiftRegPWM.a(cyPm.o)
 .debug_aranges
                0x00000670       0xd8 .\CortexM3\ARM_GCC_541\Debug\ShiftRegPWM.a(SPIM_led_control.o)
 .debug_aranges
                0x00000748       0x28 .\CortexM3\ARM_GCC_541\Debug\ShiftRegPWM.a(SPIM_led_control_INT.o)
 .debug_aranges
                0x00000770       0x38 .\CortexM3\ARM_GCC_541\Debug\ShiftRegPWM.a(Pin_latch.o)
 .debug_aranges
                0x000007a8       0x88 .\CortexM3\ARM_GCC_541\Debug\ShiftRegPWM.a(Timer_led_updater.o)
 .debug_aranges
                0x00000830       0x80 .\CortexM3\ARM_GCC_541\Debug\ShiftRegPWM.a(isr_update_leds.o)
 .debug_aranges
                0x000008b0       0x38 .\CortexM3\ARM_GCC_541\Debug\ShiftRegPWM.a(Pin_update_time.o)
 .debug_aranges
                0x000008e8       0x20 .\CortexM3\ARM_GCC_541\Debug\ShiftRegPWM.a(CyBootAsmGnu.o)
 .debug_aranges
                0x00000908       0x88 .\CortexM3\ARM_GCC_541\Debug\ShiftRegPWM.a(CyFlash.o)
 .debug_aranges
                0x00000990       0x80 .\CortexM3\ARM_GCC_541\Debug\ShiftRegPWM.a(CySpc.o)

.debug_pubnames
 *(.debug_pubnames)

.debug_info     0x00000000     0x57a3
 *(.debug_info .gnu.linkonce.wi.*)
 .debug_info    0x00000000      0x323 .\CortexM3\ARM_GCC_541\Debug\main.o
 .debug_info    0x00000323      0x2b2 .\CortexM3\ARM_GCC_541\Debug\ShiftRegPWM.o
 .debug_info    0x000005d5      0x2fb .\CortexM3\ARM_GCC_541\Debug\CupLight_IF.o
 .debug_info    0x000008d0      0x5cd .\CortexM3\ARM_GCC_541\Debug\cyfitter_cfg.o
 .debug_info    0x00000e9d      0x136 .\CortexM3\ARM_GCC_541\Debug\cymetadata.o
 .debug_info    0x00000fd3      0x3bb .\CortexM3\ARM_GCC_541\Debug\Cm3Start.o
 .debug_info    0x0000138e      0x60c .\CortexM3\ARM_GCC_541\Debug\ShiftRegPWM.a(UART_1.o)
 .debug_info    0x0000199a      0x2d2 .\CortexM3\ARM_GCC_541\Debug\ShiftRegPWM.a(isr_uart_rx.o)
 .debug_info    0x00001c6c      0x283 .\CortexM3\ARM_GCC_541\Debug\ShiftRegPWM.a(UART_1_IntClock.o)
 .debug_info    0x00001eef     0x1374 .\CortexM3\ARM_GCC_541\Debug\ShiftRegPWM.a(CyLib.o)
 .debug_info    0x00003263      0xa2a .\CortexM3\ARM_GCC_541\Debug\ShiftRegPWM.a(cyPm.o)
 .debug_info    0x00003c8d      0x5f6 .\CortexM3\ARM_GCC_541\Debug\ShiftRegPWM.a(SPIM_led_control.o)
 .debug_info    0x00004283      0x12e .\CortexM3\ARM_GCC_541\Debug\ShiftRegPWM.a(SPIM_led_control_INT.o)
 .debug_info    0x000043b1      0x11f .\CortexM3\ARM_GCC_541\Debug\ShiftRegPWM.a(Pin_latch.o)
 .debug_info    0x000044d0      0x295 .\CortexM3\ARM_GCC_541\Debug\ShiftRegPWM.a(Timer_led_updater.o)
 .debug_info    0x00004765      0x2d2 .\CortexM3\ARM_GCC_541\Debug\ShiftRegPWM.a(isr_update_leds.o)
 .debug_info    0x00004a37      0x11f .\CortexM3\ARM_GCC_541\Debug\ShiftRegPWM.a(Pin_update_time.o)
 .debug_info    0x00004b56       0xb0 .\CortexM3\ARM_GCC_541\Debug\ShiftRegPWM.a(CyBootAsmGnu.o)
 .debug_info    0x00004c06      0x64d .\CortexM3\ARM_GCC_541\Debug\ShiftRegPWM.a(CyFlash.o)
 .debug_info    0x00005253      0x550 .\CortexM3\ARM_GCC_541\Debug\ShiftRegPWM.a(CySpc.o)

.debug_abbrev   0x00000000     0x1928
 *(.debug_abbrev)
 .debug_abbrev  0x00000000      0x12f .\CortexM3\ARM_GCC_541\Debug\main.o
 .debug_abbrev  0x0000012f      0x14e .\CortexM3\ARM_GCC_541\Debug\ShiftRegPWM.o
 .debug_abbrev  0x0000027d      0x110 .\CortexM3\ARM_GCC_541\Debug\CupLight_IF.o
 .debug_abbrev  0x0000038d      0x20d .\CortexM3\ARM_GCC_541\Debug\cyfitter_cfg.o
 .debug_abbrev  0x0000059a       0x77 .\CortexM3\ARM_GCC_541\Debug\cymetadata.o
 .debug_abbrev  0x00000611      0x1e8 .\CortexM3\ARM_GCC_541\Debug\Cm3Start.o
 .debug_abbrev  0x000007f9      0x175 .\CortexM3\ARM_GCC_541\Debug\ShiftRegPWM.a(UART_1.o)
 .debug_abbrev  0x0000096e      0x173 .\CortexM3\ARM_GCC_541\Debug\ShiftRegPWM.a(isr_uart_rx.o)
 .debug_abbrev  0x00000ae1      0x139 .\CortexM3\ARM_GCC_541\Debug\ShiftRegPWM.a(UART_1_IntClock.o)
 .debug_abbrev  0x00000c1a      0x254 .\CortexM3\ARM_GCC_541\Debug\ShiftRegPWM.a(CyLib.o)
 .debug_abbrev  0x00000e6e      0x1ab .\CortexM3\ARM_GCC_541\Debug\ShiftRegPWM.a(cyPm.o)
 .debug_abbrev  0x00001019      0x171 .\CortexM3\ARM_GCC_541\Debug\ShiftRegPWM.a(SPIM_led_control.o)
 .debug_abbrev  0x0000118a       0xa2 .\CortexM3\ARM_GCC_541\Debug\ShiftRegPWM.a(SPIM_led_control_INT.o)
 .debug_abbrev  0x0000122c       0x90 .\CortexM3\ARM_GCC_541\Debug\ShiftRegPWM.a(Pin_latch.o)
 .debug_abbrev  0x000012bc      0x11a .\CortexM3\ARM_GCC_541\Debug\ShiftRegPWM.a(Timer_led_updater.o)
 .debug_abbrev  0x000013d6      0x173 .\CortexM3\ARM_GCC_541\Debug\ShiftRegPWM.a(isr_update_leds.o)
 .debug_abbrev  0x00001549       0x90 .\CortexM3\ARM_GCC_541\Debug\ShiftRegPWM.a(Pin_update_time.o)
 .debug_abbrev  0x000015d9       0x14 .\CortexM3\ARM_GCC_541\Debug\ShiftRegPWM.a(CyBootAsmGnu.o)
 .debug_abbrev  0x000015ed      0x1a7 .\CortexM3\ARM_GCC_541\Debug\ShiftRegPWM.a(CyFlash.o)
 .debug_abbrev  0x00001794      0x194 .\CortexM3\ARM_GCC_541\Debug\ShiftRegPWM.a(CySpc.o)

.debug_line     0x00000000     0x2798
 *(.debug_line)
 .debug_line    0x00000000      0x1c7 .\CortexM3\ARM_GCC_541\Debug\main.o
 .debug_line    0x000001c7      0x21d .\CortexM3\ARM_GCC_541\Debug\ShiftRegPWM.o
 .debug_line    0x000003e4      0x1cd .\CortexM3\ARM_GCC_541\Debug\CupLight_IF.o
 .debug_line    0x000005b1      0x1e9 .\CortexM3\ARM_GCC_541\Debug\cyfitter_cfg.o
 .debug_line    0x0000079a      0x129 .\CortexM3\ARM_GCC_541\Debug\cymetadata.o
 .debug_line    0x000008c3      0x21c .\CortexM3\ARM_GCC_541\Debug\Cm3Start.o
 .debug_line    0x00000adf      0x2c0 .\CortexM3\ARM_GCC_541\Debug\ShiftRegPWM.a(UART_1.o)
 .debug_line    0x00000d9f      0x138 .\CortexM3\ARM_GCC_541\Debug\ShiftRegPWM.a(isr_uart_rx.o)
 .debug_line    0x00000ed7      0x17e .\CortexM3\ARM_GCC_541\Debug\ShiftRegPWM.a(UART_1_IntClock.o)
 .debug_line    0x00001055      0x816 .\CortexM3\ARM_GCC_541\Debug\ShiftRegPWM.a(CyLib.o)
 .debug_line    0x0000186b      0x367 .\CortexM3\ARM_GCC_541\Debug\ShiftRegPWM.a(cyPm.o)
 .debug_line    0x00001bd2      0x272 .\CortexM3\ARM_GCC_541\Debug\ShiftRegPWM.a(SPIM_led_control.o)
 .debug_line    0x00001e44       0xa7 .\CortexM3\ARM_GCC_541\Debug\ShiftRegPWM.a(SPIM_led_control_INT.o)
 .debug_line    0x00001eeb       0x96 .\CortexM3\ARM_GCC_541\Debug\ShiftRegPWM.a(Pin_latch.o)
 .debug_line    0x00001f81      0x15f .\CortexM3\ARM_GCC_541\Debug\ShiftRegPWM.a(Timer_led_updater.o)
 .debug_line    0x000020e0      0x13c .\CortexM3\ARM_GCC_541\Debug\ShiftRegPWM.a(isr_update_leds.o)
 .debug_line    0x0000221c       0x9c .\CortexM3\ARM_GCC_541\Debug\ShiftRegPWM.a(Pin_update_time.o)
 .debug_line    0x000022b8       0x66 .\CortexM3\ARM_GCC_541\Debug\ShiftRegPWM.a(CyBootAsmGnu.o)
 .debug_line    0x0000231e      0x21a .\CortexM3\ARM_GCC_541\Debug\ShiftRegPWM.a(CyFlash.o)
 .debug_line    0x00002538      0x260 .\CortexM3\ARM_GCC_541\Debug\ShiftRegPWM.a(CySpc.o)

.debug_frame    0x00000000     0x196c
 *(.debug_frame)
 .debug_frame   0x00000000       0x6c .\CortexM3\ARM_GCC_541\Debug\main.o
 .debug_frame   0x0000006c       0xa8 .\CortexM3\ARM_GCC_541\Debug\ShiftRegPWM.o
 .debug_frame   0x00000114       0x7c .\CortexM3\ARM_GCC_541\Debug\CupLight_IF.o
 .debug_frame   0x00000190       0xe4 .\CortexM3\ARM_GCC_541\Debug\cyfitter_cfg.o
 .debug_frame   0x00000274       0xb8 .\CortexM3\ARM_GCC_541\Debug\Cm3Start.o
 .debug_frame   0x0000032c      0x250 .\CortexM3\ARM_GCC_541\Debug\ShiftRegPWM.a(UART_1.o)
 .debug_frame   0x0000057c      0x104 .\CortexM3\ARM_GCC_541\Debug\ShiftRegPWM.a(isr_uart_rx.o)
 .debug_frame   0x00000680       0xe0 .\CortexM3\ARM_GCC_541\Debug\ShiftRegPWM.a(UART_1_IntClock.o)
 .debug_frame   0x00000760      0x738 .\CortexM3\ARM_GCC_541\Debug\ShiftRegPWM.a(CyLib.o)
 .debug_frame   0x00000e98      0x1f8 .\CortexM3\ARM_GCC_541\Debug\ShiftRegPWM.a(cyPm.o)
 .debug_frame   0x00001090      0x230 .\CortexM3\ARM_GCC_541\Debug\ShiftRegPWM.a(SPIM_led_control.o)
 .debug_frame   0x000012c0       0x30 .\CortexM3\ARM_GCC_541\Debug\ShiftRegPWM.a(SPIM_led_control_INT.o)
 .debug_frame   0x000012f0       0x50 .\CortexM3\ARM_GCC_541\Debug\ShiftRegPWM.a(Pin_latch.o)
 .debug_frame   0x00001340      0x108 .\CortexM3\ARM_GCC_541\Debug\ShiftRegPWM.a(Timer_led_updater.o)
 .debug_frame   0x00001448      0x104 .\CortexM3\ARM_GCC_541\Debug\ShiftRegPWM.a(isr_update_leds.o)
 .debug_frame   0x0000154c       0x50 .\CortexM3\ARM_GCC_541\Debug\ShiftRegPWM.a(Pin_update_time.o)
 .debug_frame   0x0000159c      0x194 .\CortexM3\ARM_GCC_541\Debug\ShiftRegPWM.a(CyFlash.o)
 .debug_frame   0x00001730      0x180 .\CortexM3\ARM_GCC_541\Debug\ShiftRegPWM.a(CySpc.o)
 .debug_frame   0x000018b0       0x20 f:/marcus/software/psoc creator/4.2/psoc creator/import/gnu/arm/5.4.1/bin/../lib/gcc/arm-none-eabi/5.4.1/../../../../arm-none-eabi/lib/armv7-m\libg_nano.a(lib_a-errno.o)
 .debug_frame   0x000018d0       0x28 f:/marcus/software/psoc creator/4.2/psoc creator/import/gnu/arm/5.4.1/bin/../lib/gcc/arm-none-eabi/5.4.1/../../../../arm-none-eabi/lib/armv7-m\libg_nano.a(lib_a-exit.o)
 .debug_frame   0x000018f8       0x2c f:/marcus/software/psoc creator/4.2/psoc creator/import/gnu/arm/5.4.1/bin/../lib/gcc/arm-none-eabi/5.4.1/../../../../arm-none-eabi/lib/armv7-m\libg_nano.a(lib_a-init.o)
 .debug_frame   0x00001924       0x28 f:/marcus/software/psoc creator/4.2/psoc creator/import/gnu/arm/5.4.1/bin/../lib/gcc/arm-none-eabi/5.4.1/../../../../arm-none-eabi/lib/armv7-m\libg_nano.a(lib_a-memcpy-stub.o)
 .debug_frame   0x0000194c       0x20 f:/marcus/software/psoc creator/4.2/psoc creator/import/gnu/arm/5.4.1/bin/../lib/gcc/arm-none-eabi/5.4.1/../../../../arm-none-eabi/lib/armv7-m\libg_nano.a(lib_a-memset.o)

.debug_str      0x00000000     0x22eb
 *(.debug_str)
 .debug_str     0x00000000      0x292 .\CortexM3\ARM_GCC_541\Debug\main.o
                                0x2ed (size before relaxing)
 .debug_str     0x00000292      0x115 .\CortexM3\ARM_GCC_541\Debug\ShiftRegPWM.o
                                0x2f1 (size before relaxing)
 .debug_str     0x000003a7       0x69 .\CortexM3\ARM_GCC_541\Debug\CupLight_IF.o
                                0x27f (size before relaxing)
 .debug_str     0x00000410      0x1b6 .\CortexM3\ARM_GCC_541\Debug\cyfitter_cfg.o
                                0x364 (size before relaxing)
 .debug_str     0x000005c6       0x75 .\CortexM3\ARM_GCC_541\Debug\cymetadata.o
                                0x204 (size before relaxing)
 .debug_str     0x0000063b      0x144 .\CortexM3\ARM_GCC_541\Debug\Cm3Start.o
                                0x32a (size before relaxing)
 .debug_str     0x0000077f      0x2b8 .\CortexM3\ARM_GCC_541\Debug\ShiftRegPWM.a(UART_1.o)
                                0x4d3 (size before relaxing)
 .debug_str     0x00000a37      0x13e .\CortexM3\ARM_GCC_541\Debug\ShiftRegPWM.a(isr_uart_rx.o)
                                0x31a (size before relaxing)
 .debug_str     0x00000b75      0x19d .\CortexM3\ARM_GCC_541\Debug\ShiftRegPWM.a(UART_1_IntClock.o)
                                0x36e (size before relaxing)
 .debug_str     0x00000d12      0x801 .\CortexM3\ARM_GCC_541\Debug\ShiftRegPWM.a(CyLib.o)
                                0xa67 (size before relaxing)
 .debug_str     0x00001513      0x365 .\CortexM3\ARM_GCC_541\Debug\ShiftRegPWM.a(cyPm.o)
                                0x753 (size before relaxing)
 .debug_str     0x00001878      0x39d .\CortexM3\ARM_GCC_541\Debug\ShiftRegPWM.a(SPIM_led_control.o)
                                0x612 (size before relaxing)
 .debug_str     0x00001c15       0x5e .\CortexM3\ARM_GCC_541\Debug\ShiftRegPWM.a(SPIM_led_control_INT.o)
                                0x29f (size before relaxing)
 .debug_str     0x00001c73       0x6a .\CortexM3\ARM_GCC_541\Debug\ShiftRegPWM.a(Pin_latch.o)
                                0x216 (size before relaxing)
 .debug_str     0x00001cdd      0x1dd .\CortexM3\ARM_GCC_541\Debug\ShiftRegPWM.a(Timer_led_updater.o)
                                0x3d5 (size before relaxing)
 .debug_str     0x00001eba      0x15a .\CortexM3\ARM_GCC_541\Debug\ShiftRegPWM.a(isr_update_leds.o)
                                0x352 (size before relaxing)
 .debug_str     0x00002014       0x77 .\CortexM3\ARM_GCC_541\Debug\ShiftRegPWM.a(Pin_update_time.o)
                                0x234 (size before relaxing)
 .debug_str     0x0000208b      0x1b4 .\CortexM3\ARM_GCC_541\Debug\ShiftRegPWM.a(CyFlash.o)
                                0x3e0 (size before relaxing)
 .debug_str     0x0000223f       0xac .\CortexM3\ARM_GCC_541\Debug\ShiftRegPWM.a(CySpc.o)
                                0x358 (size before relaxing)

.debug_loc      0x00000000     0x2277
 *(.debug_loc)
 .debug_loc     0x00000000       0x52 .\CortexM3\ARM_GCC_541\Debug\main.o
 .debug_loc     0x00000052       0x8b .\CortexM3\ARM_GCC_541\Debug\ShiftRegPWM.o
 .debug_loc     0x000000dd       0x9e .\CortexM3\ARM_GCC_541\Debug\CupLight_IF.o
 .debug_loc     0x0000017b      0x289 .\CortexM3\ARM_GCC_541\Debug\cyfitter_cfg.o
 .debug_loc     0x00000404      0x144 .\CortexM3\ARM_GCC_541\Debug\Cm3Start.o
 .debug_loc     0x00000548      0x258 .\CortexM3\ARM_GCC_541\Debug\ShiftRegPWM.a(UART_1.o)
 .debug_loc     0x000007a0       0x56 .\CortexM3\ARM_GCC_541\Debug\ShiftRegPWM.a(isr_uart_rx.o)
 .debug_loc     0x000007f6      0x128 .\CortexM3\ARM_GCC_541\Debug\ShiftRegPWM.a(UART_1_IntClock.o)
 .debug_loc     0x0000091e      0xa11 .\CortexM3\ARM_GCC_541\Debug\ShiftRegPWM.a(CyLib.o)
 .debug_loc     0x0000132f      0x1e4 .\CortexM3\ARM_GCC_541\Debug\ShiftRegPWM.a(cyPm.o)
 .debug_loc     0x00001513      0x1a8 .\CortexM3\ARM_GCC_541\Debug\ShiftRegPWM.a(SPIM_led_control.o)
 .debug_loc     0x000016bb       0x2b .\CortexM3\ARM_GCC_541\Debug\ShiftRegPWM.a(SPIM_led_control_INT.o)
 .debug_loc     0x000016e6       0x42 .\CortexM3\ARM_GCC_541\Debug\ShiftRegPWM.a(Pin_latch.o)
 .debug_loc     0x00001728       0x56 .\CortexM3\ARM_GCC_541\Debug\ShiftRegPWM.a(isr_update_leds.o)
 .debug_loc     0x0000177e       0x42 .\CortexM3\ARM_GCC_541\Debug\ShiftRegPWM.a(Pin_update_time.o)
 .debug_loc     0x000017c0      0x3b2 .\CortexM3\ARM_GCC_541\Debug\ShiftRegPWM.a(CyFlash.o)
 .debug_loc     0x00001b72      0x705 .\CortexM3\ARM_GCC_541\Debug\ShiftRegPWM.a(CySpc.o)

.debug_macinfo
 *(.debug_macinfo)

.debug_ranges   0x00000000      0x8b8
 *(.debug_ranges)
 .debug_ranges  0x00000000       0x20 .\CortexM3\ARM_GCC_541\Debug\main.o
 .debug_ranges  0x00000020       0x30 .\CortexM3\ARM_GCC_541\Debug\ShiftRegPWM.o
 .debug_ranges  0x00000050       0x20 .\CortexM3\ARM_GCC_541\Debug\CupLight_IF.o
 .debug_ranges  0x00000070       0x48 .\CortexM3\ARM_GCC_541\Debug\cyfitter_cfg.o
 .debug_ranges  0x000000b8       0x38 .\CortexM3\ARM_GCC_541\Debug\Cm3Start.o
 .debug_ranges  0x000000f0       0xe0 .\CortexM3\ARM_GCC_541\Debug\ShiftRegPWM.a(UART_1.o)
 .debug_ranges  0x000001d0       0x70 .\CortexM3\ARM_GCC_541\Debug\ShiftRegPWM.a(isr_uart_rx.o)
 .debug_ranges  0x00000240       0x60 .\CortexM3\ARM_GCC_541\Debug\ShiftRegPWM.a(UART_1_IntClock.o)
 .debug_ranges  0x000002a0      0x290 .\CortexM3\ARM_GCC_541\Debug\ShiftRegPWM.a(CyLib.o)
 .debug_ranges  0x00000530       0x88 .\CortexM3\ARM_GCC_541\Debug\ShiftRegPWM.a(cyPm.o)
 .debug_ranges  0x000005b8       0xc8 .\CortexM3\ARM_GCC_541\Debug\ShiftRegPWM.a(SPIM_led_control.o)
 .debug_ranges  0x00000680       0x18 .\CortexM3\ARM_GCC_541\Debug\ShiftRegPWM.a(SPIM_led_control_INT.o)
 .debug_ranges  0x00000698       0x28 .\CortexM3\ARM_GCC_541\Debug\ShiftRegPWM.a(Pin_latch.o)
 .debug_ranges  0x000006c0       0x78 .\CortexM3\ARM_GCC_541\Debug\ShiftRegPWM.a(Timer_led_updater.o)
 .debug_ranges  0x00000738       0x70 .\CortexM3\ARM_GCC_541\Debug\ShiftRegPWM.a(isr_update_leds.o)
 .debug_ranges  0x000007a8       0x28 .\CortexM3\ARM_GCC_541\Debug\ShiftRegPWM.a(Pin_update_time.o)
 .debug_ranges  0x000007d0       0x78 .\CortexM3\ARM_GCC_541\Debug\ShiftRegPWM.a(CyFlash.o)
 .debug_ranges  0x00000848       0x70 .\CortexM3\ARM_GCC_541\Debug\ShiftRegPWM.a(CySpc.o)

.comment        0x00000000       0x6e
 .comment       0x00000000       0x6e .\CortexM3\ARM_GCC_541\Debug\main.o
                                 0x6f (size before relaxing)
 .comment       0x0000006e       0x6f .\CortexM3\ARM_GCC_541\Debug\ShiftRegPWM.o
 .comment       0x0000006e       0x6f .\CortexM3\ARM_GCC_541\Debug\CupLight_IF.o
 .comment       0x0000006e       0x6f .\CortexM3\ARM_GCC_541\Debug\cyfitter_cfg.o
 .comment       0x0000006e       0x6f .\CortexM3\ARM_GCC_541\Debug\cymetadata.o
 .comment       0x0000006e       0x6f .\CortexM3\ARM_GCC_541\Debug\Cm3Start.o
 .comment       0x0000006e       0x6f .\CortexM3\ARM_GCC_541\Debug\ShiftRegPWM.a(UART_1.o)
 .comment       0x0000006e       0x6f .\CortexM3\ARM_GCC_541\Debug\ShiftRegPWM.a(isr_uart_rx.o)
 .comment       0x0000006e       0x6f .\CortexM3\ARM_GCC_541\Debug\ShiftRegPWM.a(UART_1_IntClock.o)
 .comment       0x0000006e       0x6f .\CortexM3\ARM_GCC_541\Debug\ShiftRegPWM.a(CyLib.o)
 .comment       0x0000006e       0x6f .\CortexM3\ARM_GCC_541\Debug\ShiftRegPWM.a(cyPm.o)
 .comment       0x0000006e       0x6f .\CortexM3\ARM_GCC_541\Debug\ShiftRegPWM.a(SPIM_led_control.o)
 .comment       0x0000006e       0x6f .\CortexM3\ARM_GCC_541\Debug\ShiftRegPWM.a(SPIM_led_control_INT.o)
 .comment       0x0000006e       0x6f .\CortexM3\ARM_GCC_541\Debug\ShiftRegPWM.a(Pin_latch.o)
 .comment       0x0000006e       0x6f .\CortexM3\ARM_GCC_541\Debug\ShiftRegPWM.a(Timer_led_updater.o)
 .comment       0x0000006e       0x6f .\CortexM3\ARM_GCC_541\Debug\ShiftRegPWM.a(isr_update_leds.o)
 .comment       0x0000006e       0x6f .\CortexM3\ARM_GCC_541\Debug\ShiftRegPWM.a(Pin_update_time.o)
 .comment       0x0000006e       0x6f .\CortexM3\ARM_GCC_541\Debug\ShiftRegPWM.a(CyFlash.o)
 .comment       0x0000006e       0x6f .\CortexM3\ARM_GCC_541\Debug\ShiftRegPWM.a(CySpc.o)

.debug_weaknames
 *(.debug_weaknames)

.debug_funcnames
 *(.debug_funcnames)

.debug_typenames
 *(.debug_typenames)

.debug_varnames
 *(.debug_varnames)

.note.gnu.arm.ident
 *(.note.gnu.arm.ident)

.ARM.attributes
                0x00000000       0x29
 *(.ARM.attributes)
 .ARM.attributes
                0x00000000       0x1d f:/marcus/software/psoc creator/4.2/psoc creator/import/gnu/arm/5.4.1/bin/../lib/gcc/arm-none-eabi/5.4.1/armv7-m/crti.o
 .ARM.attributes
                0x0000001d       0x2d f:/marcus/software/psoc creator/4.2/psoc creator/import/gnu/arm/5.4.1/bin/../lib/gcc/arm-none-eabi/5.4.1/armv7-m/crtbegin.o
 .ARM.attributes
                0x0000004a       0x1b f:/marcus/software/psoc creator/4.2/psoc creator/import/gnu/arm/5.4.1/bin/../lib/gcc/arm-none-eabi/5.4.1/../../../../arm-none-eabi/lib/armv7-m/crt0.o
 .ARM.attributes
                0x00000065       0x33 .\CortexM3\ARM_GCC_541\Debug\main.o
 .ARM.attributes
                0x00000098       0x33 .\CortexM3\ARM_GCC_541\Debug\ShiftRegPWM.o
 .ARM.attributes
                0x000000cb       0x33 .\CortexM3\ARM_GCC_541\Debug\CupLight_IF.o
 .ARM.attributes
                0x000000fe       0x33 .\CortexM3\ARM_GCC_541\Debug\cyfitter_cfg.o
 .ARM.attributes
                0x00000131       0x33 .\CortexM3\ARM_GCC_541\Debug\cymetadata.o
 .ARM.attributes
                0x00000164       0x33 .\CortexM3\ARM_GCC_541\Debug\Cm3Start.o
 .ARM.attributes
                0x00000197       0x33 .\CortexM3\ARM_GCC_541\Debug\ShiftRegPWM.a(UART_1.o)
 .ARM.attributes
                0x000001ca       0x33 .\CortexM3\ARM_GCC_541\Debug\ShiftRegPWM.a(isr_uart_rx.o)
 .ARM.attributes
                0x000001fd       0x33 .\CortexM3\ARM_GCC_541\Debug\ShiftRegPWM.a(UART_1_IntClock.o)
 .ARM.attributes
                0x00000230       0x33 .\CortexM3\ARM_GCC_541\Debug\ShiftRegPWM.a(CyLib.o)
 .ARM.attributes
                0x00000263       0x33 .\CortexM3\ARM_GCC_541\Debug\ShiftRegPWM.a(cyPm.o)
 .ARM.attributes
                0x00000296       0x33 .\CortexM3\ARM_GCC_541\Debug\ShiftRegPWM.a(SPIM_led_control.o)
 .ARM.attributes
                0x000002c9       0x33 .\CortexM3\ARM_GCC_541\Debug\ShiftRegPWM.a(SPIM_led_control_INT.o)
 .ARM.attributes
                0x000002fc       0x33 .\CortexM3\ARM_GCC_541\Debug\ShiftRegPWM.a(Pin_latch.o)
 .ARM.attributes
                0x0000032f       0x33 .\CortexM3\ARM_GCC_541\Debug\ShiftRegPWM.a(Timer_led_updater.o)
 .ARM.attributes
                0x00000362       0x33 .\CortexM3\ARM_GCC_541\Debug\ShiftRegPWM.a(isr_update_leds.o)
 .ARM.attributes
                0x00000395       0x33 .\CortexM3\ARM_GCC_541\Debug\ShiftRegPWM.a(Pin_update_time.o)
 .ARM.attributes
                0x000003c8       0x21 .\CortexM3\ARM_GCC_541\Debug\ShiftRegPWM.a(CyBootAsmGnu.o)
 .ARM.attributes
                0x000003e9       0x33 .\CortexM3\ARM_GCC_541\Debug\ShiftRegPWM.a(CyFlash.o)
 .ARM.attributes
                0x0000041c       0x33 .\CortexM3\ARM_GCC_541\Debug\ShiftRegPWM.a(CySpc.o)
 .ARM.attributes
                0x0000044f       0x1d f:/marcus/software/psoc creator/4.2/psoc creator/import/gnu/arm/5.4.1/bin/../lib/gcc/arm-none-eabi/5.4.1/armv7-m\libgcc.a(_arm_addsubdf3.o)
 .ARM.attributes
                0x0000046c       0x1d f:/marcus/software/psoc creator/4.2/psoc creator/import/gnu/arm/5.4.1/bin/../lib/gcc/arm-none-eabi/5.4.1/armv7-m\libgcc.a(_arm_muldivdf3.o)
 .ARM.attributes
                0x00000489       0x1d f:/marcus/software/psoc creator/4.2/psoc creator/import/gnu/arm/5.4.1/bin/../lib/gcc/arm-none-eabi/5.4.1/armv7-m\libgcc.a(_arm_fixunsdfsi.o)
 .ARM.attributes
                0x000004a6       0x2d f:/marcus/software/psoc creator/4.2/psoc creator/import/gnu/arm/5.4.1/bin/../lib/gcc/arm-none-eabi/5.4.1/../../../../arm-none-eabi/lib/armv7-m\libg_nano.a(lib_a-errno.o)
 .ARM.attributes
                0x000004d3       0x2d f:/marcus/software/psoc creator/4.2/psoc creator/import/gnu/arm/5.4.1/bin/../lib/gcc/arm-none-eabi/5.4.1/../../../../arm-none-eabi/lib/armv7-m\libg_nano.a(lib_a-exit.o)
 .ARM.attributes
                0x00000500       0x2d f:/marcus/software/psoc creator/4.2/psoc creator/import/gnu/arm/5.4.1/bin/../lib/gcc/arm-none-eabi/5.4.1/../../../../arm-none-eabi/lib/armv7-m\libg_nano.a(lib_a-impure.o)
 .ARM.attributes
                0x0000052d       0x2d f:/marcus/software/psoc creator/4.2/psoc creator/import/gnu/arm/5.4.1/bin/../lib/gcc/arm-none-eabi/5.4.1/../../../../arm-none-eabi/lib/armv7-m\libg_nano.a(lib_a-init.o)
 .ARM.attributes
                0x0000055a       0x2d f:/marcus/software/psoc creator/4.2/psoc creator/import/gnu/arm/5.4.1/bin/../lib/gcc/arm-none-eabi/5.4.1/../../../../arm-none-eabi/lib/armv7-m\libg_nano.a(lib_a-memcpy-stub.o)
 .ARM.attributes
                0x00000587       0x2d f:/marcus/software/psoc creator/4.2/psoc creator/import/gnu/arm/5.4.1/bin/../lib/gcc/arm-none-eabi/5.4.1/../../../../arm-none-eabi/lib/armv7-m\libg_nano.a(lib_a-memset.o)
 .ARM.attributes
                0x000005b4       0x2d f:/marcus/software/psoc creator/4.2/psoc creator/import/gnu/arm/5.4.1/bin/../lib/gcc/arm-none-eabi/5.4.1/armv7-m/crtend.o
 .ARM.attributes
                0x000005e1       0x1d f:/marcus/software/psoc creator/4.2/psoc creator/import/gnu/arm/5.4.1/bin/../lib/gcc/arm-none-eabi/5.4.1/armv7-m/crtn.o

/DISCARD/
 *(.note.GNU-stack)
OUTPUT(C:\Users\Marcus Gasberg\Documents\GitHub\player_side_app\CupLight_IF_w_ShiftPWM\ShiftRegPWM.cydsn\CortexM3\ARM_GCC_541\Debug\ShiftRegPWM.elf elf32-littlearm)
